<html>
<body>
<pre>
<h1>µVision Build Log</h1>
<h2>Tool Versions:</h2>
IDE-Version: µVision V5.31.0.0
Copyright (C) 2020 ARM Ltd and ARM Germany GmbH. All rights reserved.
License Information: Nguyen Huu Hao, HCMUTE, LIC=RC93N-Y3DEE-SB4EJ-UK2CG-77GGY-3HRVP
 
Tool Versions:
Toolchain:       MDK-ARM Plus  Version: 5.31.0.0
Toolchain Path:  C:\Keil_v5\ARM\ARMCC\Bin
C Compiler:      Armcc.exe V5.06 update 6 (build 750)
Assembler:       Armasm.exe V5.06 update 6 (build 750)
Linker/Locator:  ArmLink.exe V5.06 update 6 (build 750)
Library Manager: ArmAr.exe V5.06 update 6 (build 750)
Hex Converter:   FromElf.exe V5.06 update 6 (build 750)
CPU DLL:         SARMCM3.DLL V5.31.0.0
Dialog DLL:      DCM.DLL V1.17.3.0
Target DLL:      STLink\ST-LINKIII-KEIL_SWO.dll V3.0.7.0
Dialog DLL:      TCM.DLL V1.46.0.0
 
<h2>Project:</h2>
D:\STM32\NODE B - Copy\MDK-ARM\NODE B.uvprojx
Project File Date:  10/26/2025

<h2>Output:</h2>
*** Using Compiler 'V5.06 update 6 (build 750)', folder: 'C:\Keil_v5\ARM\ARMCC\Bin'
Build target 'NODE B'
compiling main.c...
../Core/Src/main.c(1143): warning:  #177-D: function "RTC_SetOnce_IfNeeded"  was declared but never referenced
  static void RTC_SetOnce_IfNeeded(void){
../Core/Src/main.c(717): warning:  #177-D: function "iso8601_from_epoch_utc"  was declared but never referenced
  static void iso8601_from_epoch_utc(uint32_t epoch, char *out, size_t n){
../Core/Src/main.c(861): warning:  #177-D: function "changed_for_meas"  was declared but never referenced
  static inline int changed_for_meas(void){
../Core/Src/main.c(601): warning:  #177-D: function "jitter_pm10pct_ms"  was declared but never referenced
  static int32_t jitter_pm10pct_ms(uint32_t base_ms){
../Core/Src/main.c(940): warning:  #177-D: function "diag_dump_raw"  was declared but never referenced
  static void diag_dump_raw(void){
../Core/Src/main.c: 5 warnings, 0 errors
linking...
Program Size: Code=51692 RO-data=980 RW-data=524 ZI-data=7444  
FromELF: creating hex file...
"NODE B\NODE B.axf" - 0 Error(s), 5 Warning(s).

<h2>Software Packages used:</h2>

Package Vendor: ARM
                http://www.keil.com/pack/ARM.CMSIS.5.7.0.pack
                ARM.CMSIS.5.7.0
                CMSIS (Cortex Microcontroller Software Interface Standard)
   * Component: CORE Version: 5.4.0

Package Vendor: Keil
                https://www.keil.com/pack/Keil.STM32F1xx_DFP.2.4.1.pack
                Keil.STM32F1xx_DFP.2.4.1
                STMicroelectronics STM32F1 Series Device Support, Drivers and Examples

<h2>Collection of Component include folders:</h2>
  .\RTE\_NODE_B
  D:\APP\Keil_v5\arm\pack\ARM\CMSIS\5.7.0\CMSIS\Core\Include
  D:\APP\Keil_v5\arm\pack\Keil\STM32F1xx_DFP\2.4.1\Device\Include

<h2>Collection of Component Files used:</h2>

   * Component: ARM::CMSIS:CORE:5.4.0
      Include file:  CMSIS\Core\Include\tz_context.h
Build Time Elapsed:  00:00:01
</pre>
</body>
</html>
