Component: ARM Compiler 5.06 update 6 (build 750) Tool: armlink [4d35ed]

==============================================================================

Section Cross References

    startup_stm32f103xb.o(STACK) refers (Special) to heapauxi.o(.text) for __use_two_region_memory
    startup_stm32f103xb.o(HEAP) refers (Special) to heapauxi.o(.text) for __use_two_region_memory
    startup_stm32f103xb.o(RESET) refers (Special) to heapauxi.o(.text) for __use_two_region_memory
    startup_stm32f103xb.o(RESET) refers to startup_stm32f103xb.o(STACK) for __initial_sp
    startup_stm32f103xb.o(RESET) refers to startup_stm32f103xb.o(.text) for Reset_Handler
    startup_stm32f103xb.o(RESET) refers to stm32f1xx_it.o(i.NMI_Handler) for NMI_Handler
    startup_stm32f103xb.o(RESET) refers to stm32f1xx_it.o(i.HardFault_Handler) for HardFault_Handler
    startup_stm32f103xb.o(RESET) refers to stm32f1xx_it.o(i.MemManage_Handler) for MemManage_Handler
    startup_stm32f103xb.o(RESET) refers to stm32f1xx_it.o(i.BusFault_Handler) for BusFault_Handler
    startup_stm32f103xb.o(RESET) refers to stm32f1xx_it.o(i.UsageFault_Handler) for UsageFault_Handler
    startup_stm32f103xb.o(RESET) refers to stm32f1xx_it.o(i.SVC_Handler) for SVC_Handler
    startup_stm32f103xb.o(RESET) refers to stm32f1xx_it.o(i.DebugMon_Handler) for DebugMon_Handler
    startup_stm32f103xb.o(RESET) refers to stm32f1xx_it.o(i.PendSV_Handler) for PendSV_Handler
    startup_stm32f103xb.o(RESET) refers to stm32f1xx_it.o(i.SysTick_Handler) for SysTick_Handler
    startup_stm32f103xb.o(RESET) refers to stm32f1xx_it.o(i.USB_LP_CAN1_RX0_IRQHandler) for USB_LP_CAN1_RX0_IRQHandler
    startup_stm32f103xb.o(.text) refers (Special) to heapauxi.o(.text) for __use_two_region_memory
    startup_stm32f103xb.o(.text) refers to system_stm32f1xx.o(i.SystemInit) for SystemInit
    startup_stm32f103xb.o(.text) refers to __main.o(!!!main) for __main
    startup_stm32f103xb.o(.text) refers to startup_stm32f103xb.o(HEAP) for Heap_Mem
    startup_stm32f103xb.o(.text) refers to startup_stm32f103xb.o(STACK) for Stack_Mem
    main.o(i.DS3231_SetOnce_Safe) refers to stm32f1xx_hal_rtc_ex.o(i.HAL_RTCEx_BKUPRead) for HAL_RTCEx_BKUPRead
    main.o(i.DS3231_SetOnce_Safe) refers to main.o(i.ds3231_get_tm) for ds3231_get_tm
    main.o(i.DS3231_SetOnce_Safe) refers to main.o(i.ds3231_read_status) for ds3231_read_status
    main.o(i.DS3231_SetOnce_Safe) refers to rt_memclr_w.o(.text) for __aeabi_memclr4
    main.o(i.DS3231_SetOnce_Safe) refers to main.o(i.ds3231_set_tm) for ds3231_set_tm
    main.o(i.DS3231_SetOnce_Safe) refers to main.o(i.ds3231_clear_osf) for ds3231_clear_osf
    main.o(i.DS3231_SetOnce_Safe) refers to stm32f1xx_hal_rtc_ex.o(i.HAL_RTCEx_BKUPWrite) for HAL_RTCEx_BKUPWrite
    main.o(i.DS3231_SetOnce_Safe) refers to main.o(i.cdc_send_line) for cdc_send_line
    main.o(i.DS3231_SetOnce_Safe) refers to rtc.o(.bss) for hrtc
    main.o(i.RTC_SetOnce_IfNeeded) refers to stm32f1xx_hal_rtc_ex.o(i.HAL_RTCEx_BKUPRead) for HAL_RTCEx_BKUPRead
    main.o(i.RTC_SetOnce_IfNeeded) refers to stm32f1xx_hal_rtc.o(i.HAL_RTC_SetTime) for HAL_RTC_SetTime
    main.o(i.RTC_SetOnce_IfNeeded) refers to stm32f1xx_hal_rtc.o(i.HAL_RTC_SetDate) for HAL_RTC_SetDate
    main.o(i.RTC_SetOnce_IfNeeded) refers to stm32f1xx_hal_rtc_ex.o(i.HAL_RTCEx_BKUPWrite) for HAL_RTCEx_BKUPWrite
    main.o(i.RTC_SetOnce_IfNeeded) refers to rtc.o(.bss) for hrtc
    main.o(i.SystemClock_Config) refers to rt_memclr_w.o(.text) for __aeabi_memclr4
    main.o(i.SystemClock_Config) refers to stm32f1xx_hal_pwr.o(i.HAL_PWR_EnableBkUpAccess) for HAL_PWR_EnableBkUpAccess
    main.o(i.SystemClock_Config) refers to stm32f1xx_hal_rcc.o(i.HAL_RCC_OscConfig) for HAL_RCC_OscConfig
    main.o(i.SystemClock_Config) refers to main.o(i.Error_Handler) for Error_Handler
    main.o(i.SystemClock_Config) refers to stm32f1xx_hal_rcc.o(i.HAL_RCC_ClockConfig) for HAL_RCC_ClockConfig
    main.o(i.SystemClock_Config) refers to stm32f1xx_hal_rcc_ex.o(i.HAL_RCCEx_PeriphCLKConfig) for HAL_RCCEx_PeriphCLKConfig
    main.o(i.adc_read_avg) refers to main.o(i.adc_read_single) for adc_read_single
    main.o(i.adc_read_single) refers to stm32f1xx_hal_adc.o(i.HAL_ADC_ConfigChannel) for HAL_ADC_ConfigChannel
    main.o(i.adc_read_single) refers to stm32f1xx_hal_adc.o(i.HAL_ADC_Start) for HAL_ADC_Start
    main.o(i.adc_read_single) refers to stm32f1xx_hal_adc.o(i.HAL_ADC_PollForConversion) for HAL_ADC_PollForConversion
    main.o(i.adc_read_single) refers to stm32f1xx_hal_adc.o(i.HAL_ADC_GetValue) for HAL_ADC_GetValue
    main.o(i.adc_read_single) refers to stm32f1xx_hal_adc.o(i.HAL_ADC_Stop) for HAL_ADC_Stop
    main.o(i.adc_read_single) refers to adc.o(.bss) for hadc1
    main.o(i.apply_cmd_from_ack) refers to main.o(i.json_extract_int) for json_extract_int
    main.o(i.apply_cmd_from_ack) refers to stm32f1xx_hal_gpio.o(i.HAL_GPIO_WritePin) for HAL_GPIO_WritePin
    main.o(i.apply_cmd_from_ack) refers to main.o(i.now_ms) for now_ms
[...]
    HAL_PCD_EP_Close                         0x08003173   Thumb Code   106  stm32f1xx_hal_pcd.o(i.HAL_PCD_EP_Close)
    HAL_PCD_EP_ClrStall                      0x080031dd   Thumb Code   124  stm32f1xx_hal_pcd.o(i.HAL_PCD_EP_ClrStall)
    HAL_PCD_EP_GetRxCount                    0x080038ef   Thumb Code    22  stm32f1xx_hal_pcd.o(i.HAL_PCD_EP_GetRxCount)
    HAL_PCD_EP_Open                          0x08003905   Thumb Code   132  stm32f1xx_hal_pcd.o(i.HAL_PCD_EP_Open)
    HAL_PCD_EP_Receive                       0x08003989   Thumb Code    60  stm32f1xx_hal_pcd.o(i.HAL_PCD_EP_Receive)
    HAL_PCD_EP_SetStall                      0x080039c5   Thumb Code   136  stm32f1xx_hal_pcd.o(i.HAL_PCD_EP_SetStall)
    HAL_PCD_EP_Transmit                      0x08003a4d   Thumb Code    70  stm32f1xx_hal_pcd.o(i.HAL_PCD_EP_Transmit)
    HAL_PCD_IRQHandler                       0x08003a93   Thumb Code   460  stm32f1xx_hal_pcd.o(i.HAL_PCD_IRQHandler)
    HAL_PCD_Init                             0x08003c5f   Thumb Code   316  stm32f1xx_hal_pcd.o(i.HAL_PCD_Init)
    HAL_PCD_MspInit                          0x08003d9d   Thumb Code    58  usbd_conf.o(i.HAL_PCD_MspInit)
    HAL_PCD_ResetCallback                    0x08003de1   Thumb Code    36  usbd_conf.o(i.HAL_PCD_ResetCallback)
    HAL_PCD_ResumeCallback                   0x08003e05   Thumb Code    14  usbd_conf.o(i.HAL_PCD_ResumeCallback)
    HAL_PCD_SOFCallback                      0x08003e13   Thumb Code    14  usbd_conf.o(i.HAL_PCD_SOFCallback)
    HAL_PCD_SetAddress                       0x08003e21   Thumb Code    52  stm32f1xx_hal_pcd.o(i.HAL_PCD_SetAddress)
    HAL_PCD_SetupStageCallback               0x08003e55   Thumb Code    18  usbd_conf.o(i.HAL_PCD_SetupStageCallback)
    HAL_PCD_Start                            0x08003e67   Thumb Code    60  stm32f1xx_hal_pcd.o(i.HAL_PCD_Start)
    HAL_PCD_SuspendCallback                  0x08003ea5   Thumb Code    30  usbd_conf.o(i.HAL_PCD_SuspendCallback)
    HAL_PWR_EnableBkUpAccess                 0x08003ec9   Thumb Code     8  stm32f1xx_hal_pwr.o(i.HAL_PWR_EnableBkUpAccess)
    HAL_RCCEx_GetPeriphCLKFreq               0x08003ed5   Thumb Code   232  stm32f1xx_hal_rcc_ex.o(i.HAL_RCCEx_GetPeriphCLKFreq)
    HAL_RCCEx_PeriphCLKConfig                0x08003fd1   Thumb Code   290  stm32f1xx_hal_rcc_ex.o(i.HAL_RCCEx_PeriphCLKConfig)
    HAL_RCC_ClockConfig                      0x08004101   Thumb Code   376  stm32f1xx_hal_rcc.o(i.HAL_RCC_ClockConfig)
    HAL_RCC_GetHCLKFreq                      0x0800428d   Thumb Code     6  stm32f1xx_hal_rcc.o(i.HAL_RCC_GetHCLKFreq)
    HAL_RCC_GetPCLK1Freq                     0x08004299   Thumb Code    22  stm32f1xx_hal_rcc.o(i.HAL_RCC_GetPCLK1Freq)
    HAL_RCC_GetPCLK2Freq                     0x080042b9   Thumb Code    22  stm32f1xx_hal_rcc.o(i.HAL_RCC_GetPCLK2Freq)
    HAL_RCC_GetSysClockFreq                  0x080042d9   Thumb Code    92  stm32f1xx_hal_rcc.o(i.HAL_RCC_GetSysClockFreq)
    HAL_RCC_OscConfig                        0x08004349   Thumb Code  1114  stm32f1xx_hal_rcc.o(i.HAL_RCC_OscConfig)
    HAL_RTCEx_BKUPRead                       0x080047ad   Thumb Code    20  stm32f1xx_hal_rtc_ex.o(i.HAL_RTCEx_BKUPRead)
    HAL_RTCEx_BKUPWrite                      0x080047c5   Thumb Code    18  stm32f1xx_hal_rtc_ex.o(i.HAL_RTCEx_BKUPWrite)
    HAL_RTC_GetDate                          0x080047dd   Thumb Code    82  stm32f1xx_hal_rtc.o(i.HAL_RTC_GetDate)
    HAL_RTC_GetTime                          0x0800482f   Thumb Code   260  stm32f1xx_hal_rtc.o(i.HAL_RTC_GetTime)
    HAL_RTC_Init                             0x08004935   Thumb Code   188  stm32f1xx_hal_rtc.o(i.HAL_RTC_Init)
    HAL_RTC_MspInit                          0x080049f5   Thumb Code    52  rtc.o(i.HAL_RTC_MspInit)
    HAL_RTC_SetDate                          0x08004a35   Thumb Code   242  stm32f1xx_hal_rtc.o(i.HAL_RTC_SetDate)
    HAL_RTC_SetTime                          0x08004b2d   Thumb Code   214  stm32f1xx_hal_rtc.o(i.HAL_RTC_SetTime)
    HAL_RTC_WaitForSynchro                   0x08004c09   Thumb Code    64  stm32f1xx_hal_rtc.o(i.HAL_RTC_WaitForSynchro)
    HAL_SPI_DeInit                           0x08004c49   Thumb Code    54  stm32f1xx_hal_spi.o(i.HAL_SPI_DeInit)
    HAL_SPI_GetState                         0x08004c7f   Thumb Code     8  stm32f1xx_hal_spi.o(i.HAL_SPI_GetState)
    HAL_SPI_Init                             0x08004c87   Thumb Code   190  stm32f1xx_hal_spi.o(i.HAL_SPI_Init)
    HAL_SPI_MspDeInit                        0x08004d45   Thumb Code    66  spi.o(i.HAL_SPI_MspDeInit)
    HAL_SPI_MspInit                          0x08004d9d   Thumb Code   226  spi.o(i.HAL_SPI_MspInit)
    HAL_SPI_Receive                          0x08004e95   Thumb Code   386  stm32f1xx_hal_spi.o(i.HAL_SPI_Receive)
    HAL_SPI_Transmit                         0x08005017   Thumb Code   446  stm32f1xx_hal_spi.o(i.HAL_SPI_Transmit)
    HAL_SPI_TransmitReceive                  0x080051d5   Thumb Code   584  stm32f1xx_hal_spi.o(i.HAL_SPI_TransmitReceive)
    HAL_SYSTICK_Config                       0x0800541d   Thumb Code    52  stm32f1xx_hal_cortex.o(i.HAL_SYSTICK_Config)
    HardFault_Handler                        0x08005451   Thumb Code     4  stm32f1xx_it.o(i.HardFault_Handler)
    LoRa_BurstWrite                          0x080059d9   Thumb Code    90  lora.o(i.LoRa_BurstWrite)
    LoRa_gotoMode                            0x08005a33   Thumb Code   108  lora.o(i.LoRa_gotoMode)
    LoRa_init                                0x08005a9f   Thumb Code   234  lora.o(i.LoRa_init)
    LoRa_isvalid                             0x08005b89   Thumb Code     6  lora.o(i.LoRa_isvalid)
    LoRa_read                                0x08005b8f   Thumb Code    34  lora.o(i.LoRa_read)
    LoRa_readReg                             0x08005bb1   Thumb Code    92  lora.o(i.LoRa_readReg)
    LoRa_receive                             0x08005c0d   Thumb Code   200  lora.o(i.LoRa_receive)
    LoRa_setAutoLDO                          0x08005cd5   Thumb Code   106  lora.o(i.LoRa_setAutoLDO)
    LoRa_setFrequency                        0x08005d49   Thumb Code    64  lora.o(i.LoRa_setFrequency)
    LoRa_setLowDaraRateOptimization          0x08005d89   Thumb Code    52  lora.o(i.LoRa_setLowDaraRateOptimization)
    LoRa_setOCP                              0x08005dbd   Thumb Code    72  lora.o(i.LoRa_setOCP)
    LoRa_setPower                            0x08005e05   Thumb Code    24  lora.o(i.LoRa_setPower)
    LoRa_setPower_dBm                        0x08005e1d   Thumb Code   116  lora.o(i.LoRa_setPower_dBm)
    LoRa_setSpreadingFactor                  0x08005e91   Thumb Code    64  lora.o(i.LoRa_setSpreadingFactor)
    LoRa_setSyncWord                         0x08005ed1   Thumb Code    24  lora.o(i.LoRa_setSyncWord)
    LoRa_setTOMsb_setCRCon                   0x08005ee9   Thumb Code    36  lora.o(i.LoRa_setTOMsb_setCRCon)
    LoRa_startReceiving                      0x08005f0d   Thumb Code    68  lora.o(i.LoRa_startReceiving)
    LoRa_transmit                            0x08005f51   Thumb Code   140  lora.o(i.LoRa_transmit)
    LoRa_write                               0x08005fdd   Thumb Code    34  lora.o(i.LoRa_write)
    LoRa_writeReg                            0x08005fff   Thumb Code    92  lora.o(i.LoRa_writeReg)
    Log_Drop                                 0x0800605d   Thumb Code    48  flashlog.o(i.Log_Drop)
    Log_Empty                                0x08006091   Thumb Code    20  flashlog.o(i.Log_Empty)
    Log_Init                                 0x080060a9   Thumb Code    72  flashlog.o(i.Log_Init)
    Log_Peek                                 0x080060f9   Thumb Code   126  flashlog.o(i.Log_Peek)
    Log_Push                                 0x0800617d   Thumb Code   172  flashlog.o(i.Log_Push)
    MX_ADC1_Init                             0x0800622d   Thumb Code    86  adc.o(i.MX_ADC1_Init)
    MX_GPIO_Init                             0x0800628d   Thumb Code   430  gpio.o(i.MX_GPIO_Init)
    MX_I2C1_Init                             0x0800644d   Thumb Code    48  i2c.o(i.MX_I2C1_Init)
    MX_I2C2_Init                             0x08006489   Thumb Code    48  i2c.o(i.MX_I2C2_Init)
    MX_RTC_Init                              0x080064c5   Thumb Code   106  rtc.o(i.MX_RTC_Init)
    MX_SPI1_Init                             0x08006539   Thumb Code    60  spi.o(i.MX_SPI1_Init)
    MX_SPI2_Init                             0x0800657d   Thumb Code    60  spi.o(i.MX_SPI2_Init)
    MX_USB_DEVICE_Init                       0x080065c1   Thumb Code    60  usb_device.o(i.MX_USB_DEVICE_Init)
    MemManage_Handler                        0x0800660d   Thumb Code     4  stm32f1xx_it.o(i.MemManage_Handler)
    NMI_Handler                              0x08006611   Thumb Code     4  stm32f1xx_it.o(i.NMI_Handler)
    PendSV_Handler                           0x08006b01   Thumb Code     2  stm32f1xx_it.o(i.PendSV_Handler)
    SVC_Handler                              0x08006f79   Thumb Code     2  stm32f1xx_it.o(i.SVC_Handler)
    SysTick_Handler                          0x08006f7b   Thumb Code     8  stm32f1xx_it.o(i.SysTick_Handler)
    SystemClock_Config                       0x08006f85   Thumb Code   206  main.o(i.SystemClock_Config)
    SystemInit                               0x08007059   Thumb Code     2  system_stm32f1xx.o(i.SystemInit)
    USBD_CDC_GetDeviceQualifierDescriptor    0x0800718d   Thumb Code    10  usbd_cdc.o(i.USBD_CDC_GetDeviceQualifierDescriptor)
    USBD_CDC_ReceivePacket                   0x08007285   Thumb Code    58  usbd_cdc.o(i.USBD_CDC_ReceivePacket)
    USBD_CDC_RegisterInterface               0x080072bf   Thumb Code    14  usbd_cdc.o(i.USBD_CDC_RegisterInterface)
    USBD_CDC_SetRxBuffer                     0x080072cd   Thumb Code    14  usbd_cdc.o(i.USBD_CDC_SetRxBuffer)
    USBD_CDC_SetTxBuffer                     0x080072db   Thumb Code    20  usbd_cdc.o(i.USBD_CDC_SetTxBuffer)
    USBD_CDC_TransmitPacket                  0x080073e3   Thumb Code    62  usbd_cdc.o(i.USBD_CDC_TransmitPacket)
    USBD_ClrClassConfig                      0x08007421   Thumb Code    22  usbd_core.o(i.USBD_ClrClassConfig)
    USBD_CtlContinueRx                       0x08007475   Thumb Code    24  usbd_ioreq.o(i.USBD_CtlContinueRx)
    USBD_CtlContinueSendData                 0x0800748d   Thumb Code    24  usbd_ioreq.o(i.USBD_CtlContinueSendData)
    USBD_CtlError                            0x080074a5   Thumb Code    24  usbd_ctlreq.o(i.USBD_CtlError)
    USBD_CtlPrepareRx                        0x080074bd   Thumb Code    40  usbd_ioreq.o(i.USBD_CtlPrepareRx)
    USBD_CtlReceiveStatus                    0x080074e5   Thumb Code    26  usbd_ioreq.o(i.USBD_CtlReceiveStatus)
    USBD_CtlSendData                         0x080074ff   Thumb Code    34  usbd_ioreq.o(i.USBD_CtlSendData)
    USBD_CtlSendStatus                       0x08007521   Thumb Code    26  usbd_ioreq.o(i.USBD_CtlSendStatus)
    USBD_FS_ConfigStrDescriptor              0x0800753d   Thumb Code    34  usbd_desc.o(i.USBD_FS_ConfigStrDescriptor)
    USBD_FS_DeviceDescriptor                 0x08007571   Thumb Code    10  usbd_desc.o(i.USBD_FS_DeviceDescriptor)
    USBD_FS_InterfaceStrDescriptor           0x08007581   Thumb Code    34  usbd_desc.o(i.USBD_FS_InterfaceStrDescriptor)
    USBD_FS_LangIDStrDescriptor              0x080075b9   Thumb Code    10  usbd_desc.o(i.USBD_FS_LangIDStrDescriptor)
    USBD_FS_ManufacturerStrDescriptor        0x080075c9   Thumb Code    20  usbd_desc.o(i.USBD_FS_ManufacturerStrDescriptor)
    USBD_FS_ProductStrDescriptor             0x080075f5   Thumb Code    34  usbd_desc.o(i.USBD_FS_ProductStrDescriptor)
    USBD_FS_SerialStrDescriptor              0x08007631   Thumb Code    18  usbd_desc.o(i.USBD_FS_SerialStrDescriptor)
    USBD_GetString                           0x08007901   Thumb Code    82  usbd_ctlreq.o(i.USBD_GetString)
    USBD_Init                                0x0800797f   Thumb Code    50  usbd_core.o(i.USBD_Init)
    USBD_LL_ClearStallEP                     0x080079b1   Thumb Code    38  usbd_conf.o(i.USBD_LL_ClearStallEP)
    USBD_LL_CloseEP                          0x080079d7   Thumb Code    38  usbd_conf.o(i.USBD_LL_CloseEP)
    USBD_LL_DataInStage                      0x080079fd   Thumb Code   256  usbd_core.o(i.USBD_LL_DataInStage)
    USBD_LL_DataOutStage                     0x08007afd   Thumb Code   166  usbd_core.o(i.USBD_LL_DataOutStage)
    USBD_LL_GetRxDataSize                    0x08007ba3   Thumb Code    18  usbd_conf.o(i.USBD_LL_GetRxDataSize)
    USBD_LL_Init                             0x08007bb5   Thumb Code   124  usbd_conf.o(i.USBD_LL_Init)
    USBD_LL_IsStallEP                        0x08007c39   Thumb Code    56  usbd_conf.o(i.USBD_LL_IsStallEP)
    USBD_LL_OpenEP                           0x08007c71   Thumb Code    48  usbd_conf.o(i.USBD_LL_OpenEP)
    USBD_LL_PrepareReceive                   0x08007ca1   Thumb Code    48  usbd_conf.o(i.USBD_LL_PrepareReceive)
    USBD_LL_Reset                            0x08007cd1   Thumb Code    92  usbd_core.o(i.USBD_LL_Reset)
    USBD_LL_Resume                           0x08007d2d   Thumb Code    22  usbd_core.o(i.USBD_LL_Resume)
    USBD_LL_SOF                              0x08007d43   Thumb Code    34  usbd_core.o(i.USBD_LL_SOF)
    USBD_LL_SetSpeed                         0x08007d65   Thumb Code     8  usbd_core.o(i.USBD_LL_SetSpeed)
    USBD_LL_SetUSBAddress                    0x08007d6d   Thumb Code    38  usbd_conf.o(i.USBD_LL_SetUSBAddress)
    USBD_LL_SetupStage                       0x08007d93   Thumb Code   110  usbd_core.o(i.USBD_LL_SetupStage)
    USBD_LL_StallEP                          0x08007e01   Thumb Code    38  usbd_conf.o(i.USBD_LL_StallEP)
    USBD_LL_Start                            0x08007e27   Thumb Code    30  usbd_conf.o(i.USBD_LL_Start)
    USBD_LL_Suspend                          0x08007e45   Thumb Code    20  usbd_core.o(i.USBD_LL_Suspend)
    USBD_LL_Transmit                         0x08007e59   Thumb Code    48  usbd_conf.o(i.USBD_LL_Transmit)
    USBD_ParseSetupRequest                   0x08007e89   Thumb Code    40  usbd_ctlreq.o(i.USBD_ParseSetupRequest)
    USBD_RegisterClass                       0x08007eb1   Thumb Code    16  usbd_core.o(i.USBD_RegisterClass)
    USBD_RunTestMode                         0x08007ec1   Thumb Code     6  usbd_core.o(i.USBD_RunTestMode)
    USBD_SetClassConfig                      0x08007f21   Thumb Code    34  usbd_core.o(i.USBD_SetClassConfig)
    USBD_Start                               0x08008045   Thumb Code    14  usbd_core.o(i.USBD_Start)
    USBD_StdDevReq                           0x08008053   Thumb Code   162  usbd_ctlreq.o(i.USBD_StdDevReq)
    USBD_StdEPReq                            0x080080f5   Thumb Code   568  usbd_ctlreq.o(i.USBD_StdEPReq)
    USBD_StdItfReq                           0x0800832d   Thumb Code   126  usbd_ctlreq.o(i.USBD_StdItfReq)
    USBD_static_free                         0x080083ab   Thumb Code     2  usbd_conf.o(i.USBD_static_free)
    USBD_static_malloc                       0x080083ad   Thumb Code     6  usbd_conf.o(i.USBD_static_malloc)
    USB_ActivateEndpoint                     0x080083b9   Thumb Code  1200  stm32f1xx_ll_usb.o(i.USB_ActivateEndpoint)
    USB_CoreInit                             0x08008869   Thumb Code     8  stm32f1xx_ll_usb.o(i.USB_CoreInit)
    USB_DeactivateEndpoint                   0x08008871   Thumb Code   636  stm32f1xx_ll_usb.o(i.USB_DeactivateEndpoint)
    USB_DevConnect                           0x08008aed   Thumb Code     6  stm32f1xx_ll_usb.o(i.USB_DevConnect)
    USB_DevDisconnect                        0x08008af3   Thumb Code     6  stm32f1xx_ll_usb.o(i.USB_DevDisconnect)
    USB_DevInit                              0x08008af9   Thumb Code    22  stm32f1xx_ll_usb.o(i.USB_DevInit)
    USB_DisableGlobalInt                     0x08008b0f   Thumb Code    20  stm32f1xx_ll_usb.o(i.USB_DisableGlobalInt)
    USB_EP0_OutStart                         0x08008b23   Thumb Code     6  stm32f1xx_ll_usb.o(i.USB_EP0_OutStart)
    USB_EPClearStall                         0x08008b29   Thumb Code   218  stm32f1xx_ll_usb.o(i.USB_EPClearStall)
    USB_EPSetStall                           0x08008c03   Thumb Code    92  stm32f1xx_ll_usb.o(i.USB_EPSetStall)
    USB_EPStartXfer                          0x08008c5f   Thumb Code  2640  stm32f1xx_ll_usb.o(i.USB_EPStartXfer)
    USB_EnableGlobalInt                      0x080096af   Thumb Code    18  stm32f1xx_ll_usb.o(i.USB_EnableGlobalInt)
    USB_LP_CAN1_RX0_IRQHandler               0x080096c1   Thumb Code    10  stm32f1xx_it.o(i.USB_LP_CAN1_RX0_IRQHandler)
    USB_ReadInterrupts                       0x080096d1   Thumb Code     8  stm32f1xx_ll_usb.o(i.USB_ReadInterrupts)
    USB_ReadPMA                              0x080096d9   Thumb Code    74  stm32f1xx_ll_usb.o(i.USB_ReadPMA)
    USB_SetCurrentMode                       0x08009723   Thumb Code     6  stm32f1xx_ll_usb.o(i.USB_SetCurrentMode)
    USB_SetDevAddress                        0x08009729   Thumb Code    14  stm32f1xx_ll_usb.o(i.USB_SetDevAddress)
    USB_WritePMA                             0x08009737   Thumb Code    64  stm32f1xx_ll_usb.o(i.USB_WritePMA)
    UsageFault_Handler                       0x08009777   Thumb Code     4  stm32f1xx_it.o(i.UsageFault_Handler)
    W25Q_EraseSector                         0x0800977d   Thumb Code    74  w25qxx.o(i.W25Q_EraseSector)
    W25Q_ForceSPI2_Mode0                     0x080097d5   Thumb Code    70  w25qxx.o(i.W25Q_ForceSPI2_Mode0)
    W25Q_Read                                0x08009821   Thumb Code    84  w25qxx.o(i.W25Q_Read)
    W25Q_ReadID                              0x08009881   Thumb Code    74  w25qxx.o(i.W25Q_ReadID)
    W25Q_ReadStatus1                         0x080098d9   Thumb Code    58  w25qxx.o(i.W25Q_ReadStatus1)
    W25Q_ReleasePowerDown                    0x08009921   Thumb Code    68  w25qxx.o(i.W25Q_ReleasePowerDown)
    W25Q_Reset                               0x0800996d   Thumb Code    68  w25qxx.o(i.W25Q_Reset)
    W25Q_WaitWhileBusy                       0x080099bd   Thumb Code    24  w25qxx.o(i.W25Q_WaitWhileBusy)
    W25Q_Write                               0x080099d5   Thumb Code    52  w25qxx.o(i.W25Q_Write)
    W25Q_WriteEnable                         0x08009a09   Thumb Code    44  w25qxx.o(i.W25Q_WriteEnable)
    __ARM_fpclassify                         0x08009a3d   Thumb Code    40  fpclassify.o(i.__ARM_fpclassify)
    _is_digit                                0x08009aad   Thumb Code    14  __printf_wp.o(i._is_digit)
    flashlog_crc16_ccitt                     0x0800a625   Thumb Code    68  flashlog.o(i.flashlog_crc16_ccitt)
    lcd_clear                                0x0800aa45   Thumb Code    16  i2c-lcd.o(i.lcd_clear)
    lcd_init                                 0x0800aa55   Thumb Code   118  i2c-lcd.o(i.lcd_init)
    lcd_put_cur                              0x0800aacd   Thumb Code    36  i2c-lcd.o(i.lcd_put_cur)
    lcd_send_cmd                             0x0800ab49   Thumb Code    14  i2c-lcd.o(i.lcd_send_cmd)
    lcd_send_data                            0x0800ab57   Thumb Code    14  i2c-lcd.o(i.lcd_send_data)
    lcd_send_string                          0x0800ab65   Thumb Code    22  i2c-lcd.o(i.lcd_send_string)
    main                                     0x0800b061   Thumb Code   498  main.o(i.main)
    newLoRa                                  0x0800b313   Thumb Code    62  lora.o(i.newLoRa)
    uplink_crc16_ccitt                       0x0800c221   Thumb Code    38  uplink_patch.o(i.uplink_crc16_ccitt)
    uplink_set_hist_and_fix_crc              0x0800c249   Thumb Code   194  uplink_patch.o(i.uplink_set_hist_and_fix_crc)
    _get_lc_numeric                          0x0800c3c1   Thumb Code    44  lc_numeric_c.o(locale$$code)
    __fpl_dcmp_Inf                           0x0800c3ed   Thumb Code    24  dcmpi.o(x$fpl$dcmpinf)
    __aeabi_ddiv                             0x0800c405   Thumb Code     0  ddiv.o(x$fpl$ddiv)
    _ddiv                                    0x0800c405   Thumb Code   552  ddiv.o(x$fpl$ddiv)
    __aeabi_d2iz                             0x0800c6b5   Thumb Code     0  dfix.o(x$fpl$dfix)
    _dfix                                    0x0800c6b5   Thumb Code    94  dfix.o(x$fpl$dfix)
    __aeabi_i2d                              0x0800c713   Thumb Code     0  dflt_clz.o(x$fpl$dflt)
    _dflt                                    0x0800c713   Thumb Code    46  dflt_clz.o(x$fpl$dflt)
    __aeabi_cdcmple                          0x0800c741   Thumb Code     0  dleqf.o(x$fpl$dleqf)
    _dcmple                                  0x0800c741   Thumb Code   120  dleqf.o(x$fpl$dleqf)
    __fpl_dcmple_InfNaN                      0x0800c7a3   Thumb Code     0  dleqf.o(x$fpl$dleqf)
    __fpl_dnaninf                            0x0800c7b9   Thumb Code   156  dnaninf.o(x$fpl$dnaninf)
    __fpl_dretinf                            0x0800c855   Thumb Code    12  dretinf.o(x$fpl$dretinf)
    __aeabi_cdrcmple                         0x0800c861   Thumb Code     0  drleqf.o(x$fpl$drleqf)
    _drcmple                                 0x0800c861   Thumb Code   108  drleqf.o(x$fpl$drleqf)
    __aeabi_f2d                              0x0800c8cd   Thumb Code     0  f2d.o(x$fpl$f2d)
    _f2d                                     0x0800c8cd   Thumb Code    86  f2d.o(x$fpl$f2d)
    __aeabi_fadd                             0x0800c925   Thumb Code     0  faddsub_clz.o(x$fpl$fadd)
    _fadd                                    0x0800c925   Thumb Code   196  faddsub_clz.o(x$fpl$fadd)
    __fpl_fcmp_Inf                           0x0800c9e9   Thumb Code    24  fcmpi.o(x$fpl$fcmpinf)
    __aeabi_fdiv                             0x0800ca01   Thumb Code     0  fdiv.o(x$fpl$fdiv)
    _fdiv                                    0x0800ca01   Thumb Code   384  fdiv.o(x$fpl$fdiv)
    __aeabi_cfcmpeq                          0x0800cb85   Thumb Code     0  feqf.o(x$fpl$feqf)
    _fcmpeq                                  0x0800cb85   Thumb Code   104  feqf.o(x$fpl$feqf)
    __aeabi_ui2f                             0x0800cbed   Thumb Code     0  fflt_clz.o(x$fpl$ffltu)
    _ffltu                                   0x0800cbed   Thumb Code    38  fflt_clz.o(x$fpl$ffltu)
    __aeabi_cfcmple                          0x0800cc15   Thumb Code     0  fleqf.o(x$fpl$fleqf)
    _fcmple                                  0x0800cc15   Thumb Code   104  fleqf.o(x$fpl$fleqf)
    __fpl_fcmple_InfNaN                      0x0800cc67   Thumb Code     0  fleqf.o(x$fpl$fleqf)
    __aeabi_fmul                             0x0800cc7d   Thumb Code     0  fmul.o(x$fpl$fmul)
    _fmul                                    0x0800cc7d   Thumb Code   258  fmul.o(x$fpl$fmul)
    __fpl_fnaninf                            0x0800cd7f   Thumb Code   140  fnaninf.o(x$fpl$fnaninf)
    __fpl_fretinf                            0x0800ce0b   Thumb Code    10  fretinf.o(x$fpl$fretinf)
    __aeabi_cfrcmple                         0x0800ce15   Thumb Code     0  frleqf.o(x$fpl$frleqf)
    _frcmple                                 0x0800ce15   Thumb Code    98  frleqf.o(x$fpl$frleqf)
    __aeabi_frsub                            0x0800ce77   Thumb Code     0  faddsub_clz.o(x$fpl$frsb)
    _frsb                                    0x0800ce77   Thumb Code    20  faddsub_clz.o(x$fpl$frsb)
    __aeabi_fsub                             0x0800ce8d   Thumb Code     0  faddsub_clz.o(x$fpl$fsub)
    _fsub                                    0x0800ce8d   Thumb Code   234  faddsub_clz.o(x$fpl$fsub)
    _printf_fp_dec                           0x0800cf77   Thumb Code     4  printf1.o(x$fpl$printf1)
    __I$use$fp                               0x0800cf7a   Number         0  usenofp.o(x$fpl$usenofp)
    AHBPrescTable                            0x0800cfe8   Data          16  system_stm32f1xx.o(.constdata)
    APBPrescTable                            0x0800cff8   Data           8  system_stm32f1xx.o(.constdata)
    Region$$Table$$Base                      0x0800d22c   Number         0  anon$$obj.o(Region$$Table)
    Region$$Table$$Limit                     0x0800d24c   Number         0  anon$$obj.o(Region$$Table)
    FS_Desc                                  0x200000a4   Data          28  usbd_desc.o(.data)
    USBD_FS_DeviceDesc                       0x200000c0   Data          18  usbd_desc.o(.data)
    USBD_LangIDDesc                          0x200000d4   Data           4  usbd_desc.o(.data)
    USBD_StringSerial                        0x200000d8   Data          26  usbd_desc.o(.data)
    USBD_Interface_fops_FS                   0x200000f4   Data          16  usbd_cdc_if.o(.data)
    uwTick                                   0x20000104   Data           4  stm32f1xx_hal.o(.data)
    uwTickPrio                               0x20000108   Data           4  stm32f1xx_hal.o(.data)
    uwTickFreq                               0x2000010c   Data           1  stm32f1xx_hal.o(.data)
    SystemCoreClock                          0x20000110   Data           4  system_stm32f1xx.o(.data)
    USBD_CDC                                 0x20000124   Data          56  usbd_cdc.o(.data)
    USBD_CDC_CfgHSDesc                       0x2000015c   Data          67  usbd_cdc.o(.data)
    USBD_CDC_CfgFSDesc                       0x200001a0   Data          67  usbd_cdc.o(.data)
    USBD_CDC_OtherSpeedCfgDesc               0x200001e4   Data          67  usbd_cdc.o(.data)
    hadc1                                    0x20000b84   Data          48  adc.o(.bss)
    hi2c1                                    0x20000bb4   Data          84  i2c.o(.bss)
    hi2c2                                    0x20000c08   Data          84  i2c.o(.bss)
    hrtc                                     0x20000c5c   Data          20  rtc.o(.bss)
    hspi1                                    0x20000c70   Data          88  spi.o(.bss)
    hspi2                                    0x20000cc8   Data          88  spi.o(.bss)
    hUsbDeviceFS                             0x20000d20   Data         708  usb_device.o(.bss)
    USBD_StrDesc                             0x20000fe4   Data         512  usbd_desc.o(.bss)
    UserRxBufferFS                           0x200011e4   Data        1024  usbd_cdc_if.o(.bss)
    UserTxBufferFS                           0x200015e4   Data        1024  usbd_cdc_if.o(.bss)
    hpcd_USB_FS                              0x200019e4   Data         728  usbd_conf.o(.bss)
    __libspace_start                         0x20001eec   Data          96  libspace.o(.bss)
    __temporary_stack_top$libspace           0x20001f4c   Data           0  libspace.o(.bss)



==============================================================================

Memory Map of the image

  Image Entry point : 0x080000ed

  Load Region LR_IROM1 (Base: 0x08000000, Size: 0x0000d490, Max: 0x00010000, ABSOLUTE, COMPRESSED[0x0000d344])

    Execution Region ER_IROM1 (Exec base: 0x08000000, Load base: 0x08000000, Size: 0x0000d268, Max: 0x00010000, ABSOLUTE)

    Exec Addr    Load Addr    Size         Type   Attr      Idx    E Section Name        Object

    0x08000000   0x08000000   0x000000ec   Data   RO            3    RESET               startup_stm32f103xb.o
    0x080000ec   0x080000ec   0x00000008   Code   RO         5359  * !!!main             c_w.l(__main.o)
    0x080000f4   0x080000f4   0x00000034   Code   RO         5637    !!!scatter          c_w.l(__scatter.o)
    0x08000128   0x08000128   0x0000005a   Code   RO         5635    !!dczerorl2         c_w.l(__dczerorl2.o)
    0x08000182   0x08000182   0x00000002   PAD
    0x08000184   0x08000184   0x0000001c   Code   RO         5639    !!handler_zi        c_w.l(__scatter_zi.o)
    0x080001a0   0x080001a0   0x00000000   Code   RO         5338    .ARM.Collect$$_printf_percent$$00000000  c_w.l(_printf_percent.o)
    0x080001a0   0x080001a0   0x00000006   Code   RO         5337    .ARM.Collect$$_printf_percent$$00000003  c_w.l(_printf_f.o)
    0x080001a6   0x080001a6   0x00000006   Code   RO         5335    .ARM.Collect$$_printf_percent$$00000009  c_w.l(_printf_d.o)
    0x080001ac   0x080001ac   0x00000006   Code   RO         5336    .ARM.Collect$$_printf_percent$$0000000A  c_w.l(_printf_u.o)
    0x080001b2   0x080001b2   0x00000006   Code   RO         5334    .ARM.Collect$$_printf_percent$$0000000C  c_w.l(_printf_x.o)
    0x080001b8   0x080001b8   0x00000006   Code   RO         5333    .ARM.Collect$$_printf_percent$$00000014  c_w.l(_printf_s.o)
    0x080001be   0x080001be   0x00000004   Code   RO         5418    .ARM.Collect$$_printf_percent$$00000017  c_w.l(_printf_percent_end.o)
    0x080001c2   0x080001c2   0x00000002   Code   RO         5508    .ARM.Collect$$libinit$$00000000  c_w.l(libinit.o)
    0x080001c4   0x080001c4   0x00000000   Code   RO         5510    .ARM.Collect$$libinit$$00000002  c_w.l(libinit2.o)
    0x080001c4   0x080001c4   0x00000000   Code   RO         5512    .ARM.Collect$$libinit$$00000004  c_w.l(libinit2.o)
    0x080001c4   0x080001c4   0x00000000   Code   RO         5515    .ARM.Collect$$libinit$$0000000A  c_w.l(libinit2.o)
    0x080001c4   0x080001c4   0x00000000   Code   RO         5517    .ARM.Collect$$libinit$$0000000C  c_w.l(libinit2.o)
    0x080001c4   0x080001c4   0x00000000   Code   RO         5519    .ARM.Collect$$libinit$$0000000E  c_w.l(libinit2.o)
    0x080001c4   0x080001c4   0x00000006   Code   RO         5520    .ARM.Collect$$libinit$$0000000F  c_w.l(libinit2.o)
    0x080001ca   0x080001ca   0x00000000   Code   RO         5522    .ARM.Collect$$libinit$$00000011  c_w.l(libinit2.o)
    0x080001ca   0x080001ca   0x00000000   Code   RO         5524    .ARM.Collect$$libinit$$00000013  c_w.l(libinit2.o)
    0x080001ca   0x080001ca   0x00000000   Code   RO         5526    .ARM.Collect$$libinit$$00000015  c_w.l(libinit2.o)
    0x080001ca   0x080001ca   0x0000000a   Code   RO         5527    .ARM.Collect$$libinit$$00000016  c_w.l(libinit2.o)
    0x080001d4   0x080001d4   0x00000000   Code   RO         5528    .ARM.Collect$$libinit$$00000017  c_w.l(libinit2.o)
    0x080001d4   0x080001d4   0x00000000   Code   RO         5530    .ARM.Collect$$libinit$$00000019  c_w.l(libinit2.o)
    0x080001d4   0x080001d4   0x00000000   Code   RO         5532    .ARM.Collect$$libinit$$0000001B  c_w.l(libinit2.o)
    0x080001d4   0x080001d4   0x00000000   Code   RO         5534    .ARM.Collect$$libinit$$0000001D  c_w.l(libinit2.o)
    0x080001d4   0x080001d4   0x00000000   Code   RO         5536    .ARM.Collect$$libinit$$0000001F  c_w.l(libinit2.o)
    0x080001d4   0x080001d4   0x00000000   Code   RO         5538    .ARM.Collect$$libinit$$00000021  c_w.l(libinit2.o)
    0x080001d4   0x080001d4   0x00000000   Code   RO         5540    .ARM.Collect$$libinit$$00000023  c_w.l(libinit2.o)
    0x080001d4   0x080001d4   0x00000000   Code   RO         5542    .ARM.Collect$$libinit$$00000025  c_w.l(libinit2.o)
    0x080001d4   0x080001d4   0x00000000   Code   RO         5546    .ARM.Collect$$libinit$$0000002C  c_w.l(libinit2.o)
    0x080001d4   0x080001d4   0x00000000   Code   RO         5548    .ARM.Collect$$libinit$$0000002E  c_w.l(libinit2.o)
    0x080001d4   0x080001d4   0x00000000   Code   RO         5550    .ARM.Collect$$libinit$$00000030  c_w.l(libinit2.o)
    0x080001d4   0x080001d4   0x00000000   Code   RO         5552    .ARM.Collect$$libinit$$00000032  c_w.l(libinit2.o)
    0x080001d4   0x080001d4   0x00000002   Code   RO         5553    .ARM.Collect$$libinit$$00000033  c_w.l(libinit2.o)
    0x080001d6   0x080001d6   0x00000002   Code   RO         5583    .ARM.Collect$$libshutdown$$00000000  c_w.l(libshutdown.o)
    0x080001d8   0x080001d8   0x00000000   Code   RO         5594    .ARM.Collect$$libshutdown$$00000002  c_w.l(libshutdown2.o)
    0x080001d8   0x080001d8   0x00000000   Code   RO         5596    .ARM.Collect$$libshutdown$$00000004  c_w.l(libshutdown2.o)
    0x080001d8   0x080001d8   0x00000000   Code   RO         5599    .ARM.Collect$$libshutdown$$00000007  c_w.l(libshutdown2.o)
    0x080001d8   0x080001d8   0x00000000   Code   RO         5602    .ARM.Collect$$libshutdown$$0000000A  c_w.l(libshutdown2.o)
    0x080001d8   0x080001d8   0x00000000   Code   RO         5604    .ARM.Collect$$libshutdown$$0000000C  c_w.l(libshutdown2.o)
    0x080001d8   0x080001d8   0x00000000   Code   RO         5607    .ARM.Collect$$libshutdown$$0000000F  c_w.l(libshutdown2.o)
    0x080001d8   0x080001d8   0x00000002   Code   RO         5608    .ARM.Collect$$libshutdown$$00000010  c_w.l(libshutdown2.o)
    0x080001da   0x080001da   0x00000000   Code   RO         5405    .ARM.Collect$$rtentry$$00000000  c_w.l(__rtentry.o)
    0x080001da   0x080001da   0x00000000   Code   RO         5435    .ARM.Collect$$rtentry$$00000002  c_w.l(__rtentry2.o)
    0x080001da   0x080001da   0x00000006   Code   RO         5447    .ARM.Collect$$rtentry$$00000004  c_w.l(__rtentry4.o)
    0x080001e0   0x080001e0   0x00000000   Code   RO         5437    .ARM.Collect$$rtentry$$00000009  c_w.l(__rtentry2.o)
    0x080001e0   0x080001e0   0x00000004   Code   RO         5438    .ARM.Collect$$rtentry$$0000000A  c_w.l(__rtentry2.o)
    0x080001e4   0x080001e4   0x00000000   Code   RO         5440    .ARM.Collect$$rtentry$$0000000C  c_w.l(__rtentry2.o)
    0x080001e4   0x080001e4   0x00000008   Code   RO         5441    .ARM.Collect$$rtentry$$0000000D  c_w.l(__rtentry2.o)
    0x080001ec   0x080001ec   0x00000002   Code   RO         5554    .ARM.Collect$$rtexit$$00000000  c_w.l(rtexit.o)
    0x080001ee   0x080001ee   0x00000000   Code   RO         5561    .ARM.Collect$$rtexit$$00000002  c_w.l(rtexit2.o)
    0x080001ee   0x080001ee   0x00000004   Code   RO         5562    .ARM.Collect$$rtexit$$00000003  c_w.l(rtexit2.o)
    0x080001f2   0x080001f2   0x00000006   Code   RO         5563    .ARM.Collect$$rtexit$$00000004  c_w.l(rtexit2.o)
    0x080001f8   0x080001f8   0x00000040   Code   RO            4    .text               startup_stm32f103xb.o
    0x08000238   0x08000238   0x00000038   Code   RO         5280    .text               c_w.l(__2snprintf.o)
    0x08000270   0x08000270   0x0000004e   Code   RO         5286    .text               c_w.l(_printf_pad.o)
    0x080002be   0x080002be   0x00000052   Code   RO         5288    .text               c_w.l(_printf_str.o)
    0x08000310   0x08000310   0x00000078   Code   RO         5290    .text               c_w.l(_printf_dec.o)
    0x08000388   0x08000388   0x00000058   Code   RO         5295    .text               c_w.l(_printf_hex_int.o)
    0x080003e0   0x080003e0   0x00000188   Code   RO         5330    .text               c_w.l(__printf_flags_ss_wp.o)
    0x08000568   0x08000568   0x00000014   Code   RO         5339    .text               c_w.l(strchr.o)
    0x0800057c   0x0800057c   0x00000024   Code   RO         5341    .text               c_w.l(strstr.o)
    0x080005a0   0x080005a0   0x00000048   Code   RO         5343    .text               c_w.l(strcpy.o)
    0x080005e8   0x080005e8   0x0000003e   Code   RO         5345    .text               c_w.l(strlen.o)
    0x08000626   0x08000626   0x00000096   Code   RO         5347    .text               c_w.l(strncmp.o)
    0x080006bc   0x080006bc   0x0000008a   Code   RO         5349    .text               c_w.l(rt_memcpy_v6.o)
    0x08000746   0x08000746   0x00000064   Code   RO         5351    .text               c_w.l(rt_memcpy_w.o)
    0x080007aa   0x080007aa   0x0000004e   Code   RO         5353    .text               c_w.l(rt_memclr_w.o)
    0x080007f8   0x080007f8   0x00000056   Code   RO         5355    .text               c_w.l(strncpy.o)
    0x0800084e   0x0800084e   0x00000006   Code   RO         5357    .text               c_w.l(heapauxi.o)
    0x08000854   0x08000854   0x000000b2   Code   RO         5406    .text               c_w.l(_printf_intcommon.o)
    0x08000906   0x08000906   0x0000041e   Code   RO         5408    .text               c_w.l(_printf_fp_dec.o)
    0x08000d24   0x08000d24   0x00000030   Code   RO         5410    .text               c_w.l(_printf_char_common.o)
    0x08000d54   0x08000d54   0x0000000a   Code   RO         5412    .text               c_w.l(_sputc.o)
    0x08000d5e   0x08000d5e   0x00000010   Code   RO         5414    .text               c_w.l(_snputc.o)
    0x08000d6e   0x08000d6e   0x0000002c   Code   RO         5416    .text               c_w.l(_printf_char.o)
    0x08000d9a   0x08000d9a   0x00000044   Code   RO         5419    .text               c_w.l(rt_memclr.o)
    0x08000dde   0x08000dde   0x00000002   PAD
    0x08000de0   0x08000de0   0x00000008   Code   RO         5452    .text               c_w.l(rt_locale_intlibspace.o)
    0x08000de8   0x08000de8   0x0000008a   Code   RO         5454    .text               c_w.l(lludiv10.o)
    0x08000e72   0x08000e72   0x00000002   PAD
    0x08000e74   0x08000e74   0x00000080   Code   RO         5456    .text               c_w.l(_printf_fp_infnan.o)
    0x08000ef4   0x08000ef4   0x000000e4   Code   RO         5460    .text               c_w.l(bigflt0.o)
    0x08000fd8   0x08000fd8   0x00000008   Code   RO         5494    .text               c_w.l(libspace.o)
    0x08000fe0   0x08000fe0   0x0000004a   Code   RO         5497    .text               c_w.l(sys_stackheap_outer.o)
    0x0800102a   0x0800102a   0x00000012   Code   RO         5499    .text               c_w.l(exit.o)
    0x0800103c   0x0800103c   0x00000080   Code   RO         5501    .text               c_w.l(strcmpv7m.o)
    0x080010bc   0x080010bc   0x0000000c   Code   RO         5573    .text               c_w.l(sys_exit.o)
    0x080010c8   0x080010c8   0x00000002   Code   RO         5584    .text               c_w.l(use_no_semi.o)
    0x080010ca   0x080010ca   0x00000000   Code   RO         5586    .text               c_w.l(indicate_semi.o)
    0x080010ca   0x080010ca   0x0000003e   Code   RO         5463    CL$$btod_d2e        c_w.l(btod.o)
    0x08001108   0x08001108   0x00000046   Code   RO         5465    CL$$btod_d2e_denorm_low  c_w.l(btod.o)
    0x0800114e   0x0800114e   0x00000060   Code   RO         5464    CL$$btod_d2e_norm_op1  c_w.l(btod.o)
    0x080011ae   0x080011ae   0x00000338   Code   RO         5473    CL$$btod_div_common  c_w.l(btod.o)
    0x080014e6   0x080014e6   0x000000dc   Code   RO         5470    CL$$btod_e2e        c_w.l(btod.o)
    0x080015c2   0x080015c2   0x0000002a   Code   RO         5467    CL$$btod_ediv       c_w.l(btod.o)
    0x080015ec   0x080015ec   0x0000002a   Code   RO         5466    CL$$btod_emul       c_w.l(btod.o)
    0x08001616   0x08001616   0x00000244   Code   RO         5472    CL$$btod_mult_common  c_w.l(btod.o)
    0x0800185a   0x0800185a   0x0000005c   Code   RO         2995    i.ADC_ConversionStop_Disable  stm32f1xx_hal_adc.o
    0x080018b6   0x080018b6   0x00000002   PAD
    0x080018b8   0x080018b8   0x00000090   Code   RO         2999    i.ADC_Enable        stm32f1xx_hal_adc.o
    0x08001948   0x08001948   0x00000004   Code   RO          873    i.BusFault_Handler  stm32f1xx_it.o
    0x0800194c   0x0800194c   0x00000044   Code   RO         1126    i.CDC_Control_FS    usbd_cdc_if.o
    0x08001990   0x08001990   0x00000004   Code   RO         1127    i.CDC_DeInit_FS     usbd_cdc_if.o
    0x08001994   0x08001994   0x00000024   Code   RO         1128    i.CDC_Init_FS       usbd_cdc_if.o
    0x080019b8   0x080019b8   0x0000001c   Code   RO         1129    i.CDC_Receive_FS    usbd_cdc_if.o
    0x080019d4   0x080019d4   0x00000038   Code   RO         1130    i.CDC_Transmit_FS   usbd_cdc_if.o
    0x08001a0c   0x08001a0c   0x00000030   Code   RO         4782    i.DHT_Check_Response  dht.o
    0x08001a3c   0x08001a3c   0x00000092   Code   RO         4783    i.DHT_GetData       dht.o
    0x08001ace   0x08001ace   0x00000002   PAD
    0x08001ad0   0x08001ad0   0x00000058   Code   RO         4784    i.DHT_ReadByte      dht.o
    0x08001b28   0x08001b28   0x00000090   Code   RO         4785    i.DHT_Start         dht.o
    0x08001bb8   0x08001bb8   0x00000108   Code   RO           13    i.DS3231_SetOnce_Safe  main.o
    0x08001cc0   0x08001cc0   0x00000002   Code   RO          874    i.DebugMon_Handler  stm32f1xx_it.o
    0x08001cc2   0x08001cc2   0x00000006   Code   RO           14    i.Error_Handler     main.o
    0x08001cc8   0x08001cc8   0x00000034   Code   RO         1036    i.Get_SerialNum     usbd_desc.o
    0x08001cfc   0x08001cfc   0x00000160   Code   RO         3001    i.HAL_ADC_ConfigChannel  stm32f1xx_hal_adc.o
    0x08001e5c   0x08001e5c   0x00000008   Code   RO         3008    i.HAL_ADC_GetValue  stm32f1xx_hal_adc.o
    0x08001e64   0x08001e64   0x00000144   Code   RO         3010    i.HAL_ADC_Init      stm32f1xx_hal_adc.o
    0x08001fa8   0x08001fa8   0x0000006c   Code   RO          694    i.HAL_ADC_MspInit   adc.o
    0x08002014   0x08002014   0x00000180   Code   RO         3014    i.HAL_ADC_PollForConversion  stm32f1xx_hal_adc.o
    0x08002194   0x08002194   0x00000130   Code   RO         3016    i.HAL_ADC_Start     stm32f1xx_hal_adc.o
    0x080022c4   0x080022c4   0x00000040   Code   RO         3019    i.HAL_ADC_Stop      stm32f1xx_hal_adc.o
    0x08002304   0x08002304   0x00000028   Code   RO         1994    i.HAL_Delay         stm32f1xx_hal.o
    0x0800232c   0x0800232c   0x00000134   Code   RO         2306    i.HAL_GPIO_DeInit   stm32f1xx_hal_gpio.o
    0x08002460   0x08002460   0x00000320   Code   RO         2309    i.HAL_GPIO_Init     stm32f1xx_hal_gpio.o
    0x08002780   0x08002780   0x00000010   Code   RO         2311    i.HAL_GPIO_ReadPin  stm32f1xx_hal_gpio.o
    0x08002790   0x08002790   0x0000000c   Code   RO         2313    i.HAL_GPIO_WritePin  stm32f1xx_hal_gpio.o
    0x0800279c   0x0800279c   0x0000000c   Code   RO         1998    i.HAL_GetTick       stm32f1xx_hal.o
    0x080027a8   0x080027a8   0x0000000c   Code   RO         2001    i.HAL_GetUIDw0      stm32f1xx_hal.o
    0x080027b4   0x080027b4   0x0000000c   Code   RO         2002    i.HAL_GetUIDw1      stm32f1xx_hal.o
    0x080027c0   0x080027c0   0x0000000c   Code   RO         2003    i.HAL_GetUIDw2      stm32f1xx_hal.o
    0x080027cc   0x080027cc   0x000001d0   Code   RO         3282    i.HAL_I2C_Init      stm32f1xx_hal_i2c.o
    0x0800299c   0x0800299c   0x0000036c   Code   RO         3288    i.HAL_I2C_Master_Receive  stm32f1xx_hal_i2c.o
    0x08002d08   0x08002d08   0x00000170   Code   RO         3295    i.HAL_I2C_Master_Transmit  stm32f1xx_hal_i2c.o
    0x08002e78   0x08002e78   0x000000d0   Code   RO          736    i.HAL_I2C_MspInit   i2c.o
    0x08002f48   0x08002f48   0x00000018   Code   RO         2004    i.HAL_IncTick       stm32f1xx_hal.o
    0x08002f60   0x08002f60   0x00000028   Code   RO         2005    i.HAL_Init          stm32f1xx_hal.o
    0x08002f88   0x08002f88   0x0000004c   Code   RO         2006    i.HAL_InitTick      stm32f1xx_hal.o
    0x08002fd4   0x08002fd4   0x00000054   Code   RO          955    i.HAL_MspInit       stm32f1xx_hal_msp.o
    0x08003028   0x08003028   0x00000020   Code   RO         2469    i.HAL_NVIC_EnableIRQ  stm32f1xx_hal_cortex.o
    0x08003048   0x08003048   0x0000007c   Code   RO         2475    i.HAL_NVIC_SetPriority  stm32f1xx_hal_cortex.o
    0x080030c4   0x080030c4   0x00000028   Code   RO         2476    i.HAL_NVIC_SetPriorityGrouping  stm32f1xx_hal_cortex.o
    0x080030ec   0x080030ec   0x00000044   Code   RO         1761    i.HAL_PCDEx_PMAConfig  stm32f1xx_hal_pcd_ex.o
    0x08003130   0x08003130   0x00000002   Code   RO         1178    i.HAL_PCDEx_SetConnectionState  usbd_conf.o
    0x08003132   0x08003132   0x00000020   Code   RO         1180    i.HAL_PCD_DataInStageCallback  usbd_conf.o
    0x08003152   0x08003152   0x00000020   Code   RO         1181    i.HAL_PCD_DataOutStageCallback  usbd_conf.o
    0x08003172   0x08003172   0x0000006a   Code   RO         1532    i.HAL_PCD_EP_Close  stm32f1xx_hal_pcd.o
    0x080031dc   0x080031dc   0x0000007c   Code   RO         1533    i.HAL_PCD_EP_ClrStall  stm32f1xx_hal_pcd.o
    0x08003258   0x08003258   0x00000158   Code   RO         1534    i.HAL_PCD_EP_DB_Receive  stm32f1xx_hal_pcd.o
    0x080033b0   0x080033b0   0x0000053e   Code   RO         1535    i.HAL_PCD_EP_DB_Transmit  stm32f1xx_hal_pcd.o
    0x080038ee   0x080038ee   0x00000016   Code   RO         1537    i.HAL_PCD_EP_GetRxCount  stm32f1xx_hal_pcd.o
    0x08003904   0x08003904   0x00000084   Code   RO         1538    i.HAL_PCD_EP_Open   stm32f1xx_hal_pcd.o
    0x08003988   0x08003988   0x0000003c   Code   RO         1539    i.HAL_PCD_EP_Receive  stm32f1xx_hal_pcd.o
    0x080039c4   0x080039c4   0x00000088   Code   RO         1540    i.HAL_PCD_EP_SetStall  stm32f1xx_hal_pcd.o
    0x08003a4c   0x08003a4c   0x00000046   Code   RO         1541    i.HAL_PCD_EP_Transmit  stm32f1xx_hal_pcd.o
    0x08003a92   0x08003a92   0x000001cc   Code   RO         1543    i.HAL_PCD_IRQHandler  stm32f1xx_hal_pcd.o
    0x08003c5e   0x08003c5e   0x0000013c   Code   RO         1546    i.HAL_PCD_Init      stm32f1xx_hal_pcd.o
    0x08003d9a   0x08003d9a   0x00000002   PAD
    0x08003d9c   0x08003d9c   0x00000044   Code   RO         1186    i.HAL_PCD_MspInit   usbd_conf.o
    0x08003de0   0x08003de0   0x00000024   Code   RO         1187    i.HAL_PCD_ResetCallback  usbd_conf.o
    0x08003e04   0x08003e04   0x0000000e   Code   RO         1188    i.HAL_PCD_ResumeCallback  usbd_conf.o
    0x08003e12   0x08003e12   0x0000000e   Code   RO         1189    i.HAL_PCD_SOFCallback  usbd_conf.o
    0x08003e20   0x08003e20   0x00000034   Code   RO         1552    i.HAL_PCD_SetAddress  stm32f1xx_hal_pcd.o
    0x08003e54   0x08003e54   0x00000012   Code   RO         1190    i.HAL_PCD_SetupStageCallback  usbd_conf.o
    0x08003e66   0x08003e66   0x0000003c   Code   RO         1554    i.HAL_PCD_Start     stm32f1xx_hal_pcd.o
    0x08003ea2   0x08003ea2   0x00000002   PAD
    0x08003ea4   0x08003ea4   0x00000024   Code   RO         1191    i.HAL_PCD_SuspendCallback  usbd_conf.o
    0x08003ec8   0x08003ec8   0x0000000c   Code   RO         2596    i.HAL_PWR_EnableBkUpAccess  stm32f1xx_hal_pwr.o
    0x08003ed4   0x08003ed4   0x000000fc   Code   RO         2270    i.HAL_RCCEx_GetPeriphCLKFreq  stm32f1xx_hal_rcc_ex.o
    0x08003fd0   0x08003fd0   0x00000130   Code   RO         2271    i.HAL_RCCEx_PeriphCLKConfig  stm32f1xx_hal_rcc_ex.o
    0x08004100   0x08004100   0x0000018c   Code   RO         2162    i.HAL_RCC_ClockConfig  stm32f1xx_hal_rcc.o
    0x0800428c   0x0800428c   0x0000000c   Code   RO         2167    i.HAL_RCC_GetHCLKFreq  stm32f1xx_hal_rcc.o
    0x08004298   0x08004298   0x00000020   Code   RO         2169    i.HAL_RCC_GetPCLK1Freq  stm32f1xx_hal_rcc.o
    0x080042b8   0x080042b8   0x00000020   Code   RO         2170    i.HAL_RCC_GetPCLK2Freq  stm32f1xx_hal_rcc.o
    0x080042d8   0x080042d8   0x00000070   Code   RO         2171    i.HAL_RCC_GetSysClockFreq  stm32f1xx_hal_rcc.o
    0x08004348   0x08004348   0x00000464   Code   RO         2174    i.HAL_RCC_OscConfig  stm32f1xx_hal_rcc.o
    0x080047ac   0x080047ac   0x00000018   Code   RO         3923    i.HAL_RTCEx_BKUPRead  stm32f1xx_hal_rtc_ex.o
    0x080047c4   0x080047c4   0x00000018   Code   RO         3924    i.HAL_RTCEx_BKUPWrite  stm32f1xx_hal_rtc_ex.o
    0x080047dc   0x080047dc   0x00000052   Code   RO         3753    i.HAL_RTC_GetDate   stm32f1xx_hal_rtc.o
    0x0800482e   0x0800482e   0x00000104   Code   RO         3755    i.HAL_RTC_GetTime   stm32f1xx_hal_rtc.o
    0x08004932   0x08004932   0x00000002   PAD
    0x08004934   0x08004934   0x000000c0   Code   RO         3756    i.HAL_RTC_Init      stm32f1xx_hal_rtc.o
    0x080049f4   0x080049f4   0x00000040   Code   RO          784    i.HAL_RTC_MspInit   rtc.o
    0x08004a34   0x08004a34   0x000000f8   Code   RO         3762    i.HAL_RTC_SetDate   stm32f1xx_hal_rtc.o
    0x08004b2c   0x08004b2c   0x000000dc   Code   RO         3763    i.HAL_RTC_SetTime   stm32f1xx_hal_rtc.o
    0x08004c08   0x08004c08   0x00000040   Code   RO         3764    i.HAL_RTC_WaitForSynchro  stm32f1xx_hal_rtc.o
    0x08004c48   0x08004c48   0x00000036   Code   RO         4031    i.HAL_SPI_DeInit    stm32f1xx_hal_spi.o
    0x08004c7e   0x08004c7e   0x00000008   Code   RO         4034    i.HAL_SPI_GetState  stm32f1xx_hal_spi.o
    0x08004c86   0x08004c86   0x000000be   Code   RO         4036    i.HAL_SPI_Init      stm32f1xx_hal_spi.o
    0x08004d44   0x08004d44   0x00000058   Code   RO          825    i.HAL_SPI_MspDeInit  spi.o
    0x08004d9c   0x08004d9c   0x000000f8   Code   RO          826    i.HAL_SPI_MspInit   spi.o
    0x08004e94   0x08004e94   0x00000182   Code   RO         4039    i.HAL_SPI_Receive   stm32f1xx_hal_spi.o
    0x08005016   0x08005016   0x000001be   Code   RO         4044    i.HAL_SPI_Transmit  stm32f1xx_hal_spi.o
    0x080051d4   0x080051d4   0x00000248   Code   RO         4045    i.HAL_SPI_TransmitReceive  stm32f1xx_hal_spi.o
    0x0800541c   0x0800541c   0x00000034   Code   RO         2480    i.HAL_SYSTICK_Config  stm32f1xx_hal_cortex.o
    0x08005450   0x08005450   0x00000004   Code   RO          875    i.HardFault_Handler  stm32f1xx_it.o
    0x08005454   0x08005454   0x0000003e   Code   RO         3326    i.I2C_IsAcknowledgeFailed  stm32f1xx_hal_i2c.o
    0x08005492   0x08005492   0x00000002   PAD
    0x08005494   0x08005494   0x00000138   Code   RO         3329    i.I2C_MasterRequestRead  stm32f1xx_hal_i2c.o
    0x080055cc   0x080055cc   0x000000c0   Code   RO         3330    i.I2C_MasterRequestWrite  stm32f1xx_hal_i2c.o
    0x0800568c   0x0800568c   0x00000066   Code   RO         3346    i.I2C_WaitOnBTFFlagUntilTimeout  stm32f1xx_hal_i2c.o
    0x080056f2   0x080056f2   0x000000be   Code   RO         3347    i.I2C_WaitOnFlagUntilTimeout  stm32f1xx_hal_i2c.o
    0x080057b0   0x080057b0   0x000000fa   Code   RO         3348    i.I2C_WaitOnMasterAddressFlagUntilTimeout  stm32f1xx_hal_i2c.o
    0x080058aa   0x080058aa   0x0000008a   Code   RO         3349    i.I2C_WaitOnRXNEFlagUntilTimeout  stm32f1xx_hal_i2c.o
    0x08005934   0x08005934   0x00000066   Code   RO         3352    i.I2C_WaitOnTXEFlagUntilTimeout  stm32f1xx_hal_i2c.o
    0x0800599a   0x0800599a   0x0000003e   Code   RO         1037    i.IntToUnicode      usbd_desc.o
    0x080059d8   0x080059d8   0x0000005a   Code   RO         4904    i.LoRa_BurstWrite   lora.o
    0x08005a32   0x08005a32   0x0000006c   Code   RO         4905    i.LoRa_gotoMode     lora.o
    0x08005a9e   0x08005a9e   0x000000ea   Code   RO         4906    i.LoRa_init         lora.o
    0x08005b88   0x08005b88   0x00000006   Code   RO         4907    i.LoRa_isvalid      lora.o
    0x08005b8e   0x08005b8e   0x00000022   Code   RO         4908    i.LoRa_read         lora.o
    0x08005bb0   0x08005bb0   0x0000005c   Code   RO         4909    i.LoRa_readReg      lora.o
    0x08005c0c   0x08005c0c   0x000000c8   Code   RO         4910    i.LoRa_receive      lora.o
    0x08005cd4   0x08005cd4   0x00000074   Code   RO         4912    i.LoRa_setAutoLDO   lora.o
    0x08005d48   0x08005d48   0x00000040   Code   RO         4913    i.LoRa_setFrequency  lora.o
    0x08005d88   0x08005d88   0x00000034   Code   RO         4914    i.LoRa_setLowDaraRateOptimization  lora.o
    0x08005dbc   0x08005dbc   0x00000048   Code   RO         4915    i.LoRa_setOCP       lora.o
    0x08005e04   0x08005e04   0x00000018   Code   RO         4916    i.LoRa_setPower     lora.o
    0x08005e1c   0x08005e1c   0x00000074   Code   RO         4917    i.LoRa_setPower_dBm  lora.o
    0x08005e90   0x08005e90   0x00000040   Code   RO         4918    i.LoRa_setSpreadingFactor  lora.o
    0x08005ed0   0x08005ed0   0x00000018   Code   RO         4919    i.LoRa_setSyncWord  lora.o
    0x08005ee8   0x08005ee8   0x00000024   Code   RO         4920    i.LoRa_setTOMsb_setCRCon  lora.o
    0x08005f0c   0x08005f0c   0x00000044   Code   RO         4921    i.LoRa_startReceiving  lora.o
    0x08005f50   0x08005f50   0x0000008c   Code   RO         4922    i.LoRa_transmit     lora.o
    0x08005fdc   0x08005fdc   0x00000022   Code   RO         4923    i.LoRa_write        lora.o
    0x08005ffe   0x08005ffe   0x0000005c   Code   RO         4924    i.LoRa_writeReg     lora.o
    0x0800605a   0x0800605a   0x00000002   PAD
    0x0800605c   0x0800605c   0x00000034   Code   RO         5055    i.Log_Drop          flashlog.o
    0x08006090   0x08006090   0x00000018   Code   RO         5056    i.Log_Empty         flashlog.o
    0x080060a8   0x080060a8   0x00000050   Code   RO         5057    i.Log_Init          flashlog.o
    0x080060f8   0x080060f8   0x00000084   Code   RO         5058    i.Log_Peek          flashlog.o
    0x0800617c   0x0800617c   0x000000b0   Code   RO         5059    i.Log_Push          flashlog.o
    0x0800622c   0x0800622c   0x00000060   Code   RO          695    i.MX_ADC1_Init      adc.o
    0x0800628c   0x0800628c   0x000001c0   Code   RO          567    i.MX_GPIO_Init      gpio.o
    0x0800644c   0x0800644c   0x0000003c   Code   RO          737    i.MX_I2C1_Init      i2c.o
    0x08006488   0x08006488   0x0000003c   Code   RO          738    i.MX_I2C2_Init      i2c.o
    0x080064c4   0x080064c4   0x00000074   Code   RO          785    i.MX_RTC_Init       rtc.o
    0x08006538   0x08006538   0x00000044   Code   RO          827    i.MX_SPI1_Init      spi.o
    0x0800657c   0x0800657c   0x00000044   Code   RO          828    i.MX_SPI2_Init      spi.o
    0x080065c0   0x080065c0   0x0000004c   Code   RO          979    i.MX_USB_DEVICE_Init  usb_device.o
    0x0800660c   0x0800660c   0x00000004   Code   RO          876    i.MemManage_Handler  stm32f1xx_it.o
    0x08006610   0x08006610   0x00000004   Code   RO          877    i.NMI_Handler       stm32f1xx_it.o
    0x08006614   0x08006614   0x000004ec   Code   RO         1558    i.PCD_EP_ISR_Handler  stm32f1xx_hal_pcd.o
    0x08006b00   0x08006b00   0x00000002   Code   RO          878    i.PendSV_Handler    stm32f1xx_it.o
    0x08006b02   0x08006b02   0x00000002   PAD
    0x08006b04   0x08006b04   0x00000028   Code   RO         2175    i.RCC_Delay         stm32f1xx_hal_rcc.o
    0x08006b2c   0x08006b2c   0x00000016   Code   RO         3765    i.RTC_Bcd2ToByte    stm32f1xx_hal_rtc.o
    0x08006b42   0x08006b42   0x0000001a   Code   RO         3766    i.RTC_ByteToBcd2    stm32f1xx_hal_rtc.o
    0x08006b5c   0x08006b5c   0x000000b6   Code   RO         3767    i.RTC_DateUpdate    stm32f1xx_hal_rtc.o
    0x08006c12   0x08006c12   0x0000003a   Code   RO         3768    i.RTC_EnterInitMode  stm32f1xx_hal_rtc.o
    0x08006c4c   0x08006c4c   0x0000003a   Code   RO         3769    i.RTC_ExitInitMode  stm32f1xx_hal_rtc.o
    0x08006c86   0x08006c86   0x00000032   Code   RO         3770    i.RTC_IsLeapYear    stm32f1xx_hal_rtc.o
    0x08006cb8   0x08006cb8   0x00000018   Code   RO         3771    i.RTC_ReadAlarmCounter  stm32f1xx_hal_rtc.o
    0x08006cd0   0x08006cd0   0x00000034   Code   RO         3772    i.RTC_ReadTimeCounter  stm32f1xx_hal_rtc.o
    0x08006d04   0x08006d04   0x00000084   Code   RO         3773    i.RTC_WeekDayNum    stm32f1xx_hal_rtc.o
    0x08006d88   0x08006d88   0x0000002e   Code   RO         3774    i.RTC_WriteAlarmCounter  stm32f1xx_hal_rtc.o
    0x08006db6   0x08006db6   0x0000002e   Code   RO         3775    i.RTC_WriteTimeCounter  stm32f1xx_hal_rtc.o
    0x08006de4   0x08006de4   0x00000078   Code   RO         4073    i.SPI_EndRxTransaction  stm32f1xx_hal_spi.o
    0x08006e5c   0x08006e5c   0x00000044   Code   RO         4074    i.SPI_EndRxTxTransaction  stm32f1xx_hal_spi.o
    0x08006ea0   0x08006ea0   0x000000d8   Code   RO         4079    i.SPI_WaitFlagStateUntilTimeout  stm32f1xx_hal_spi.o
    0x08006f78   0x08006f78   0x00000002   Code   RO          879    i.SVC_Handler       stm32f1xx_it.o
    0x08006f7a   0x08006f7a   0x00000008   Code   RO          880    i.SysTick_Handler   stm32f1xx_it.o
    0x08006f82   0x08006f82   0x00000002   PAD
    0x08006f84   0x08006f84   0x000000d4   Code   RO           16    i.SystemClock_Config  main.o
    0x08007058   0x08007058   0x00000002   Code   RO         4348    i.SystemInit        system_stm32f1xx.o
    0x0800705a   0x0800705a   0x0000007c   Code   RO         4677    i.USBD_CDC_DataIn   usbd_cdc.o
    0x080070d6   0x080070d6   0x00000034   Code   RO         4678    i.USBD_CDC_DataOut  usbd_cdc.o
    0x0800710a   0x0800710a   0x0000004e   Code   RO         4679    i.USBD_CDC_DeInit   usbd_cdc.o
    0x08007158   0x08007158   0x00000032   Code   RO         4680    i.USBD_CDC_EP0_RxReady  usbd_cdc.o
    0x0800718a   0x0800718a   0x00000002   PAD
    0x0800718c   0x0800718c   0x00000010   Code   RO         4681    i.USBD_CDC_GetDeviceQualifierDescriptor  usbd_cdc.o
    0x0800719c   0x0800719c   0x00000010   Code   RO         4682    i.USBD_CDC_GetFSCfgDesc  usbd_cdc.o
    0x080071ac   0x080071ac   0x00000010   Code   RO         4683    i.USBD_CDC_GetHSCfgDesc  usbd_cdc.o
    0x080071bc   0x080071bc   0x00000010   Code   RO         4684    i.USBD_CDC_GetOtherSpeedCfgDesc  usbd_cdc.o
    0x080071cc   0x080071cc   0x000000b8   Code   RO         4685    i.USBD_CDC_Init     usbd_cdc.o
    0x08007284   0x08007284   0x0000003a   Code   RO         4686    i.USBD_CDC_ReceivePacket  usbd_cdc.o
    0x080072be   0x080072be   0x0000000e   Code   RO         4687    i.USBD_CDC_RegisterInterface  usbd_cdc.o
    0x080072cc   0x080072cc   0x0000000e   Code   RO         4688    i.USBD_CDC_SetRxBuffer  usbd_cdc.o
    0x080072da   0x080072da   0x00000014   Code   RO         4689    i.USBD_CDC_SetTxBuffer  usbd_cdc.o
    0x080072ee   0x080072ee   0x000000f4   Code   RO         4690    i.USBD_CDC_Setup    usbd_cdc.o
    0x080073e2   0x080073e2   0x0000003e   Code   RO         4691    i.USBD_CDC_TransmitPacket  usbd_cdc.o
    0x08007420   0x08007420   0x00000016   Code   RO         4384    i.USBD_ClrClassConfig  usbd_core.o
    0x08007436   0x08007436   0x0000003e   Code   RO         4522    i.USBD_ClrFeature   usbd_ctlreq.o
    0x08007474   0x08007474   0x00000018   Code   RO         4617    i.USBD_CtlContinueRx  usbd_ioreq.o
    0x0800748c   0x0800748c   0x00000018   Code   RO         4618    i.USBD_CtlContinueSendData  usbd_ioreq.o
    0x080074a4   0x080074a4   0x00000018   Code   RO         4523    i.USBD_CtlError     usbd_ctlreq.o
    0x080074bc   0x080074bc   0x00000028   Code   RO         4619    i.USBD_CtlPrepareRx  usbd_ioreq.o
    0x080074e4   0x080074e4   0x0000001a   Code   RO         4620    i.USBD_CtlReceiveStatus  usbd_ioreq.o
    0x080074fe   0x080074fe   0x00000022   Code   RO         4621    i.USBD_CtlSendData  usbd_ioreq.o
    0x08007520   0x08007520   0x0000001a   Code   RO         4622    i.USBD_CtlSendStatus  usbd_ioreq.o
    0x0800753a   0x0800753a   0x00000002   PAD
    0x0800753c   0x0800753c   0x00000034   Code   RO         1038    i.USBD_FS_ConfigStrDescriptor  usbd_desc.o
    0x08007570   0x08007570   0x00000010   Code   RO         1039    i.USBD_FS_DeviceDescriptor  usbd_desc.o
    0x08007580   0x08007580   0x00000038   Code   RO         1040    i.USBD_FS_InterfaceStrDescriptor  usbd_desc.o
    0x080075b8   0x080075b8   0x00000010   Code   RO         1041    i.USBD_FS_LangIDStrDescriptor  usbd_desc.o
    0x080075c8   0x080075c8   0x0000002c   Code   RO         1042    i.USBD_FS_ManufacturerStrDescriptor  usbd_desc.o
    0x080075f4   0x080075f4   0x0000003c   Code   RO         1043    i.USBD_FS_ProductStrDescriptor  usbd_desc.o
    0x08007630   0x08007630   0x00000018   Code   RO         1044    i.USBD_FS_SerialStrDescriptor  usbd_desc.o
    0x08007648   0x08007648   0x00000056   Code   RO         4524    i.USBD_GetConfig    usbd_ctlreq.o
    0x0800769e   0x0800769e   0x000001f4   Code   RO         4525    i.USBD_GetDescriptor  usbd_ctlreq.o
    0x08007892   0x08007892   0x00000014   Code   RO         4526    i.USBD_GetLen       usbd_ctlreq.o
    0x080078a6   0x080078a6   0x0000005a   Code   RO         4527    i.USBD_GetStatus    usbd_ctlreq.o
    0x08007900   0x08007900   0x00000052   Code   RO         4528    i.USBD_GetString    usbd_ctlreq.o
    0x08007952   0x08007952   0x0000002c   Code   RO         1192    i.USBD_Get_USB_Status  usbd_conf.o
    0x0800797e   0x0800797e   0x00000032   Code   RO         4386    i.USBD_Init         usbd_core.o
    0x080079b0   0x080079b0   0x00000026   Code   RO         1193    i.USBD_LL_ClearStallEP  usbd_conf.o
    0x080079d6   0x080079d6   0x00000026   Code   RO         1194    i.USBD_LL_CloseEP   usbd_conf.o
    0x080079fc   0x080079fc   0x00000100   Code   RO         4387    i.USBD_LL_DataInStage  usbd_core.o
    0x08007afc   0x08007afc   0x000000a6   Code   RO         4388    i.USBD_LL_DataOutStage  usbd_core.o
    0x08007ba2   0x08007ba2   0x00000012   Code   RO         1198    i.USBD_LL_GetRxDataSize  usbd_conf.o
    0x08007bb4   0x08007bb4   0x00000084   Code   RO         1199    i.USBD_LL_Init      usbd_conf.o
    0x08007c38   0x08007c38   0x00000038   Code   RO         1200    i.USBD_LL_IsStallEP  usbd_conf.o
    0x08007c70   0x08007c70   0x00000030   Code   RO         1201    i.USBD_LL_OpenEP    usbd_conf.o
    0x08007ca0   0x08007ca0   0x00000030   Code   RO         1202    i.USBD_LL_PrepareReceive  usbd_conf.o
    0x08007cd0   0x08007cd0   0x0000005c   Code   RO         4393    i.USBD_LL_Reset     usbd_core.o
    0x08007d2c   0x08007d2c   0x00000016   Code   RO         4394    i.USBD_LL_Resume    usbd_core.o
    0x08007d42   0x08007d42   0x00000022   Code   RO         4395    i.USBD_LL_SOF       usbd_core.o
    0x08007d64   0x08007d64   0x00000008   Code   RO         4396    i.USBD_LL_SetSpeed  usbd_core.o
    0x08007d6c   0x08007d6c   0x00000026   Code   RO         1203    i.USBD_LL_SetUSBAddress  usbd_conf.o
    0x08007d92   0x08007d92   0x0000006e   Code   RO         4397    i.USBD_LL_SetupStage  usbd_core.o
    0x08007e00   0x08007e00   0x00000026   Code   RO         1204    i.USBD_LL_StallEP   usbd_conf.o
    0x08007e26   0x08007e26   0x0000001e   Code   RO         1205    i.USBD_LL_Start     usbd_conf.o
    0x08007e44   0x08007e44   0x00000014   Code   RO         4398    i.USBD_LL_Suspend   usbd_core.o
    0x08007e58   0x08007e58   0x00000030   Code   RO         1207    i.USBD_LL_Transmit  usbd_conf.o
    0x08007e88   0x08007e88   0x00000028   Code   RO         4529    i.USBD_ParseSetupRequest  usbd_ctlreq.o
    0x08007eb0   0x08007eb0   0x00000010   Code   RO         4399    i.USBD_RegisterClass  usbd_core.o
    0x08007ec0   0x08007ec0   0x00000006   Code   RO         4400    i.USBD_RunTestMode  usbd_core.o
    0x08007ec6   0x08007ec6   0x0000005a   Code   RO         4530    i.USBD_SetAddress   usbd_ctlreq.o
    0x08007f20   0x08007f20   0x00000022   Code   RO         4401    i.USBD_SetClassConfig  usbd_core.o
    0x08007f42   0x08007f42   0x00000002   PAD
    0x08007f44   0x08007f44   0x000000e8   Code   RO         4531    i.USBD_SetConfig    usbd_ctlreq.o
    0x0800802c   0x0800802c   0x00000018   Code   RO         4532    i.USBD_SetFeature   usbd_ctlreq.o
    0x08008044   0x08008044   0x0000000e   Code   RO         4402    i.USBD_Start        usbd_core.o
    0x08008052   0x08008052   0x000000a2   Code   RO         4533    i.USBD_StdDevReq    usbd_ctlreq.o
    0x080080f4   0x080080f4   0x00000238   Code   RO         4534    i.USBD_StdEPReq     usbd_ctlreq.o
    0x0800832c   0x0800832c   0x0000007e   Code   RO         4535    i.USBD_StdItfReq    usbd_ctlreq.o
    0x080083aa   0x080083aa   0x00000002   Code   RO         1208    i.USBD_static_free  usbd_conf.o
    0x080083ac   0x080083ac   0x0000000c   Code   RO         1209    i.USBD_static_malloc  usbd_conf.o
    0x080083b8   0x080083b8   0x000004b0   Code   RO         1801    i.USB_ActivateEndpoint  stm32f1xx_ll_usb.o
    0x08008868   0x08008868   0x00000008   Code   RO         1804    i.USB_CoreInit      stm32f1xx_ll_usb.o
    0x08008870   0x08008870   0x0000027c   Code   RO         1806    i.USB_DeactivateEndpoint  stm32f1xx_ll_usb.o
    0x08008aec   0x08008aec   0x00000006   Code   RO         1807    i.USB_DevConnect    stm32f1xx_ll_usb.o
    0x08008af2   0x08008af2   0x00000006   Code   RO         1808    i.USB_DevDisconnect  stm32f1xx_ll_usb.o
    0x08008af8   0x08008af8   0x00000016   Code   RO         1809    i.USB_DevInit       stm32f1xx_ll_usb.o
    0x08008b0e   0x08008b0e   0x00000014   Code   RO         1810    i.USB_DisableGlobalInt  stm32f1xx_ll_usb.o
    0x08008b22   0x08008b22   0x00000006   Code   RO         1811    i.USB_EP0_OutStart  stm32f1xx_ll_usb.o
    0x08008b28   0x08008b28   0x000000da   Code   RO         1812    i.USB_EPClearStall  stm32f1xx_ll_usb.o
    0x08008c02   0x08008c02   0x0000005c   Code   RO         1813    i.USB_EPSetStall    stm32f1xx_ll_usb.o
    0x08008c5e   0x08008c5e   0x00000a50   Code   RO         1814    i.USB_EPStartXfer   stm32f1xx_ll_usb.o
    0x080096ae   0x080096ae   0x00000012   Code   RO         1816    i.USB_EnableGlobalInt  stm32f1xx_ll_usb.o
    0x080096c0   0x080096c0   0x00000010   Code   RO          881    i.USB_LP_CAN1_RX0_IRQHandler  stm32f1xx_it.o
    0x080096d0   0x080096d0   0x00000008   Code   RO         1823    i.USB_ReadInterrupts  stm32f1xx_ll_usb.o
    0x080096d8   0x080096d8   0x0000004a   Code   RO         1824    i.USB_ReadPMA       stm32f1xx_ll_usb.o
    0x08009722   0x08009722   0x00000006   Code   RO         1825    i.USB_SetCurrentMode  stm32f1xx_ll_usb.o
    0x08009728   0x08009728   0x0000000e   Code   RO         1826    i.USB_SetDevAddress  stm32f1xx_ll_usb.o
    0x08009736   0x08009736   0x00000040   Code   RO         1828    i.USB_WritePMA      stm32f1xx_ll_usb.o
    0x08009776   0x08009776   0x00000004   Code   RO          882    i.UsageFault_Handler  stm32f1xx_it.o
    0x0800977a   0x0800977a   0x00000002   PAD
    0x0800977c   0x0800977c   0x00000058   Code   RO         5192    i.W25Q_EraseSector  w25qxx.o
    0x080097d4   0x080097d4   0x0000004c   Code   RO         5193    i.W25Q_ForceSPI2_Mode0  w25qxx.o
    0x08009820   0x08009820   0x00000060   Code   RO         5194    i.W25Q_Read         w25qxx.o
    0x08009880   0x08009880   0x00000058   Code   RO         5195    i.W25Q_ReadID       w25qxx.o
    0x080098d8   0x080098d8   0x00000048   Code   RO         5196    i.W25Q_ReadStatus1  w25qxx.o
    0x08009920   0x08009920   0x0000004c   Code   RO         5197    i.W25Q_ReleasePowerDown  w25qxx.o
    0x0800996c   0x0800996c   0x00000050   Code   RO         5198    i.W25Q_Reset        w25qxx.o
    0x080099bc   0x080099bc   0x00000018   Code   RO         5199    i.W25Q_WaitWhileBusy  w25qxx.o
    0x080099d4   0x080099d4   0x00000034   Code   RO         5200    i.W25Q_Write        w25qxx.o
    0x08009a08   0x08009a08   0x00000034   Code   RO         5201    i.W25Q_WriteEnable  w25qxx.o
    0x08009a3c   0x08009a3c   0x00000028   Code   RO         5492    i.__ARM_fpclassify  m_ws.l(fpclassify.o)
    0x08009a64   0x08009a64   0x0000000e   Code   RO           17    i.__ARM_isnanf      main.o
    0x08009a72   0x08009a72   0x00000002   PAD
    0x08009a74   0x08009a74   0x00000010   Code   RO         2482    i.__NVIC_GetPriorityGrouping  stm32f1xx_hal_cortex.o
    0x08009a84   0x08009a84   0x00000028   Code   RO         2483    i.__NVIC_SetPriority  stm32f1xx_hal_cortex.o
    0x08009aac   0x08009aac   0x0000000e   Code   RO         5323    i._is_digit         c_w.l(__printf_wp.o)
    0x08009aba   0x08009aba   0x00000026   Code   RO           18    i.adc_read_avg      main.o
    0x08009ae0   0x08009ae0   0x00000044   Code   RO           19    i.adc_read_single   main.o
    0x08009b24   0x08009b24   0x000001a4   Code   RO           20    i.apply_cmd_from_ack  main.o
    0x08009cc8   0x08009cc8   0x0000003e   Code   RO         5060    i.area_read         flashlog.o
    0x08009d06   0x08009d06   0x00000014   Code   RO         5061    i.area_wrap         flashlog.o
    0x08009d1a   0x08009d1a   0x0000003e   Code   RO         5062    i.area_write        flashlog.o
    0x08009d58   0x08009d58   0x0000000e   Code   RO           21    i.bcd2bin           main.o
    0x08009d66   0x08009d66   0x00000012   Code   RO           22    i.bin2bcd           main.o
    0x08009d78   0x08009d78   0x00000120   Code   RO           23    i.buttons_task      main.o
    0x08009e98   0x08009e98   0x00000084   Code   RO           24    i.bw_to_str         main.o
    0x08009f1c   0x08009f1c   0x00000080   Code   RO           25    i.cdc_send_line     main.o
    0x08009f9c   0x08009f9c   0x0000004a   Code   RO           26    i.center20          main.o
    0x08009fe6   0x08009fe6   0x00000002   PAD
    0x08009fe8   0x08009fe8   0x00000108   Code   RO           27    i.changed_enough    main.o
    0x0800a0f0   0x0800a0f0   0x000000f0   Code   RO           28    i.civil_from_days   main.o
    0x0800a1e0   0x0800a1e0   0x0000003c   Code   RO           29    i.cr_to_str         main.o
    0x0800a21c   0x0800a21c   0x0000002c   Code   RO         5158    i.crc16_acc_byte    uplink_patch.o
    0x0800a248   0x0800a248   0x00000042   Code   RO           30    i.crc16_ccitt       main.o
    0x0800a28a   0x0800a28a   0x00000002   PAD
    0x0800a28c   0x0800a28c   0x00000084   Code   RO           31    i.days_from_civil   main.o
    0x0800a310   0x0800a310   0x0000003e   Code   RO           32    i.debounce_step     main.o
    0x0800a34e   0x0800a34e   0x00000002   PAD
    0x0800a350   0x0800a350   0x0000002c   Code   RO         4786    i.delay_us          dht.o
    0x0800a37c   0x0800a37c   0x0000001a   Code   RO           34    i.dot_to_comma      main.o
    0x0800a396   0x0800a396   0x00000024   Code   RO           35    i.ds3231_clear_osf  main.o
    0x0800a3ba   0x0800a3ba   0x00000074   Code   RO           36    i.ds3231_get_tm     main.o
    0x0800a42e   0x0800a42e   0x00000002   PAD
    0x0800a430   0x0800a430   0x00000040   Code   RO           37    i.ds3231_read_regs  main.o
    0x0800a470   0x0800a470   0x00000018   Code   RO           38    i.ds3231_read_status  main.o
    0x0800a488   0x0800a488   0x00000066   Code   RO           39    i.ds3231_set_tm     main.o
    0x0800a4ee   0x0800a4ee   0x00000002   PAD
    0x0800a4f0   0x0800a4f0   0x00000040   Code   RO           40    i.ds3231_write_regs  main.o
    0x0800a530   0x0800a530   0x0000003e   Code   RO         5063    i.ensure_erased_for_range  flashlog.o
    0x0800a56e   0x0800a56e   0x00000002   PAD
    0x0800a570   0x0800a570   0x000000b4   Code   RO           41    i.flash_debug_head_once  main.o
    0x0800a624   0x0800a624   0x00000044   Code   RO         5064    i.flashlog_crc16_ccitt  flashlog.o
    0x0800a668   0x0800a668   0x00000040   Code   RO         5065    i.format_area       flashlog.o
    0x0800a6a8   0x0800a6a8   0x0000001a   Code   RO         5066    i.free_bytes        flashlog.o
    0x0800a6c2   0x0800a6c2   0x00000002   PAD
    0x0800a6c4   0x0800a6c4   0x00000208   Code   RO           42    i.fsm_step          main.o
    0x0800a8cc   0x0800a8cc   0x0000003c   Code   RO           43    i.heartbeat_kick_task  main.o
    0x0800a908   0x0800a908   0x00000054   Code   RO           44    i.iso_from_tm_local  main.o
    0x0800a95c   0x0800a95c   0x00000096   Code   RO           45    i.json_extract_int  main.o
    0x0800a9f2   0x0800a9f2   0x00000002   PAD
    0x0800a9f4   0x0800a9f4   0x00000050   Code   RO           46    i.lcd_boot          main.o
    0x0800aa44   0x0800aa44   0x00000010   Code   RO         4834    i.lcd_clear         i2c-lcd.o
    0x0800aa54   0x0800aa54   0x00000076   Code   RO         4835    i.lcd_init          i2c-lcd.o
    0x0800aaca   0x0800aaca   0x00000002   PAD
    0x0800aacc   0x0800aacc   0x00000028   Code   RO         4836    i.lcd_put_cur       i2c-lcd.o
    0x0800aaf4   0x0800aaf4   0x00000054   Code   RO           47    i.lcd_put_line_if_changed  main.o
    0x0800ab48   0x0800ab48   0x0000000e   Code   RO         4837    i.lcd_send_cmd      i2c-lcd.o
    0x0800ab56   0x0800ab56   0x0000000e   Code   RO         4838    i.lcd_send_data     i2c-lcd.o
    0x0800ab64   0x0800ab64   0x00000016   Code   RO         4839    i.lcd_send_string   i2c-lcd.o
    0x0800ab7a   0x0800ab7a   0x00000042   Code   RO         4840    i.lcd_send_u8       i2c-lcd.o
    0x0800abbc   0x0800abbc   0x00000200   Code   RO           48    i.lcd_show          main.o
    0x0800adbc   0x0800adbc   0x00000028   Code   RO         4841    i.lcd_write4        i2c-lcd.o
    0x0800ade4   0x0800ade4   0x000000c4   Code   RO           49    i.leds_update       main.o
    0x0800aea8   0x0800aea8   0x0000009c   Code   RO           50    i.log_rf_config     main.o
    0x0800af44   0x0800af44   0x00000028   Code   RO           51    i.log_type_str      main.o
    0x0800af6c   0x0800af6c   0x000000f4   Code   RO           52    i.lora_init_params  main.o
    0x0800b060   0x0800b060   0x00000294   Code   RO           53    i.main              main.o
    0x0800b2f4   0x0800b2f4   0x0000001e   Code   RO         5159    i.my_strnlen        uplink_patch.o
    0x0800b312   0x0800b312   0x0000003e   Code   RO         4925    i.newLoRa           lora.o
    0x0800b350   0x0800b350   0x00000024   Code   RO         5067    i.next_rec_addr     flashlog.o
    0x0800b374   0x0800b374   0x00000008   Code   RO           54    i.now_ms            main.o
    0x0800b37c   0x0800b37c   0x00000032   Code   RO           55    i.pad20             main.o
    0x0800b3ae   0x0800b3ae   0x00000002   PAD
    0x0800b3b0   0x0800b3b0   0x00000068   Code   RO         5202    i.page_program      w25qxx.o
    0x0800b418   0x0800b418   0x00000070   Code   RO           56    i.rain_adc_to_wetpct  main.o
    0x0800b488   0x0800b488   0x0000001a   Code   RO         5068    i.read_meta         flashlog.o
    0x0800b4a2   0x0800b4a2   0x00000002   PAD
    0x0800b4a4   0x0800b4a4   0x0000003c   Code   RO           57    i.rh_allows_watering  main.o
    0x0800b4e0   0x0800b4e0   0x00000024   Code   RO           58    i.rng_next          main.o
    0x0800b504   0x0800b504   0x00000094   Code   RO           59    i.rtc_epoch_utc     main.o
    0x0800b598   0x0800b598   0x000001d0   Code   RO           60    i.send_event_request  main.o
    0x0800b768   0x0800b768   0x000002b8   Code   RO           61    i.send_meas_request  main.o
    0x0800ba20   0x0800ba20   0x0000004c   Code   RO           62    i.sf_to_str         main.o
    0x0800ba6c   0x0800ba6c   0x0000007c   Code   RO           63    i.snapshot_meas     main.o
    0x0800bae8   0x0800bae8   0x00000068   Code   RO           64    i.snapshot_prev     main.o
    0x0800bb50   0x0800bb50   0x00000064   Code   RO           65    i.soil_adc_to_percent  main.o
    0x0800bbb4   0x0800bbb4   0x0000003c   Code   RO           66    i.tm_to_epoch_utc   main.o
    0x0800bbf0   0x0800bbf0   0x0000005c   Code   RO           67    i.tx_finish_fail    main.o
    0x0800bc4c   0x0800bc4c   0x0000004c   Code   RO           68    i.tx_finish_success  main.o
    0x0800bc98   0x0800bc98   0x000000ec   Code   RO           69    i.tx_handle_rx_and_check_ack  main.o
    0x0800bd84   0x0800bd84   0x00000070   Code   RO           70    i.tx_start_current  main.o
    0x0800bdf4   0x0800bdf4   0x00000140   Code   RO           71    i.tx_task           main.o
    0x0800bf34   0x0800bf34   0x00000034   Code   RO           72    i.txled_start       main.o
    0x0800bf68   0x0800bf68   0x00000080   Code   RO           73    i.txled_task        main.o
    0x0800bfe8   0x0800bfe8   0x00000014   Code   RO           74    i.txq_is_empty      main.o
    0x0800bffc   0x0800bffc   0x00000014   Code   RO           75    i.txq_is_full       main.o
    0x0800c010   0x0800c010   0x00000064   Code   RO           76    i.txq_pop           main.o
    0x0800c074   0x0800c074   0x00000098   Code   RO           77    i.txq_push          main.o
    0x0800c10c   0x0800c10c   0x00000098   Code   RO           78    i.update_rain_adc_debounce  main.o
    0x0800c1a4   0x0800c1a4   0x0000007c   Code   RO           79    i.update_soil_and_dht  main.o
    0x0800c220   0x0800c220   0x00000026   Code   RO         5160    i.uplink_crc16_ccitt  uplink_patch.o
    0x0800c246   0x0800c246   0x00000002   PAD
    0x0800c248   0x0800c248   0x000000e8   Code   RO         5161    i.uplink_set_hist_and_fix_crc  uplink_patch.o
    0x0800c330   0x0800c330   0x0000002c   Code   RO         5069    i.used_bytes        flashlog.o
    0x0800c35c   0x0800c35c   0x0000004c   Code   RO         4787    i.wait_level        dht.o
    0x0800c3a8   0x0800c3a8   0x00000016   Code   RO         5070    i.write_meta        flashlog.o
    0x0800c3be   0x0800c3be   0x00000002   PAD
    0x0800c3c0   0x0800c3c0   0x0000002c   Code   RO         5486    locale$$code        c_w.l(lc_numeric_c.o)
    0x0800c3ec   0x0800c3ec   0x00000018   Code   RO         5488    x$fpl$dcmpinf       fz_ws.l(dcmpi.o)
    0x0800c404   0x0800c404   0x000002b0   Code   RO         5362    x$fpl$ddiv          fz_ws.l(ddiv.o)
    0x0800c6b4   0x0800c6b4   0x0000005e   Code   RO         5365    x$fpl$dfix          fz_ws.l(dfix.o)
    0x0800c712   0x0800c712   0x0000002e   Code   RO         5370    x$fpl$dflt          fz_ws.l(dflt_clz.o)
    0x0800c740   0x0800c740   0x00000078   Code   RO         5421    x$fpl$dleqf         fz_ws.l(dleqf.o)
    0x0800c7b8   0x0800c7b8   0x0000009c   Code   RO         5423    x$fpl$dnaninf       fz_ws.l(dnaninf.o)
    0x0800c854   0x0800c854   0x0000000c   Code   RO         5425    x$fpl$dretinf       fz_ws.l(dretinf.o)
    0x0800c860   0x0800c860   0x0000006c   Code   RO         5375    x$fpl$drleqf        fz_ws.l(drleqf.o)
    0x0800c8cc   0x0800c8cc   0x00000056   Code   RO         5377    x$fpl$f2d           fz_ws.l(f2d.o)
    0x0800c922   0x0800c922   0x00000002   PAD
    0x0800c924   0x0800c924   0x000000c4   Code   RO         5379    x$fpl$fadd          fz_ws.l(faddsub_clz.o)
    0x0800c9e8   0x0800c9e8   0x00000018   Code   RO         5427    x$fpl$fcmpinf       fz_ws.l(fcmpi.o)
    0x0800ca00   0x0800ca00   0x00000184   Code   RO         5386    x$fpl$fdiv          fz_ws.l(fdiv.o)
    0x0800cb84   0x0800cb84   0x00000068   Code   RO         5389    x$fpl$feqf          fz_ws.l(feqf.o)
    0x0800cbec   0x0800cbec   0x00000026   Code   RO         5391    x$fpl$ffltu         fz_ws.l(fflt_clz.o)
    0x0800cc12   0x0800cc12   0x00000002   PAD
    0x0800cc14   0x0800cc14   0x00000068   Code   RO         5397    x$fpl$fleqf         fz_ws.l(fleqf.o)
    0x0800cc7c   0x0800cc7c   0x00000102   Code   RO         5399    x$fpl$fmul          fz_ws.l(fmul.o)
    0x0800cd7e   0x0800cd7e   0x0000008c   Code   RO         5429    x$fpl$fnaninf       fz_ws.l(fnaninf.o)
    0x0800ce0a   0x0800ce0a   0x0000000a   Code   RO         5431    x$fpl$fretinf       fz_ws.l(fretinf.o)
    0x0800ce14   0x0800ce14   0x00000062   Code   RO         5401    x$fpl$frleqf        fz_ws.l(frleqf.o)
    0x0800ce76   0x0800ce76   0x00000014   Code   RO         5380    x$fpl$frsb          fz_ws.l(faddsub_clz.o)
    0x0800ce8a   0x0800ce8a   0x00000002   PAD
    0x0800ce8c   0x0800ce8c   0x000000ea   Code   RO         5381    x$fpl$fsub          fz_ws.l(faddsub_clz.o)
    0x0800cf76   0x0800cf76   0x00000004   Code   RO         5403    x$fpl$printf1       fz_ws.l(printf1.o)
    0x0800cf7a   0x0800cf7a   0x00000000   Code   RO         5433    x$fpl$usenofp       fz_ws.l(usenofp.o)
    0x0800cf7a   0x0800cf7a   0x00000002   PAD
    0x0800cf7c   0x0800cf7c   0x00000048   Data   RO           81    .constdata          main.o
    0x0800cfc4   0x0800cfc4   0x00000012   Data   RO         2176    .constdata          stm32f1xx_hal_rcc.o
    0x0800cfd6   0x0800cfd6   0x00000012   Data   RO         2272    .constdata          stm32f1xx_hal_rcc_ex.o
    0x0800cfe8   0x0800cfe8   0x00000018   Data   RO         4349    .constdata          system_stm32f1xx.o
    0x0800d000   0x0800d000   0x00000004   Data   RO         4842    .constdata          i2c-lcd.o
    0x0800d004   0x0800d004   0x00000004   PAD
    0x0800d008   0x0800d008   0x00000050   Data   RO         4926    .constdata          lora.o
    0x0800d058   0x0800d058   0x00000028   Data   RO         5296    .constdata          c_w.l(_printf_hex_int.o)
    0x0800d080   0x0800d080   0x00000011   Data   RO         5331    .constdata          c_w.l(__printf_flags_ss_wp.o)
    0x0800d091   0x0800d091   0x00000003   PAD
    0x0800d094   0x0800d094   0x00000094   Data   RO         5461    .constdata          c_w.l(bigflt0.o)
    0x0800d128   0x0800d128   0x00000102   Data   RO           82    .conststring        main.o
    0x0800d22a   0x0800d22a   0x00000002   PAD
    0x0800d22c   0x0800d22c   0x00000020   Data   RO         5633    Region$$Table       anon$$obj.o
    0x0800d24c   0x0800d24c   0x0000001c   Data   RO         5485    locale$$data        c_w.l(lc_numeric_c.o)


    Execution Region RW_IRAM1 (Exec base: 0x20000000, Load base: 0x0800d268, Size: 0x00002550, Max: 0x00005000, ABSOLUTE, COMPRESSED[0x000000dc])

    Exec Addr    Load Addr    Size         Type   Attr      Idx    E Section Name        Object

    0x20000000   COMPRESSED   0x000000a4   Data   RW           83    .data               main.o
    0x200000a4   COMPRESSED   0x0000004e   Data   RW         1046    .data               usbd_desc.o
    0x200000f2   COMPRESSED   0x00000002   PAD
    0x200000f4   COMPRESSED   0x00000010   Data   RW         1132    .data               usbd_cdc_if.o
    0x20000104   COMPRESSED   0x00000009   Data   RW         2012    .data               stm32f1xx_hal.o
    0x2000010d   COMPRESSED   0x00000003   PAD
    0x20000110   COMPRESSED   0x00000004   Data   RW         4350    .data               system_stm32f1xx.o
    0x20000114   COMPRESSED   0x00000001   Data   RW         4536    .data               usbd_ctlreq.o
    0x20000115   COMPRESSED   0x00000003   PAD
    0x20000118   COMPRESSED   0x0000010f   Data   RW         4692    .data               usbd_cdc.o
    0x20000227   COMPRESSED   0x00000001   PAD
    0x20000228        -       0x0000095c   Zero   RW           80    .bss                main.o
    0x20000b84        -       0x00000030   Zero   RW          696    .bss                adc.o
    0x20000bb4        -       0x000000a8   Zero   RW          739    .bss                i2c.o
    0x20000c5c        -       0x00000014   Zero   RW          786    .bss                rtc.o
    0x20000c70        -       0x000000b0   Zero   RW          829    .bss                spi.o
    0x20000d20        -       0x000002c4   Zero   RW          980    .bss                usb_device.o
    0x20000fe4        -       0x00000200   Zero   RW         1045    .bss                usbd_desc.o
    0x200011e4        -       0x00000800   Zero   RW         1131    .bss                usbd_cdc_if.o
    0x200019e4        -       0x000004f8   Zero   RW         1210    .bss                usbd_conf.o
    0x20001edc        -       0x00000010   Zero   RW         5071    .bss                flashlog.o
    0x20001eec        -       0x00000060   Zero   RW         5495    .bss                c_w.l(libspace.o)
    0x20001f4c   COMPRESSED   0x00000004   PAD
    0x20001f50        -       0x00000200   Zero   RW            2    HEAP                startup_stm32f103xb.o
    0x20002150        -       0x00000400   Zero   RW            1    STACK               startup_stm32f103xb.o


==============================================================================

Image component sizes


      Code (inc. data)   RO Data    RW Data    ZI Data      Debug   Object Name

       204         22          0          0         48       1541   adc.o
       546         42          0          0          0       4142   dht.o
       956         40          0          0         16       9343   flashlog.o
       448         18          0          0          0     397879   gpio.o
       330         10          4          0          0       4362   i2c-lcd.o
       328         42          0          0        168       2066   i2c.o
      1728         10         80          0          0      14620   lora.o
      9520       2176        330        164       2396     465827   main.o
       180         22          0          0         20       1475   rtc.o
       472         60          0          0        176       2622   spi.o
        64         26        236          0       1536        784   startup_stm32f103xb.o
       228         54          0          9          0       7074   stm32f1xx_hal.o
      1672         62          0          0          0       6811   stm32f1xx_hal_adc.o
       304         22          0          0          0      29207   stm32f1xx_hal_cortex.o
      1136         58          0          0          0       4097   stm32f1xx_hal_gpio.o
         0          0          0          0          0     431352   stm32f1xx_hal_gpio_ex.o
      3056         54          0          0          0      10994   stm32f1xx_hal_i2c.o
        84          8          0          0          0        838   stm32f1xx_hal_msp.o
      4484          0          0          0          0      14613   stm32f1xx_hal_pcd.o
        68          0          0          0          0       1118   stm32f1xx_hal_pcd_ex.o
        12          4          0          0          0        483   stm32f1xx_hal_pwr.o
      1748         98         18          0          0       5728   stm32f1xx_hal_rcc.o
       556         34         18          0          0       2281   stm32f1xx_hal_rcc_ex.o
      1762         16          0          0          0      12368   stm32f1xx_hal_rtc.o
        48         10          0          0          0       1687   stm32f1xx_hal_rtc_ex.o
      2072          6          0          0          0       8398   stm32f1xx_hal_spi.o
        50          6          0          0          0       4115   stm32f1xx_it.o
      5038          0          0          0          0      18439   stm32f1xx_ll_usb.o
         2          0         24          4          0       1031   system_stm32f1xx.o
       344         38          0          0          0       3147   uplink_patch.o
        76         16          0          0        708       6983   usb_device.o
       964         24          0        271          0      12506   usbd_cdc.o
       192         22          0         16       2048       3292   usbd_cdc_if.o
       842         30          0          0       1272      14121   usbd_conf.o
       850          0          0          0          0       9491   usbd_core.o
      2106         28          0          1          0      10244   usbd_ctlreq.o
       382        118          0         78        512       6277   usbd_desc.o
       174          0          0          0          0       4332   usbd_ioreq.o
       808        100          0          0          0       6217   w25qxx.o

    ----------------------------------------------------------------------
     43888       3276        748        552       8900    1541905   Object Totals
         0          0         32          0          0          0   (incl. Generated)
        54          0          6          9          0          0   (incl. Padding)

    ----------------------------------------------------------------------

      Code (inc. data)   RO Data    RW Data    ZI Data      Debug   Library Member Name

        56          6          0          0          0         88   __2snprintf.o
        90          0          0          0          0          0   __dczerorl2.o
         8          0          0          0          0         68   __main.o
       392          4         17          0          0         92   __printf_flags_ss_wp.o
        14          0          0          0          0         68   __printf_wp.o
         0          0          0          0          0          0   __rtentry.o
        12          0          0          0          0          0   __rtentry2.o
         6          0          0          0          0          0   __rtentry4.o
        52          8          0          0          0          0   __scatter.o
        28          0          0          0          0          0   __scatter_zi.o
        44          0          0          0          0        108   _printf_char.o
        48          6          0          0          0         96   _printf_char_common.o
         6          0          0          0          0          0   _printf_d.o
       120         16          0          0          0         92   _printf_dec.o
         6          0          0          0          0          0   _printf_f.o
      1054          0          0          0          0        216   _printf_fp_dec.o
       128         16          0          0          0         84   _printf_fp_infnan.o
        88          4         40          0          0         88   _printf_hex_int.o
       178          0          0          0          0         88   _printf_intcommon.o
        78          0          0          0          0        108   _printf_pad.o
         0          0          0          0          0          0   _printf_percent.o
         4          0          0          0          0          0   _printf_percent_end.o
         6          0          0          0          0          0   _printf_s.o
        82          0          0          0          0         80   _printf_str.o
         6          0          0          0          0          0   _printf_u.o
         6          0          0          0          0          0   _printf_x.o
        16          0          0          0          0         68   _snputc.o
        10          0          0          0          0         68   _sputc.o
       228          4        148          0          0         96   bigflt0.o
      1936        128          0          0          0        672   btod.o
        18          0          0          0          0         80   exit.o
         6          0          0          0          0        152   heapauxi.o
         0          0          0          0          0          0   indicate_semi.o
        44         10         28          0          0         76   lc_numeric_c.o
         2          0          0          0          0          0   libinit.o
        18          0          0          0          0          0   libinit2.o
         2          0          0          0          0          0   libshutdown.o
         2          0          0          0          0          0   libshutdown2.o
         8          4          0          0         96         68   libspace.o
       138          0          0          0          0         80   lludiv10.o
         8          4          0          0          0         68   rt_locale_intlibspace.o
        68          0          0          0          0         68   rt_memclr.o
        78          0          0          0          0         80   rt_memclr_w.o
       138          0          0          0          0         68   rt_memcpy_v6.o
       100          0          0          0          0         80   rt_memcpy_w.o
         2          0          0          0          0          0   rtexit.o
        10          0          0          0          0          0   rtexit2.o
        20          0          0          0          0         68   strchr.o
       128          0          0          0          0         68   strcmpv7m.o
        72          0          0          0          0         80   strcpy.o
        62          0          0          0          0         76   strlen.o
       150          0          0          0          0         80   strncmp.o
        86          0          0          0          0         76   strncpy.o
        36          0          0          0          0         80   strstr.o
        12          4          0          0          0         68   sys_exit.o
        74          0          0          0          0         80   sys_stackheap_outer.o
         2          0          0          0          0         68   use_no_semi.o
        24          0          0          0          0         68   dcmpi.o
       688        140          0          0          0        208   ddiv.o
        94          4          0          0          0         92   dfix.o
        46          0          0          0          0         68   dflt_clz.o
       120          4          0          0          0         92   dleqf.o
       156          4          0          0          0         92   dnaninf.o
        12          0          0          0          0         68   dretinf.o
       108          0          0          0          0         80   drleqf.o
        86          4          0          0          0         84   f2d.o
       450          8          0          0          0        236   faddsub_clz.o
        24          0          0          0          0         68   fcmpi.o
       388         76          0          0          0         96   fdiv.o
       104          4          0          0          0         84   feqf.o
        38          0          0          0          0         68   fflt_clz.o
       104          4          0          0          0         84   fleqf.o
       258          4          0          0          0         84   fmul.o
       140          4          0          0          0         84   fnaninf.o
        10          0          0          0          0         68   fretinf.o
        98          0          0          0          0         68   frleqf.o
         4          0          0          0          0         68   printf1.o
         0          0          0          0          0          0   usenofp.o
        40          0          0          0          0         68   fpclassify.o

    ----------------------------------------------------------------------
      8992        470        236          0        100       5672   Library Totals
        14          0          3          0          4          0   (incl. Padding)

    ----------------------------------------------------------------------

      Code (inc. data)   RO Data    RW Data    ZI Data      Debug   Library Name

      5986        214        233          0         96       3744   c_w.l
      2952        256          0          0          0       1860   fz_ws.l
        40          0          0          0          0         68   m_ws.l

    ----------------------------------------------------------------------
      8992        470        236          0        100       5672   Library Totals

    ----------------------------------------------------------------------

==============================================================================


      Code (inc. data)   RO Data    RW Data    ZI Data      Debug   

     52880       3746        984        552       9000    1526409   Grand Totals
     52880       3746        984        220       9000    1526409   ELF Image Totals (compressed)
     52880       3746        984        220          0          0   ROM Totals

==============================================================================

    Total RO  Size (Code + RO Data)                53864 (  52.60kB)
    Total RW  Size (RW Data + ZI Data)              9552 (   9.33kB)
    Total ROM Size (Code + RO Data + RW Data)      54084 (  52.82kB)

==============================================================================

