Component: ARM Compiler 5.06 update 6 (build 750) Tool: armlink [4d35ed]

==============================================================================

Section Cross References

    startup_stm32f103xb.o(STACK) refers (Special) to heapauxi.o(.text) for __use_two_region_memory
    startup_stm32f103xb.o(HEAP) refers (Special) to heapauxi.o(.text) for __use_two_region_memory
    startup_stm32f103xb.o(RESET) refers (Special) to heapauxi.o(.text) for __use_two_region_memory
    startup_stm32f103xb.o(RESET) refers to startup_stm32f103xb.o(STACK) for __initial_sp
    startup_stm32f103xb.o(RESET) refers to startup_stm32f103xb.o(.text) for Reset_Handler
    startup_stm32f103xb.o(RESET) refers to stm32f1xx_it.o(i.NMI_Handler) for NMI_Handler
    startup_stm32f103xb.o(RESET) refers to stm32f1xx_it.o(i.HardFault_Handler) for HardFault_Handler
    startup_stm32f103xb.o(RESET) refers to stm32f1xx_it.o(i.MemManage_Handler) for MemManage_Handler
    startup_stm32f103xb.o(RESET) refers to stm32f1xx_it.o(i.BusFault_Handler) for BusFault_Handler
    startup_stm32f103xb.o(RESET) refers to stm32f1xx_it.o(i.UsageFault_Handler) for UsageFault_Handler
    startup_stm32f103xb.o(RESET) refers to stm32f1xx_it.o(i.SVC_Handler) for SVC_Handler
    startup_stm32f103xb.o(RESET) refers to stm32f1xx_it.o(i.DebugMon_Handler) for DebugMon_Handler
    startup_stm32f103xb.o(RESET) refers to stm32f1xx_it.o(i.PendSV_Handler) for PendSV_Handler
    startup_stm32f103xb.o(RESET) refers to stm32f1xx_it.o(i.SysTick_Handler) for SysTick_Handler
    startup_stm32f103xb.o(RESET) refers to stm32f1xx_it.o(i.USB_LP_CAN1_RX0_IRQHandler) for USB_LP_CAN1_RX0_IRQHandler
    startup_stm32f103xb.o(.text) refers (Special) to heapauxi.o(.text) for __use_two_region_memory
    startup_stm32f103xb.o(.text) refers to system_stm32f1xx.o(i.SystemInit) for SystemInit
    startup_stm32f103xb.o(.text) refers to __main.o(!!!main) for __main
    startup_stm32f103xb.o(.text) refers to startup_stm32f103xb.o(HEAP) for Heap_Mem
    startup_stm32f103xb.o(.text) refers to startup_stm32f103xb.o(STACK) for Stack_Mem
    main.o(i.DS3231_SetOnce_Safe) refers to stm32f1xx_hal_rtc_ex.o(i.HAL_RTCEx_BKUPRead) for HAL_RTCEx_BKUPRead
    main.o(i.DS3231_SetOnce_Safe) refers to main.o(i.ds3231_get_tm) for ds3231_get_tm
    main.o(i.DS3231_SetOnce_Safe) refers to main.o(i.ds3231_read_status) for ds3231_read_status
    main.o(i.DS3231_SetOnce_Safe) refers to rt_memclr_w.o(.text) for __aeabi_memclr4
    main.o(i.DS3231_SetOnce_Safe) refers to main.o(i.ds3231_set_tm) for ds3231_set_tm
    main.o(i.DS3231_SetOnce_Safe) refers to main.o(i.ds3231_clear_osf) for ds3231_clear_osf
    main.o(i.DS3231_SetOnce_Safe) refers to stm32f1xx_hal_rtc_ex.o(i.HAL_RTCEx_BKUPWrite) for HAL_RTCEx_BKUPWrite
    main.o(i.DS3231_SetOnce_Safe) refers to main.o(i.cdc_send_line) for cdc_send_line
    main.o(i.DS3231_SetOnce_Safe) refers to rtc.o(.bss) for hrtc
    main.o(i.RTC_SetOnce_IfNeeded) refers to stm32f1xx_hal_rtc_ex.o(i.HAL_RTCEx_BKUPRead) for HAL_RTCEx_BKUPRead
    main.o(i.RTC_SetOnce_IfNeeded) refers to stm32f1xx_hal_rtc.o(i.HAL_RTC_SetTime) for HAL_RTC_SetTime
    main.o(i.RTC_SetOnce_IfNeeded) refers to stm32f1xx_hal_rtc.o(i.HAL_RTC_SetDate) for HAL_RTC_SetDate
    main.o(i.RTC_SetOnce_IfNeeded) refers to stm32f1xx_hal_rtc_ex.o(i.HAL_RTCEx_BKUPWrite) for HAL_RTCEx_BKUPWrite
    main.o(i.RTC_SetOnce_IfNeeded) refers to rtc.o(.bss) for hrtc
    main.o(i.SystemClock_Config) refers to rt_memclr_w.o(.text) for __aeabi_memclr4
    main.o(i.SystemClock_Config) refers to stm32f1xx_hal_pwr.o(i.HAL_PWR_EnableBkUpAccess) for HAL_PWR_EnableBkUpAccess
    main.o(i.SystemClock_Config) refers to stm32f1xx_hal_rcc.o(i.HAL_RCC_OscConfig) for HAL_RCC_OscConfig
    main.o(i.SystemClock_Config) refers to main.o(i.Error_Handler) for Error_Handler
    main.o(i.SystemClock_Config) refers to stm32f1xx_hal_rcc.o(i.HAL_RCC_ClockConfig) for HAL_RCC_ClockConfig
    main.o(i.SystemClock_Config) refers to stm32f1xx_hal_rcc_ex.o(i.HAL_RCCEx_PeriphCLKConfig) for HAL_RCCEx_PeriphCLKConfig
    main.o(i.adc_read_avg) refers to main.o(i.adc_read_single) for adc_read_single
    main.o(i.adc_read_single) refers to stm32f1xx_hal_adc.o(i.HAL_ADC_ConfigChannel) for HAL_ADC_ConfigChannel
    main.o(i.adc_read_single) refers to stm32f1xx_hal_adc.o(i.HAL_ADC_Start) for HAL_ADC_Start
    main.o(i.adc_read_single) refers to stm32f1xx_hal_adc.o(i.HAL_ADC_PollForConversion) for HAL_ADC_PollForConversion
    main.o(i.adc_read_single) refers to stm32f1xx_hal_adc.o(i.HAL_ADC_GetValue) for HAL_ADC_GetValue
    main.o(i.adc_read_single) refers to stm32f1xx_hal_adc.o(i.HAL_ADC_Stop) for HAL_ADC_Stop
    main.o(i.adc_read_single) refers to adc.o(.bss) for hadc1
    main.o(i.apply_cmd_from_ack) refers to main.o(i.json_extract_int) for json_extract_int
    main.o(i.apply_cmd_from_ack) refers to stm32f1xx_hal_gpio.o(i.HAL_GPIO_WritePin) for HAL_GPIO_WritePin
    main.o(i.apply_cmd_from_ack) refers to main.o(i.now_ms) for now_ms
[...]
    HAL_IncTick                              0x08002f35   Thumb Code    16  stm32f1xx_hal.o(i.HAL_IncTick)
    HAL_Init                                 0x08002f4d   Thumb Code    34  stm32f1xx_hal.o(i.HAL_Init)
    HAL_InitTick                             0x08002f75   Thumb Code    64  stm32f1xx_hal.o(i.HAL_InitTick)
    HAL_MspInit                              0x08002fc1   Thumb Code    76  stm32f1xx_hal_msp.o(i.HAL_MspInit)
    HAL_NVIC_EnableIRQ                       0x08003015   Thumb Code    32  stm32f1xx_hal_cortex.o(i.HAL_NVIC_EnableIRQ)
    HAL_NVIC_SetPriority                     0x08003035   Thumb Code   124  stm32f1xx_hal_cortex.o(i.HAL_NVIC_SetPriority)
    HAL_NVIC_SetPriorityGrouping             0x080030b1   Thumb Code    32  stm32f1xx_hal_cortex.o(i.HAL_NVIC_SetPriorityGrouping)
    HAL_PCDEx_PMAConfig                      0x080030d9   Thumb Code    68  stm32f1xx_hal_pcd_ex.o(i.HAL_PCDEx_PMAConfig)
    HAL_PCDEx_SetConnectionState             0x0800311d   Thumb Code     2  usbd_conf.o(i.HAL_PCDEx_SetConnectionState)
    HAL_PCD_DataInStageCallback              0x0800311f   Thumb Code    32  usbd_conf.o(i.HAL_PCD_DataInStageCallback)
    HAL_PCD_DataOutStageCallback             0x0800313f   Thumb Code    32  usbd_conf.o(i.HAL_PCD_DataOutStageCallback)
    HAL_PCD_EP_Close                         0x0800315f   Thumb Code   106  stm32f1xx_hal_pcd.o(i.HAL_PCD_EP_Close)
    HAL_PCD_EP_ClrStall                      0x080031c9   Thumb Code   124  stm32f1xx_hal_pcd.o(i.HAL_PCD_EP_ClrStall)
    HAL_PCD_EP_GetRxCount                    0x080038db   Thumb Code    22  stm32f1xx_hal_pcd.o(i.HAL_PCD_EP_GetRxCount)
    HAL_PCD_EP_Open                          0x080038f1   Thumb Code   132  stm32f1xx_hal_pcd.o(i.HAL_PCD_EP_Open)
    HAL_PCD_EP_Receive                       0x08003975   Thumb Code    60  stm32f1xx_hal_pcd.o(i.HAL_PCD_EP_Receive)
    HAL_PCD_EP_SetStall                      0x080039b1   Thumb Code   136  stm32f1xx_hal_pcd.o(i.HAL_PCD_EP_SetStall)
    HAL_PCD_EP_Transmit                      0x08003a39   Thumb Code    70  stm32f1xx_hal_pcd.o(i.HAL_PCD_EP_Transmit)
    HAL_PCD_IRQHandler                       0x08003a7f   Thumb Code   460  stm32f1xx_hal_pcd.o(i.HAL_PCD_IRQHandler)
    HAL_PCD_Init                             0x08003c4b   Thumb Code   316  stm32f1xx_hal_pcd.o(i.HAL_PCD_Init)
    HAL_PCD_MspInit                          0x08003d89   Thumb Code    58  usbd_conf.o(i.HAL_PCD_MspInit)
    HAL_PCD_ResetCallback                    0x08003dcd   Thumb Code    36  usbd_conf.o(i.HAL_PCD_ResetCallback)
    HAL_PCD_ResumeCallback                   0x08003df1   Thumb Code    14  usbd_conf.o(i.HAL_PCD_ResumeCallback)
    HAL_PCD_SOFCallback                      0x08003dff   Thumb Code    14  usbd_conf.o(i.HAL_PCD_SOFCallback)
    HAL_PCD_SetAddress                       0x08003e0d   Thumb Code    52  stm32f1xx_hal_pcd.o(i.HAL_PCD_SetAddress)
    HAL_PCD_SetupStageCallback               0x08003e41   Thumb Code    18  usbd_conf.o(i.HAL_PCD_SetupStageCallback)
    HAL_PCD_Start                            0x08003e53   Thumb Code    60  stm32f1xx_hal_pcd.o(i.HAL_PCD_Start)
    HAL_PCD_SuspendCallback                  0x08003e91   Thumb Code    30  usbd_conf.o(i.HAL_PCD_SuspendCallback)
    HAL_PWR_EnableBkUpAccess                 0x08003eb5   Thumb Code     8  stm32f1xx_hal_pwr.o(i.HAL_PWR_EnableBkUpAccess)
    HAL_RCCEx_GetPeriphCLKFreq               0x08003ec1   Thumb Code   232  stm32f1xx_hal_rcc_ex.o(i.HAL_RCCEx_GetPeriphCLKFreq)
    HAL_RCCEx_PeriphCLKConfig                0x08003fbd   Thumb Code   290  stm32f1xx_hal_rcc_ex.o(i.HAL_RCCEx_PeriphCLKConfig)
    HAL_RCC_ClockConfig                      0x080040ed   Thumb Code   376  stm32f1xx_hal_rcc.o(i.HAL_RCC_ClockConfig)
    HAL_RCC_GetHCLKFreq                      0x08004279   Thumb Code     6  stm32f1xx_hal_rcc.o(i.HAL_RCC_GetHCLKFreq)
    HAL_RCC_GetPCLK1Freq                     0x08004285   Thumb Code    22  stm32f1xx_hal_rcc.o(i.HAL_RCC_GetPCLK1Freq)
    HAL_RCC_GetPCLK2Freq                     0x080042a5   Thumb Code    22  stm32f1xx_hal_rcc.o(i.HAL_RCC_GetPCLK2Freq)
    HAL_RCC_GetSysClockFreq                  0x080042c5   Thumb Code    92  stm32f1xx_hal_rcc.o(i.HAL_RCC_GetSysClockFreq)
    HAL_RCC_OscConfig                        0x08004335   Thumb Code  1114  stm32f1xx_hal_rcc.o(i.HAL_RCC_OscConfig)
    HAL_RTCEx_BKUPRead                       0x08004799   Thumb Code    20  stm32f1xx_hal_rtc_ex.o(i.HAL_RTCEx_BKUPRead)
    HAL_RTCEx_BKUPWrite                      0x080047b1   Thumb Code    18  stm32f1xx_hal_rtc_ex.o(i.HAL_RTCEx_BKUPWrite)
    HAL_RTC_GetDate                          0x080047c9   Thumb Code    82  stm32f1xx_hal_rtc.o(i.HAL_RTC_GetDate)
    HAL_RTC_GetTime                          0x0800481b   Thumb Code   260  stm32f1xx_hal_rtc.o(i.HAL_RTC_GetTime)
    HAL_RTC_Init                             0x08004921   Thumb Code   188  stm32f1xx_hal_rtc.o(i.HAL_RTC_Init)
    HAL_RTC_MspInit                          0x080049e1   Thumb Code    52  rtc.o(i.HAL_RTC_MspInit)
    HAL_RTC_SetDate                          0x08004a21   Thumb Code   242  stm32f1xx_hal_rtc.o(i.HAL_RTC_SetDate)
    HAL_RTC_SetTime                          0x08004b19   Thumb Code   214  stm32f1xx_hal_rtc.o(i.HAL_RTC_SetTime)
    HAL_RTC_WaitForSynchro                   0x08004bf5   Thumb Code    64  stm32f1xx_hal_rtc.o(i.HAL_RTC_WaitForSynchro)
    HAL_SPI_DeInit                           0x08004c35   Thumb Code    54  stm32f1xx_hal_spi.o(i.HAL_SPI_DeInit)
    HAL_SPI_GetState                         0x08004c6b   Thumb Code     8  stm32f1xx_hal_spi.o(i.HAL_SPI_GetState)
    HAL_SPI_Init                             0x08004c73   Thumb Code   190  stm32f1xx_hal_spi.o(i.HAL_SPI_Init)
    HAL_SPI_MspDeInit                        0x08004d31   Thumb Code    66  spi.o(i.HAL_SPI_MspDeInit)
    HAL_SPI_MspInit                          0x08004d89   Thumb Code   226  spi.o(i.HAL_SPI_MspInit)
    HAL_SPI_Receive                          0x08004e81   Thumb Code   386  stm32f1xx_hal_spi.o(i.HAL_SPI_Receive)
    HAL_SPI_Transmit                         0x08005003   Thumb Code   446  stm32f1xx_hal_spi.o(i.HAL_SPI_Transmit)
    HAL_SPI_TransmitReceive                  0x080051c1   Thumb Code   584  stm32f1xx_hal_spi.o(i.HAL_SPI_TransmitReceive)
    HAL_SYSTICK_Config                       0x08005409   Thumb Code    52  stm32f1xx_hal_cortex.o(i.HAL_SYSTICK_Config)
    HardFault_Handler                        0x0800543d   Thumb Code     4  stm32f1xx_it.o(i.HardFault_Handler)
    LoRa_BurstWrite                          0x080059c5   Thumb Code    90  lora.o(i.LoRa_BurstWrite)
    LoRa_gotoMode                            0x08005a1f   Thumb Code   108  lora.o(i.LoRa_gotoMode)
    LoRa_init                                0x08005a8b   Thumb Code   234  lora.o(i.LoRa_init)
    LoRa_isvalid                             0x08005b75   Thumb Code     6  lora.o(i.LoRa_isvalid)
    LoRa_read                                0x08005b7b   Thumb Code    34  lora.o(i.LoRa_read)
    LoRa_readReg                             0x08005b9d   Thumb Code    92  lora.o(i.LoRa_readReg)
    LoRa_receive                             0x08005bf9   Thumb Code   200  lora.o(i.LoRa_receive)
    LoRa_setAutoLDO                          0x08005cc1   Thumb Code   106  lora.o(i.LoRa_setAutoLDO)
    LoRa_setFrequency                        0x08005d35   Thumb Code    64  lora.o(i.LoRa_setFrequency)
    LoRa_setLowDaraRateOptimization          0x08005d75   Thumb Code    52  lora.o(i.LoRa_setLowDaraRateOptimization)
    LoRa_setOCP                              0x08005da9   Thumb Code    72  lora.o(i.LoRa_setOCP)
    LoRa_setPower                            0x08005df1   Thumb Code    24  lora.o(i.LoRa_setPower)
    LoRa_setPower_dBm                        0x08005e09   Thumb Code   116  lora.o(i.LoRa_setPower_dBm)
    LoRa_setSpreadingFactor                  0x08005e7d   Thumb Code    64  lora.o(i.LoRa_setSpreadingFactor)
    LoRa_setSyncWord                         0x08005ebd   Thumb Code    24  lora.o(i.LoRa_setSyncWord)
    LoRa_setTOMsb_setCRCon                   0x08005ed5   Thumb Code    36  lora.o(i.LoRa_setTOMsb_setCRCon)
    LoRa_startReceiving                      0x08005ef9   Thumb Code    68  lora.o(i.LoRa_startReceiving)
    LoRa_transmit                            0x08005f3d   Thumb Code   140  lora.o(i.LoRa_transmit)
    LoRa_write                               0x08005fc9   Thumb Code    34  lora.o(i.LoRa_write)
    LoRa_writeReg                            0x08005feb   Thumb Code    92  lora.o(i.LoRa_writeReg)
    Log_Drop                                 0x08006049   Thumb Code    48  flashlog.o(i.Log_Drop)
    Log_Empty                                0x0800607d   Thumb Code    20  flashlog.o(i.Log_Empty)
    Log_Init                                 0x08006095   Thumb Code    72  flashlog.o(i.Log_Init)
    Log_Peek                                 0x080060e5   Thumb Code   126  flashlog.o(i.Log_Peek)
    Log_Push                                 0x08006169   Thumb Code   172  flashlog.o(i.Log_Push)
    MX_ADC1_Init                             0x08006219   Thumb Code    86  adc.o(i.MX_ADC1_Init)
    MX_GPIO_Init                             0x08006279   Thumb Code   326  gpio.o(i.MX_GPIO_Init)
    MX_I2C1_Init                             0x080063d1   Thumb Code    48  i2c.o(i.MX_I2C1_Init)
    MX_I2C2_Init                             0x0800640d   Thumb Code    48  i2c.o(i.MX_I2C2_Init)
    MX_RTC_Init                              0x08006449   Thumb Code   106  rtc.o(i.MX_RTC_Init)
    MX_SPI1_Init                             0x080064bd   Thumb Code    60  spi.o(i.MX_SPI1_Init)
    MX_SPI2_Init                             0x08006501   Thumb Code    60  spi.o(i.MX_SPI2_Init)
    MX_USB_DEVICE_Init                       0x08006545   Thumb Code    60  usb_device.o(i.MX_USB_DEVICE_Init)
    MemManage_Handler                        0x08006591   Thumb Code     4  stm32f1xx_it.o(i.MemManage_Handler)
    NMI_Handler                              0x08006595   Thumb Code     4  stm32f1xx_it.o(i.NMI_Handler)
    PendSV_Handler                           0x08006a85   Thumb Code     2  stm32f1xx_it.o(i.PendSV_Handler)
    SVC_Handler                              0x08006efd   Thumb Code     2  stm32f1xx_it.o(i.SVC_Handler)
    SysTick_Handler                          0x08006eff   Thumb Code     8  stm32f1xx_it.o(i.SysTick_Handler)
    SystemClock_Config                       0x08006f09   Thumb Code   206  main.o(i.SystemClock_Config)
    SystemInit                               0x08006fdd   Thumb Code     2  system_stm32f1xx.o(i.SystemInit)
    USBD_CDC_GetDeviceQualifierDescriptor    0x08007111   Thumb Code    10  usbd_cdc.o(i.USBD_CDC_GetDeviceQualifierDescriptor)
    USBD_CDC_ReceivePacket                   0x08007209   Thumb Code    58  usbd_cdc.o(i.USBD_CDC_ReceivePacket)
    USBD_CDC_RegisterInterface               0x08007243   Thumb Code    14  usbd_cdc.o(i.USBD_CDC_RegisterInterface)
    USBD_CDC_SetRxBuffer                     0x08007251   Thumb Code    14  usbd_cdc.o(i.USBD_CDC_SetRxBuffer)
    USBD_CDC_SetTxBuffer                     0x0800725f   Thumb Code    20  usbd_cdc.o(i.USBD_CDC_SetTxBuffer)
    USBD_CDC_TransmitPacket                  0x08007367   Thumb Code    62  usbd_cdc.o(i.USBD_CDC_TransmitPacket)
    USBD_ClrClassConfig                      0x080073a5   Thumb Code    22  usbd_core.o(i.USBD_ClrClassConfig)
    USBD_CtlContinueRx                       0x080073f9   Thumb Code    24  usbd_ioreq.o(i.USBD_CtlContinueRx)
    USBD_CtlContinueSendData                 0x08007411   Thumb Code    24  usbd_ioreq.o(i.USBD_CtlContinueSendData)
    USBD_CtlError                            0x08007429   Thumb Code    24  usbd_ctlreq.o(i.USBD_CtlError)
    USBD_CtlPrepareRx                        0x08007441   Thumb Code    40  usbd_ioreq.o(i.USBD_CtlPrepareRx)
    USBD_CtlReceiveStatus                    0x08007469   Thumb Code    26  usbd_ioreq.o(i.USBD_CtlReceiveStatus)
    USBD_CtlSendData                         0x08007483   Thumb Code    34  usbd_ioreq.o(i.USBD_CtlSendData)
    USBD_CtlSendStatus                       0x080074a5   Thumb Code    26  usbd_ioreq.o(i.USBD_CtlSendStatus)
    USBD_FS_ConfigStrDescriptor              0x080074c1   Thumb Code    34  usbd_desc.o(i.USBD_FS_ConfigStrDescriptor)
    USBD_FS_DeviceDescriptor                 0x080074f5   Thumb Code    10  usbd_desc.o(i.USBD_FS_DeviceDescriptor)
    USBD_FS_InterfaceStrDescriptor           0x08007505   Thumb Code    34  usbd_desc.o(i.USBD_FS_InterfaceStrDescriptor)
    USBD_FS_LangIDStrDescriptor              0x0800753d   Thumb Code    10  usbd_desc.o(i.USBD_FS_LangIDStrDescriptor)
    USBD_FS_ManufacturerStrDescriptor        0x0800754d   Thumb Code    20  usbd_desc.o(i.USBD_FS_ManufacturerStrDescriptor)
    USBD_FS_ProductStrDescriptor             0x08007579   Thumb Code    34  usbd_desc.o(i.USBD_FS_ProductStrDescriptor)
    USBD_FS_SerialStrDescriptor              0x080075b5   Thumb Code    18  usbd_desc.o(i.USBD_FS_SerialStrDescriptor)
    USBD_GetString                           0x08007885   Thumb Code    82  usbd_ctlreq.o(i.USBD_GetString)
    USBD_Init                                0x08007903   Thumb Code    50  usbd_core.o(i.USBD_Init)
    USBD_LL_ClearStallEP                     0x08007935   Thumb Code    38  usbd_conf.o(i.USBD_LL_ClearStallEP)
    USBD_LL_CloseEP                          0x0800795b   Thumb Code    38  usbd_conf.o(i.USBD_LL_CloseEP)
    USBD_LL_DataInStage                      0x08007981   Thumb Code   256  usbd_core.o(i.USBD_LL_DataInStage)
    USBD_LL_DataOutStage                     0x08007a81   Thumb Code   166  usbd_core.o(i.USBD_LL_DataOutStage)
    USBD_LL_GetRxDataSize                    0x08007b27   Thumb Code    18  usbd_conf.o(i.USBD_LL_GetRxDataSize)
    USBD_LL_Init                             0x08007b39   Thumb Code   124  usbd_conf.o(i.USBD_LL_Init)
    USBD_LL_IsStallEP                        0x08007bbd   Thumb Code    56  usbd_conf.o(i.USBD_LL_IsStallEP)
    USBD_LL_OpenEP                           0x08007bf5   Thumb Code    48  usbd_conf.o(i.USBD_LL_OpenEP)
    USBD_LL_PrepareReceive                   0x08007c25   Thumb Code    48  usbd_conf.o(i.USBD_LL_PrepareReceive)
    USBD_LL_Reset                            0x08007c55   Thumb Code    92  usbd_core.o(i.USBD_LL_Reset)
    USBD_LL_Resume                           0x08007cb1   Thumb Code    22  usbd_core.o(i.USBD_LL_Resume)
    USBD_LL_SOF                              0x08007cc7   Thumb Code    34  usbd_core.o(i.USBD_LL_SOF)
    USBD_LL_SetSpeed                         0x08007ce9   Thumb Code     8  usbd_core.o(i.USBD_LL_SetSpeed)
    USBD_LL_SetUSBAddress                    0x08007cf1   Thumb Code    38  usbd_conf.o(i.USBD_LL_SetUSBAddress)
    USBD_LL_SetupStage                       0x08007d17   Thumb Code   110  usbd_core.o(i.USBD_LL_SetupStage)
    USBD_LL_StallEP                          0x08007d85   Thumb Code    38  usbd_conf.o(i.USBD_LL_StallEP)
    USBD_LL_Start                            0x08007dab   Thumb Code    30  usbd_conf.o(i.USBD_LL_Start)
    USBD_LL_Suspend                          0x08007dc9   Thumb Code    20  usbd_core.o(i.USBD_LL_Suspend)
    USBD_LL_Transmit                         0x08007ddd   Thumb Code    48  usbd_conf.o(i.USBD_LL_Transmit)
    USBD_ParseSetupRequest                   0x08007e0d   Thumb Code    40  usbd_ctlreq.o(i.USBD_ParseSetupRequest)
    USBD_RegisterClass                       0x08007e35   Thumb Code    16  usbd_core.o(i.USBD_RegisterClass)
    USBD_RunTestMode                         0x08007e45   Thumb Code     6  usbd_core.o(i.USBD_RunTestMode)
    USBD_SetClassConfig                      0x08007ea5   Thumb Code    34  usbd_core.o(i.USBD_SetClassConfig)
    USBD_Start                               0x08007fc9   Thumb Code    14  usbd_core.o(i.USBD_Start)
    USBD_StdDevReq                           0x08007fd7   Thumb Code   162  usbd_ctlreq.o(i.USBD_StdDevReq)
    USBD_StdEPReq                            0x08008079   Thumb Code   568  usbd_ctlreq.o(i.USBD_StdEPReq)
    USBD_StdItfReq                           0x080082b1   Thumb Code   126  usbd_ctlreq.o(i.USBD_StdItfReq)
    USBD_static_free                         0x0800832f   Thumb Code     2  usbd_conf.o(i.USBD_static_free)
    USBD_static_malloc                       0x08008331   Thumb Code     6  usbd_conf.o(i.USBD_static_malloc)
    USB_ActivateEndpoint                     0x0800833d   Thumb Code  1200  stm32f1xx_ll_usb.o(i.USB_ActivateEndpoint)
    USB_CoreInit                             0x080087ed   Thumb Code     8  stm32f1xx_ll_usb.o(i.USB_CoreInit)
    USB_DeactivateEndpoint                   0x080087f5   Thumb Code   636  stm32f1xx_ll_usb.o(i.USB_DeactivateEndpoint)
    USB_DevConnect                           0x08008a71   Thumb Code     6  stm32f1xx_ll_usb.o(i.USB_DevConnect)
    USB_DevDisconnect                        0x08008a77   Thumb Code     6  stm32f1xx_ll_usb.o(i.USB_DevDisconnect)
    USB_DevInit                              0x08008a7d   Thumb Code    22  stm32f1xx_ll_usb.o(i.USB_DevInit)
    USB_DisableGlobalInt                     0x08008a93   Thumb Code    20  stm32f1xx_ll_usb.o(i.USB_DisableGlobalInt)
    USB_EP0_OutStart                         0x08008aa7   Thumb Code     6  stm32f1xx_ll_usb.o(i.USB_EP0_OutStart)
    USB_EPClearStall                         0x08008aad   Thumb Code   218  stm32f1xx_ll_usb.o(i.USB_EPClearStall)
    USB_EPSetStall                           0x08008b87   Thumb Code    92  stm32f1xx_ll_usb.o(i.USB_EPSetStall)
    USB_EPStartXfer                          0x08008be3   Thumb Code  2640  stm32f1xx_ll_usb.o(i.USB_EPStartXfer)
    USB_EnableGlobalInt                      0x08009633   Thumb Code    18  stm32f1xx_ll_usb.o(i.USB_EnableGlobalInt)
    USB_LP_CAN1_RX0_IRQHandler               0x08009645   Thumb Code    10  stm32f1xx_it.o(i.USB_LP_CAN1_RX0_IRQHandler)
    USB_ReadInterrupts                       0x08009655   Thumb Code     8  stm32f1xx_ll_usb.o(i.USB_ReadInterrupts)
    USB_ReadPMA                              0x0800965d   Thumb Code    74  stm32f1xx_ll_usb.o(i.USB_ReadPMA)
    USB_SetCurrentMode                       0x080096a7   Thumb Code     6  stm32f1xx_ll_usb.o(i.USB_SetCurrentMode)
    USB_SetDevAddress                        0x080096ad   Thumb Code    14  stm32f1xx_ll_usb.o(i.USB_SetDevAddress)
    USB_WritePMA                             0x080096bb   Thumb Code    64  stm32f1xx_ll_usb.o(i.USB_WritePMA)
    UsageFault_Handler                       0x080096fb   Thumb Code     4  stm32f1xx_it.o(i.UsageFault_Handler)
    W25Q_EraseSector                         0x08009701   Thumb Code    74  w25qxx.o(i.W25Q_EraseSector)
    W25Q_ForceSPI2_Mode0                     0x08009759   Thumb Code    70  w25qxx.o(i.W25Q_ForceSPI2_Mode0)
    W25Q_Read                                0x080097a5   Thumb Code    84  w25qxx.o(i.W25Q_Read)
    W25Q_ReadID                              0x08009805   Thumb Code    74  w25qxx.o(i.W25Q_ReadID)
    W25Q_ReadStatus1                         0x0800985d   Thumb Code    58  w25qxx.o(i.W25Q_ReadStatus1)
    W25Q_ReleasePowerDown                    0x080098a5   Thumb Code    68  w25qxx.o(i.W25Q_ReleasePowerDown)
    W25Q_Reset                               0x080098f1   Thumb Code    68  w25qxx.o(i.W25Q_Reset)
    W25Q_WaitWhileBusy                       0x08009941   Thumb Code    24  w25qxx.o(i.W25Q_WaitWhileBusy)
    W25Q_Write                               0x08009959   Thumb Code    52  w25qxx.o(i.W25Q_Write)
    W25Q_WriteEnable                         0x0800998d   Thumb Code    44  w25qxx.o(i.W25Q_WriteEnable)
    __ARM_fpclassify                         0x080099c1   Thumb Code    40  fpclassify.o(i.__ARM_fpclassify)
    _is_digit                                0x08009a31   Thumb Code    14  __printf_wp.o(i._is_digit)
    flashlog_crc16_ccitt                     0x0800a445   Thumb Code    68  flashlog.o(i.flashlog_crc16_ccitt)
    lcd_clear                                0x0800a86d   Thumb Code    16  i2c-lcd.o(i.lcd_clear)
    lcd_init                                 0x0800a87d   Thumb Code   118  i2c-lcd.o(i.lcd_init)
    lcd_put_cur                              0x0800a8f5   Thumb Code    36  i2c-lcd.o(i.lcd_put_cur)
    lcd_send_cmd                             0x0800a971   Thumb Code    14  i2c-lcd.o(i.lcd_send_cmd)
    lcd_send_data                            0x0800a97f   Thumb Code    14  i2c-lcd.o(i.lcd_send_data)
    lcd_send_string                          0x0800a98d   Thumb Code    22  i2c-lcd.o(i.lcd_send_string)
    main                                     0x0800af51   Thumb Code   426  main.o(i.main)
    newLoRa                                  0x0800b1bb   Thumb Code    62  lora.o(i.newLoRa)
    uplink_crc16_ccitt                       0x0800bd7d   Thumb Code    38  uplink_patch.o(i.uplink_crc16_ccitt)
    uplink_set_hist_and_fix_crc              0x0800bda5   Thumb Code   194  uplink_patch.o(i.uplink_set_hist_and_fix_crc)
    _get_lc_numeric                          0x0800bf1d   Thumb Code    44  lc_numeric_c.o(locale$$code)
    __fpl_dcmp_Inf                           0x0800bf49   Thumb Code    24  dcmpi.o(x$fpl$dcmpinf)
    __aeabi_ddiv                             0x0800bf61   Thumb Code     0  ddiv.o(x$fpl$ddiv)
    _ddiv                                    0x0800bf61   Thumb Code   552  ddiv.o(x$fpl$ddiv)
    __aeabi_d2iz                             0x0800c211   Thumb Code     0  dfix.o(x$fpl$dfix)
    _dfix                                    0x0800c211   Thumb Code    94  dfix.o(x$fpl$dfix)
    __aeabi_i2d                              0x0800c26f   Thumb Code     0  dflt_clz.o(x$fpl$dflt)
    _dflt                                    0x0800c26f   Thumb Code    46  dflt_clz.o(x$fpl$dflt)
    __aeabi_cdcmple                          0x0800c29d   Thumb Code     0  dleqf.o(x$fpl$dleqf)
    _dcmple                                  0x0800c29d   Thumb Code   120  dleqf.o(x$fpl$dleqf)
    __fpl_dcmple_InfNaN                      0x0800c2ff   Thumb Code     0  dleqf.o(x$fpl$dleqf)
    __fpl_dnaninf                            0x0800c315   Thumb Code   156  dnaninf.o(x$fpl$dnaninf)
    __fpl_dretinf                            0x0800c3b1   Thumb Code    12  dretinf.o(x$fpl$dretinf)
    __aeabi_cdrcmple                         0x0800c3bd   Thumb Code     0  drleqf.o(x$fpl$drleqf)
    _drcmple                                 0x0800c3bd   Thumb Code   108  drleqf.o(x$fpl$drleqf)
    __aeabi_f2d                              0x0800c429   Thumb Code     0  f2d.o(x$fpl$f2d)
    _f2d                                     0x0800c429   Thumb Code    86  f2d.o(x$fpl$f2d)
    __aeabi_fadd                             0x0800c481   Thumb Code     0  faddsub_clz.o(x$fpl$fadd)
    _fadd                                    0x0800c481   Thumb Code   196  faddsub_clz.o(x$fpl$fadd)
    __fpl_fcmp_Inf                           0x0800c545   Thumb Code    24  fcmpi.o(x$fpl$fcmpinf)
    __aeabi_fdiv                             0x0800c55d   Thumb Code     0  fdiv.o(x$fpl$fdiv)
    _fdiv                                    0x0800c55d   Thumb Code   384  fdiv.o(x$fpl$fdiv)
    __aeabi_cfcmpeq                          0x0800c6e1   Thumb Code     0  feqf.o(x$fpl$feqf)
    _fcmpeq                                  0x0800c6e1   Thumb Code   104  feqf.o(x$fpl$feqf)
    __aeabi_ui2f                             0x0800c749   Thumb Code     0  fflt_clz.o(x$fpl$ffltu)
    _ffltu                                   0x0800c749   Thumb Code    38  fflt_clz.o(x$fpl$ffltu)
    __aeabi_cfcmple                          0x0800c771   Thumb Code     0  fleqf.o(x$fpl$fleqf)
    _fcmple                                  0x0800c771   Thumb Code   104  fleqf.o(x$fpl$fleqf)
    __fpl_fcmple_InfNaN                      0x0800c7c3   Thumb Code     0  fleqf.o(x$fpl$fleqf)
    __aeabi_fmul                             0x0800c7d9   Thumb Code     0  fmul.o(x$fpl$fmul)
    _fmul                                    0x0800c7d9   Thumb Code   258  fmul.o(x$fpl$fmul)
    __fpl_fnaninf                            0x0800c8db   Thumb Code   140  fnaninf.o(x$fpl$fnaninf)
    __fpl_fretinf                            0x0800c967   Thumb Code    10  fretinf.o(x$fpl$fretinf)
    __aeabi_cfrcmple                         0x0800c971   Thumb Code     0  frleqf.o(x$fpl$frleqf)
    _frcmple                                 0x0800c971   Thumb Code    98  frleqf.o(x$fpl$frleqf)
    __aeabi_frsub                            0x0800c9d3   Thumb Code     0  faddsub_clz.o(x$fpl$frsb)
    _frsb                                    0x0800c9d3   Thumb Code    20  faddsub_clz.o(x$fpl$frsb)
    __aeabi_fsub                             0x0800c9e9   Thumb Code     0  faddsub_clz.o(x$fpl$fsub)
    _fsub                                    0x0800c9e9   Thumb Code   234  faddsub_clz.o(x$fpl$fsub)
    _printf_fp_dec                           0x0800cad3   Thumb Code     4  printf1.o(x$fpl$printf1)
    __I$use$fp                               0x0800cad6   Number         0  usenofp.o(x$fpl$usenofp)
    AHBPrescTable                            0x0800cb44   Data          16  system_stm32f1xx.o(.constdata)
    APBPrescTable                            0x0800cb54   Data           8  system_stm32f1xx.o(.constdata)
    Region$$Table$$Base                      0x0800cd84   Number         0  anon$$obj.o(Region$$Table)
    Region$$Table$$Limit                     0x0800cda4   Number         0  anon$$obj.o(Region$$Table)
    FS_Desc                                  0x20000088   Data          28  usbd_desc.o(.data)
    USBD_FS_DeviceDesc                       0x200000a4   Data          18  usbd_desc.o(.data)
    USBD_LangIDDesc                          0x200000b8   Data           4  usbd_desc.o(.data)
    USBD_StringSerial                        0x200000bc   Data          26  usbd_desc.o(.data)
    USBD_Interface_fops_FS                   0x200000d8   Data          16  usbd_cdc_if.o(.data)
    uwTick                                   0x200000e8   Data           4  stm32f1xx_hal.o(.data)
    uwTickPrio                               0x200000ec   Data           4  stm32f1xx_hal.o(.data)
    uwTickFreq                               0x200000f0   Data           1  stm32f1xx_hal.o(.data)
    SystemCoreClock                          0x200000f4   Data           4  system_stm32f1xx.o(.data)
    USBD_CDC                                 0x20000108   Data          56  usbd_cdc.o(.data)
    USBD_CDC_CfgHSDesc                       0x20000140   Data          67  usbd_cdc.o(.data)
    USBD_CDC_CfgFSDesc                       0x20000184   Data          67  usbd_cdc.o(.data)
    USBD_CDC_OtherSpeedCfgDesc               0x200001c8   Data          67  usbd_cdc.o(.data)
    hadc1                                    0x20000558   Data          48  adc.o(.bss)
    hi2c1                                    0x20000588   Data          84  i2c.o(.bss)
    hi2c2                                    0x200005dc   Data          84  i2c.o(.bss)
    hrtc                                     0x20000630   Data          20  rtc.o(.bss)
    hspi1                                    0x20000644   Data          88  spi.o(.bss)
    hspi2                                    0x2000069c   Data          88  spi.o(.bss)
    hUsbDeviceFS                             0x200006f4   Data         708  usb_device.o(.bss)
    USBD_StrDesc                             0x200009b8   Data         512  usbd_desc.o(.bss)
    UserRxBufferFS                           0x20000bb8   Data        1024  usbd_cdc_if.o(.bss)
    UserTxBufferFS                           0x20000fb8   Data        1024  usbd_cdc_if.o(.bss)
    hpcd_USB_FS                              0x200013b8   Data         728  usbd_conf.o(.bss)
    __libspace_start                         0x200018c0   Data          96  libspace.o(.bss)
    __temporary_stack_top$libspace           0x20001920   Data           0  libspace.o(.bss)



==============================================================================

Memory Map of the image

  Image Entry point : 0x080000ed

  Load Region LR_IROM1 (Base: 0x08000000, Size: 0x0000cfcc, Max: 0x00010000, ABSOLUTE, COMPRESSED[0x0000cea0])

    Execution Region ER_IROM1 (Exec base: 0x08000000, Load base: 0x08000000, Size: 0x0000cdc0, Max: 0x00010000, ABSOLUTE)

    Exec Addr    Load Addr    Size         Type   Attr      Idx    E Section Name        Object

    0x08000000   0x08000000   0x000000ec   Data   RO            3    RESET               startup_stm32f103xb.o
    0x080000ec   0x080000ec   0x00000008   Code   RO         5102  * !!!main             c_w.l(__main.o)
    0x080000f4   0x080000f4   0x00000034   Code   RO         5380    !!!scatter          c_w.l(__scatter.o)
    0x08000128   0x08000128   0x0000005a   Code   RO         5378    !!dczerorl2         c_w.l(__dczerorl2.o)
    0x08000182   0x08000182   0x00000002   PAD
    0x08000184   0x08000184   0x0000001c   Code   RO         5382    !!handler_zi        c_w.l(__scatter_zi.o)
    0x080001a0   0x080001a0   0x00000000   Code   RO         5081    .ARM.Collect$$_printf_percent$$00000000  c_w.l(_printf_percent.o)
    0x080001a0   0x080001a0   0x00000006   Code   RO         5080    .ARM.Collect$$_printf_percent$$00000003  c_w.l(_printf_f.o)
    0x080001a6   0x080001a6   0x00000006   Code   RO         5078    .ARM.Collect$$_printf_percent$$00000009  c_w.l(_printf_d.o)
    0x080001ac   0x080001ac   0x00000006   Code   RO         5079    .ARM.Collect$$_printf_percent$$0000000A  c_w.l(_printf_u.o)
    0x080001b2   0x080001b2   0x00000006   Code   RO         5077    .ARM.Collect$$_printf_percent$$0000000C  c_w.l(_printf_x.o)
    0x080001b8   0x080001b8   0x00000006   Code   RO         5076    .ARM.Collect$$_printf_percent$$00000014  c_w.l(_printf_s.o)
    0x080001be   0x080001be   0x00000004   Code   RO         5161    .ARM.Collect$$_printf_percent$$00000017  c_w.l(_printf_percent_end.o)
    0x080001c2   0x080001c2   0x00000002   Code   RO         5251    .ARM.Collect$$libinit$$00000000  c_w.l(libinit.o)
    0x080001c4   0x080001c4   0x00000000   Code   RO         5253    .ARM.Collect$$libinit$$00000002  c_w.l(libinit2.o)
    0x080001c4   0x080001c4   0x00000000   Code   RO         5255    .ARM.Collect$$libinit$$00000004  c_w.l(libinit2.o)
    0x080001c4   0x080001c4   0x00000000   Code   RO         5258    .ARM.Collect$$libinit$$0000000A  c_w.l(libinit2.o)
    0x080001c4   0x080001c4   0x00000000   Code   RO         5260    .ARM.Collect$$libinit$$0000000C  c_w.l(libinit2.o)
    0x080001c4   0x080001c4   0x00000000   Code   RO         5262    .ARM.Collect$$libinit$$0000000E  c_w.l(libinit2.o)
    0x080001c4   0x080001c4   0x00000006   Code   RO         5263    .ARM.Collect$$libinit$$0000000F  c_w.l(libinit2.o)
    0x080001ca   0x080001ca   0x00000000   Code   RO         5265    .ARM.Collect$$libinit$$00000011  c_w.l(libinit2.o)
    0x080001ca   0x080001ca   0x00000000   Code   RO         5267    .ARM.Collect$$libinit$$00000013  c_w.l(libinit2.o)
    0x080001ca   0x080001ca   0x00000000   Code   RO         5269    .ARM.Collect$$libinit$$00000015  c_w.l(libinit2.o)
    0x080001ca   0x080001ca   0x0000000a   Code   RO         5270    .ARM.Collect$$libinit$$00000016  c_w.l(libinit2.o)
    0x080001d4   0x080001d4   0x00000000   Code   RO         5271    .ARM.Collect$$libinit$$00000017  c_w.l(libinit2.o)
    0x080001d4   0x080001d4   0x00000000   Code   RO         5273    .ARM.Collect$$libinit$$00000019  c_w.l(libinit2.o)
    0x080001d4   0x080001d4   0x00000000   Code   RO         5275    .ARM.Collect$$libinit$$0000001B  c_w.l(libinit2.o)
    0x080001d4   0x080001d4   0x00000000   Code   RO         5277    .ARM.Collect$$libinit$$0000001D  c_w.l(libinit2.o)
    0x080001d4   0x080001d4   0x00000000   Code   RO         5279    .ARM.Collect$$libinit$$0000001F  c_w.l(libinit2.o)
    0x080001d4   0x080001d4   0x00000000   Code   RO         5281    .ARM.Collect$$libinit$$00000021  c_w.l(libinit2.o)
    0x080001d4   0x080001d4   0x00000000   Code   RO         5283    .ARM.Collect$$libinit$$00000023  c_w.l(libinit2.o)
    0x080001d4   0x080001d4   0x00000000   Code   RO         5285    .ARM.Collect$$libinit$$00000025  c_w.l(libinit2.o)
    0x080001d4   0x080001d4   0x00000000   Code   RO         5289    .ARM.Collect$$libinit$$0000002C  c_w.l(libinit2.o)
    0x080001d4   0x080001d4   0x00000000   Code   RO         5291    .ARM.Collect$$libinit$$0000002E  c_w.l(libinit2.o)
    0x080001d4   0x080001d4   0x00000000   Code   RO         5293    .ARM.Collect$$libinit$$00000030  c_w.l(libinit2.o)
    0x080001d4   0x080001d4   0x00000000   Code   RO         5295    .ARM.Collect$$libinit$$00000032  c_w.l(libinit2.o)
    0x080001d4   0x080001d4   0x00000002   Code   RO         5296    .ARM.Collect$$libinit$$00000033  c_w.l(libinit2.o)
    0x080001d6   0x080001d6   0x00000002   Code   RO         5326    .ARM.Collect$$libshutdown$$00000000  c_w.l(libshutdown.o)
    0x080001d8   0x080001d8   0x00000000   Code   RO         5337    .ARM.Collect$$libshutdown$$00000002  c_w.l(libshutdown2.o)
    0x080001d8   0x080001d8   0x00000000   Code   RO         5339    .ARM.Collect$$libshutdown$$00000004  c_w.l(libshutdown2.o)
    0x080001d8   0x080001d8   0x00000000   Code   RO         5342    .ARM.Collect$$libshutdown$$00000007  c_w.l(libshutdown2.o)
    0x080001d8   0x080001d8   0x00000000   Code   RO         5345    .ARM.Collect$$libshutdown$$0000000A  c_w.l(libshutdown2.o)
    0x080001d8   0x080001d8   0x00000000   Code   RO         5347    .ARM.Collect$$libshutdown$$0000000C  c_w.l(libshutdown2.o)
    0x080001d8   0x080001d8   0x00000000   Code   RO         5350    .ARM.Collect$$libshutdown$$0000000F  c_w.l(libshutdown2.o)
    0x080001d8   0x080001d8   0x00000002   Code   RO         5351    .ARM.Collect$$libshutdown$$00000010  c_w.l(libshutdown2.o)
    0x080001da   0x080001da   0x00000000   Code   RO         5148    .ARM.Collect$$rtentry$$00000000  c_w.l(__rtentry.o)
    0x080001da   0x080001da   0x00000000   Code   RO         5178    .ARM.Collect$$rtentry$$00000002  c_w.l(__rtentry2.o)
    0x080001da   0x080001da   0x00000006   Code   RO         5190    .ARM.Collect$$rtentry$$00000004  c_w.l(__rtentry4.o)
    0x080001e0   0x080001e0   0x00000000   Code   RO         5180    .ARM.Collect$$rtentry$$00000009  c_w.l(__rtentry2.o)
    0x080001e0   0x080001e0   0x00000004   Code   RO         5181    .ARM.Collect$$rtentry$$0000000A  c_w.l(__rtentry2.o)
    0x080001e4   0x080001e4   0x00000000   Code   RO         5183    .ARM.Collect$$rtentry$$0000000C  c_w.l(__rtentry2.o)
    0x080001e4   0x080001e4   0x00000008   Code   RO         5184    .ARM.Collect$$rtentry$$0000000D  c_w.l(__rtentry2.o)
    0x080001ec   0x080001ec   0x00000002   Code   RO         5297    .ARM.Collect$$rtexit$$00000000  c_w.l(rtexit.o)
    0x080001ee   0x080001ee   0x00000000   Code   RO         5304    .ARM.Collect$$rtexit$$00000002  c_w.l(rtexit2.o)
    0x080001ee   0x080001ee   0x00000004   Code   RO         5305    .ARM.Collect$$rtexit$$00000003  c_w.l(rtexit2.o)
    0x080001f2   0x080001f2   0x00000006   Code   RO         5306    .ARM.Collect$$rtexit$$00000004  c_w.l(rtexit2.o)
    0x080001f8   0x080001f8   0x00000040   Code   RO            4    .text               startup_stm32f103xb.o
    0x08000238   0x08000238   0x00000038   Code   RO         5023    .text               c_w.l(__2snprintf.o)
    0x08000270   0x08000270   0x0000004e   Code   RO         5029    .text               c_w.l(_printf_pad.o)
    0x080002be   0x080002be   0x00000052   Code   RO         5031    .text               c_w.l(_printf_str.o)
    0x08000310   0x08000310   0x00000078   Code   RO         5033    .text               c_w.l(_printf_dec.o)
    0x08000388   0x08000388   0x00000058   Code   RO         5038    .text               c_w.l(_printf_hex_int.o)
    0x080003e0   0x080003e0   0x00000188   Code   RO         5073    .text               c_w.l(__printf_flags_ss_wp.o)
    0x08000568   0x08000568   0x00000014   Code   RO         5082    .text               c_w.l(strchr.o)
    0x0800057c   0x0800057c   0x00000024   Code   RO         5084    .text               c_w.l(strstr.o)
    0x080005a0   0x080005a0   0x00000048   Code   RO         5086    .text               c_w.l(strcpy.o)
    0x080005e8   0x080005e8   0x0000003e   Code   RO         5088    .text               c_w.l(strlen.o)
    0x08000626   0x08000626   0x00000096   Code   RO         5090    .text               c_w.l(strncmp.o)
    0x080006bc   0x080006bc   0x0000008a   Code   RO         5092    .text               c_w.l(rt_memcpy_v6.o)
    0x08000746   0x08000746   0x00000064   Code   RO         5094    .text               c_w.l(rt_memcpy_w.o)
    0x080007aa   0x080007aa   0x0000004e   Code   RO         5096    .text               c_w.l(rt_memclr_w.o)
    0x080007f8   0x080007f8   0x00000056   Code   RO         5098    .text               c_w.l(strncpy.o)
    0x0800084e   0x0800084e   0x00000006   Code   RO         5100    .text               c_w.l(heapauxi.o)
    0x08000854   0x08000854   0x000000b2   Code   RO         5149    .text               c_w.l(_printf_intcommon.o)
    0x08000906   0x08000906   0x0000041e   Code   RO         5151    .text               c_w.l(_printf_fp_dec.o)
    0x08000d24   0x08000d24   0x00000030   Code   RO         5153    .text               c_w.l(_printf_char_common.o)
    0x08000d54   0x08000d54   0x0000000a   Code   RO         5155    .text               c_w.l(_sputc.o)
    0x08000d5e   0x08000d5e   0x00000010   Code   RO         5157    .text               c_w.l(_snputc.o)
    0x08000d6e   0x08000d6e   0x0000002c   Code   RO         5159    .text               c_w.l(_printf_char.o)
    0x08000d9a   0x08000d9a   0x00000044   Code   RO         5162    .text               c_w.l(rt_memclr.o)
    0x08000dde   0x08000dde   0x00000002   PAD
    0x08000de0   0x08000de0   0x00000008   Code   RO         5195    .text               c_w.l(rt_locale_intlibspace.o)
    0x08000de8   0x08000de8   0x0000008a   Code   RO         5197    .text               c_w.l(lludiv10.o)
    0x08000e72   0x08000e72   0x00000002   PAD
    0x08000e74   0x08000e74   0x00000080   Code   RO         5199    .text               c_w.l(_printf_fp_infnan.o)
    0x08000ef4   0x08000ef4   0x000000e4   Code   RO         5203    .text               c_w.l(bigflt0.o)
    0x08000fd8   0x08000fd8   0x00000008   Code   RO         5237    .text               c_w.l(libspace.o)
    0x08000fe0   0x08000fe0   0x0000004a   Code   RO         5240    .text               c_w.l(sys_stackheap_outer.o)
    0x0800102a   0x0800102a   0x00000012   Code   RO         5242    .text               c_w.l(exit.o)
    0x0800103c   0x0800103c   0x00000080   Code   RO         5244    .text               c_w.l(strcmpv7m.o)
    0x080010bc   0x080010bc   0x0000000c   Code   RO         5316    .text               c_w.l(sys_exit.o)
    0x080010c8   0x080010c8   0x00000002   Code   RO         5327    .text               c_w.l(use_no_semi.o)
    0x080010ca   0x080010ca   0x00000000   Code   RO         5329    .text               c_w.l(indicate_semi.o)
    0x080010ca   0x080010ca   0x0000003e   Code   RO         5206    CL$$btod_d2e        c_w.l(btod.o)
    0x08001108   0x08001108   0x00000046   Code   RO         5208    CL$$btod_d2e_denorm_low  c_w.l(btod.o)
    0x0800114e   0x0800114e   0x00000060   Code   RO         5207    CL$$btod_d2e_norm_op1  c_w.l(btod.o)
    0x080011ae   0x080011ae   0x00000338   Code   RO         5216    CL$$btod_div_common  c_w.l(btod.o)
    0x080014e6   0x080014e6   0x000000dc   Code   RO         5213    CL$$btod_e2e        c_w.l(btod.o)
    0x080015c2   0x080015c2   0x0000002a   Code   RO         5210    CL$$btod_ediv       c_w.l(btod.o)
    0x080015ec   0x080015ec   0x0000002a   Code   RO         5209    CL$$btod_emul       c_w.l(btod.o)
    0x08001616   0x08001616   0x00000244   Code   RO         5215    CL$$btod_mult_common  c_w.l(btod.o)
    0x0800185a   0x0800185a   0x0000005c   Code   RO         2741    i.ADC_ConversionStop_Disable  stm32f1xx_hal_adc.o
    0x080018b6   0x080018b6   0x00000002   PAD
    0x080018b8   0x080018b8   0x00000090   Code   RO         2745    i.ADC_Enable        stm32f1xx_hal_adc.o
    0x08001948   0x08001948   0x00000004   Code   RO          741    i.BusFault_Handler  stm32f1xx_it.o
    0x0800194c   0x0800194c   0x00000044   Code   RO          968    i.CDC_Control_FS    usbd_cdc_if.o
    0x08001990   0x08001990   0x00000004   Code   RO          969    i.CDC_DeInit_FS     usbd_cdc_if.o
    0x08001994   0x08001994   0x00000024   Code   RO          970    i.CDC_Init_FS       usbd_cdc_if.o
    0x080019b8   0x080019b8   0x0000001c   Code   RO          971    i.CDC_Receive_FS    usbd_cdc_if.o
    0x080019d4   0x080019d4   0x00000038   Code   RO          972    i.CDC_Transmit_FS   usbd_cdc_if.o
    0x08001a0c   0x08001a0c   0x00000030   Code   RO         4528    i.DHT_Check_Response  dht.o
    0x08001a3c   0x08001a3c   0x00000092   Code   RO         4529    i.DHT_GetData       dht.o
    0x08001ace   0x08001ace   0x00000002   PAD
    0x08001ad0   0x08001ad0   0x00000058   Code   RO         4530    i.DHT_ReadByte      dht.o
    0x08001b28   0x08001b28   0x00000090   Code   RO         4531    i.DHT_Start         dht.o
    0x08001bb8   0x08001bb8   0x0000010c   Code   RO           13    i.DS3231_SetOnce_Safe  main.o
    0x08001cc4   0x08001cc4   0x00000002   Code   RO          742    i.DebugMon_Handler  stm32f1xx_it.o
    0x08001cc6   0x08001cc6   0x00000006   Code   RO           14    i.Error_Handler     main.o
    0x08001ccc   0x08001ccc   0x00000034   Code   RO          878    i.Get_SerialNum     usbd_desc.o
    0x08001d00   0x08001d00   0x00000160   Code   RO         2747    i.HAL_ADC_ConfigChannel  stm32f1xx_hal_adc.o
    0x08001e60   0x08001e60   0x00000008   Code   RO         2754    i.HAL_ADC_GetValue  stm32f1xx_hal_adc.o
    0x08001e68   0x08001e68   0x00000144   Code   RO         2756    i.HAL_ADC_Init      stm32f1xx_hal_adc.o
    0x08001fac   0x08001fac   0x0000006c   Code   RO          562    i.HAL_ADC_MspInit   adc.o
    0x08002018   0x08002018   0x00000180   Code   RO         2760    i.HAL_ADC_PollForConversion  stm32f1xx_hal_adc.o
    0x08002198   0x08002198   0x00000130   Code   RO         2762    i.HAL_ADC_Start     stm32f1xx_hal_adc.o
    0x080022c8   0x080022c8   0x00000040   Code   RO         2765    i.HAL_ADC_Stop      stm32f1xx_hal_adc.o
    0x08002308   0x08002308   0x00000028   Code   RO         1740    i.HAL_Delay         stm32f1xx_hal.o
    0x08002330   0x08002330   0x00000134   Code   RO         2052    i.HAL_GPIO_DeInit   stm32f1xx_hal_gpio.o
    0x08002464   0x08002464   0x00000320   Code   RO         2055    i.HAL_GPIO_Init     stm32f1xx_hal_gpio.o
    0x08002784   0x08002784   0x00000010   Code   RO         2057    i.HAL_GPIO_ReadPin  stm32f1xx_hal_gpio.o
    0x08002794   0x08002794   0x0000000c   Code   RO         2059    i.HAL_GPIO_WritePin  stm32f1xx_hal_gpio.o
    0x080027a0   0x080027a0   0x0000000c   Code   RO         1744    i.HAL_GetTick       stm32f1xx_hal.o
    0x080027ac   0x080027ac   0x0000000c   Code   RO         1747    i.HAL_GetUIDw0      stm32f1xx_hal.o
    0x080027b8   0x080027b8   0x000001d0   Code   RO         3028    i.HAL_I2C_Init      stm32f1xx_hal_i2c.o
    0x08002988   0x08002988   0x0000036c   Code   RO         3034    i.HAL_I2C_Master_Receive  stm32f1xx_hal_i2c.o
    0x08002cf4   0x08002cf4   0x00000170   Code   RO         3041    i.HAL_I2C_Master_Transmit  stm32f1xx_hal_i2c.o
    0x08002e64   0x08002e64   0x000000d0   Code   RO          604    i.HAL_I2C_MspInit   i2c.o
    0x08002f34   0x08002f34   0x00000018   Code   RO         1750    i.HAL_IncTick       stm32f1xx_hal.o
    0x08002f4c   0x08002f4c   0x00000028   Code   RO         1751    i.HAL_Init          stm32f1xx_hal.o
    0x08002f74   0x08002f74   0x0000004c   Code   RO         1752    i.HAL_InitTick      stm32f1xx_hal.o
    0x08002fc0   0x08002fc0   0x00000054   Code   RO          823    i.HAL_MspInit       stm32f1xx_hal_msp.o
    0x08003014   0x08003014   0x00000020   Code   RO         2215    i.HAL_NVIC_EnableIRQ  stm32f1xx_hal_cortex.o
    0x08003034   0x08003034   0x0000007c   Code   RO         2221    i.HAL_NVIC_SetPriority  stm32f1xx_hal_cortex.o
    0x080030b0   0x080030b0   0x00000028   Code   RO         2222    i.HAL_NVIC_SetPriorityGrouping  stm32f1xx_hal_cortex.o
    0x080030d8   0x080030d8   0x00000044   Code   RO         1507    i.HAL_PCDEx_PMAConfig  stm32f1xx_hal_pcd_ex.o
    0x0800311c   0x0800311c   0x00000002   Code   RO         1020    i.HAL_PCDEx_SetConnectionState  usbd_conf.o
    0x0800311e   0x0800311e   0x00000020   Code   RO         1022    i.HAL_PCD_DataInStageCallback  usbd_conf.o
    0x0800313e   0x0800313e   0x00000020   Code   RO         1023    i.HAL_PCD_DataOutStageCallback  usbd_conf.o
    0x0800315e   0x0800315e   0x0000006a   Code   RO         1278    i.HAL_PCD_EP_Close  stm32f1xx_hal_pcd.o
    0x080031c8   0x080031c8   0x0000007c   Code   RO         1279    i.HAL_PCD_EP_ClrStall  stm32f1xx_hal_pcd.o
    0x08003244   0x08003244   0x00000158   Code   RO         1280    i.HAL_PCD_EP_DB_Receive  stm32f1xx_hal_pcd.o
    0x0800339c   0x0800339c   0x0000053e   Code   RO         1281    i.HAL_PCD_EP_DB_Transmit  stm32f1xx_hal_pcd.o
    0x080038da   0x080038da   0x00000016   Code   RO         1283    i.HAL_PCD_EP_GetRxCount  stm32f1xx_hal_pcd.o
    0x080038f0   0x080038f0   0x00000084   Code   RO         1284    i.HAL_PCD_EP_Open   stm32f1xx_hal_pcd.o
    0x08003974   0x08003974   0x0000003c   Code   RO         1285    i.HAL_PCD_EP_Receive  stm32f1xx_hal_pcd.o
    0x080039b0   0x080039b0   0x00000088   Code   RO         1286    i.HAL_PCD_EP_SetStall  stm32f1xx_hal_pcd.o
    0x08003a38   0x08003a38   0x00000046   Code   RO         1287    i.HAL_PCD_EP_Transmit  stm32f1xx_hal_pcd.o
    0x08003a7e   0x08003a7e   0x000001cc   Code   RO         1289    i.HAL_PCD_IRQHandler  stm32f1xx_hal_pcd.o
    0x08003c4a   0x08003c4a   0x0000013c   Code   RO         1292    i.HAL_PCD_Init      stm32f1xx_hal_pcd.o
    0x08003d86   0x08003d86   0x00000002   PAD
    0x08003d88   0x08003d88   0x00000044   Code   RO         1028    i.HAL_PCD_MspInit   usbd_conf.o
    0x08003dcc   0x08003dcc   0x00000024   Code   RO         1029    i.HAL_PCD_ResetCallback  usbd_conf.o
    0x08003df0   0x08003df0   0x0000000e   Code   RO         1030    i.HAL_PCD_ResumeCallback  usbd_conf.o
    0x08003dfe   0x08003dfe   0x0000000e   Code   RO         1031    i.HAL_PCD_SOFCallback  usbd_conf.o
    0x08003e0c   0x08003e0c   0x00000034   Code   RO         1298    i.HAL_PCD_SetAddress  stm32f1xx_hal_pcd.o
    0x08003e40   0x08003e40   0x00000012   Code   RO         1032    i.HAL_PCD_SetupStageCallback  usbd_conf.o
    0x08003e52   0x08003e52   0x0000003c   Code   RO         1300    i.HAL_PCD_Start     stm32f1xx_hal_pcd.o
    0x08003e8e   0x08003e8e   0x00000002   PAD
    0x08003e90   0x08003e90   0x00000024   Code   RO         1033    i.HAL_PCD_SuspendCallback  usbd_conf.o
    0x08003eb4   0x08003eb4   0x0000000c   Code   RO         2342    i.HAL_PWR_EnableBkUpAccess  stm32f1xx_hal_pwr.o
    0x08003ec0   0x08003ec0   0x000000fc   Code   RO         2016    i.HAL_RCCEx_GetPeriphCLKFreq  stm32f1xx_hal_rcc_ex.o
    0x08003fbc   0x08003fbc   0x00000130   Code   RO         2017    i.HAL_RCCEx_PeriphCLKConfig  stm32f1xx_hal_rcc_ex.o
    0x080040ec   0x080040ec   0x0000018c   Code   RO         1908    i.HAL_RCC_ClockConfig  stm32f1xx_hal_rcc.o
    0x08004278   0x08004278   0x0000000c   Code   RO         1913    i.HAL_RCC_GetHCLKFreq  stm32f1xx_hal_rcc.o
    0x08004284   0x08004284   0x00000020   Code   RO         1915    i.HAL_RCC_GetPCLK1Freq  stm32f1xx_hal_rcc.o
    0x080042a4   0x080042a4   0x00000020   Code   RO         1916    i.HAL_RCC_GetPCLK2Freq  stm32f1xx_hal_rcc.o
    0x080042c4   0x080042c4   0x00000070   Code   RO         1917    i.HAL_RCC_GetSysClockFreq  stm32f1xx_hal_rcc.o
    0x08004334   0x08004334   0x00000464   Code   RO         1920    i.HAL_RCC_OscConfig  stm32f1xx_hal_rcc.o
    0x08004798   0x08004798   0x00000018   Code   RO         3669    i.HAL_RTCEx_BKUPRead  stm32f1xx_hal_rtc_ex.o
    0x080047b0   0x080047b0   0x00000018   Code   RO         3670    i.HAL_RTCEx_BKUPWrite  stm32f1xx_hal_rtc_ex.o
    0x080047c8   0x080047c8   0x00000052   Code   RO         3499    i.HAL_RTC_GetDate   stm32f1xx_hal_rtc.o
    0x0800481a   0x0800481a   0x00000104   Code   RO         3501    i.HAL_RTC_GetTime   stm32f1xx_hal_rtc.o
    0x0800491e   0x0800491e   0x00000002   PAD
    0x08004920   0x08004920   0x000000c0   Code   RO         3502    i.HAL_RTC_Init      stm32f1xx_hal_rtc.o
    0x080049e0   0x080049e0   0x00000040   Code   RO          652    i.HAL_RTC_MspInit   rtc.o
    0x08004a20   0x08004a20   0x000000f8   Code   RO         3508    i.HAL_RTC_SetDate   stm32f1xx_hal_rtc.o
    0x08004b18   0x08004b18   0x000000dc   Code   RO         3509    i.HAL_RTC_SetTime   stm32f1xx_hal_rtc.o
    0x08004bf4   0x08004bf4   0x00000040   Code   RO         3510    i.HAL_RTC_WaitForSynchro  stm32f1xx_hal_rtc.o
    0x08004c34   0x08004c34   0x00000036   Code   RO         3777    i.HAL_SPI_DeInit    stm32f1xx_hal_spi.o
    0x08004c6a   0x08004c6a   0x00000008   Code   RO         3780    i.HAL_SPI_GetState  stm32f1xx_hal_spi.o
    0x08004c72   0x08004c72   0x000000be   Code   RO         3782    i.HAL_SPI_Init      stm32f1xx_hal_spi.o
    0x08004d30   0x08004d30   0x00000058   Code   RO          693    i.HAL_SPI_MspDeInit  spi.o
    0x08004d88   0x08004d88   0x000000f8   Code   RO          694    i.HAL_SPI_MspInit   spi.o
    0x08004e80   0x08004e80   0x00000182   Code   RO         3785    i.HAL_SPI_Receive   stm32f1xx_hal_spi.o
    0x08005002   0x08005002   0x000001be   Code   RO         3790    i.HAL_SPI_Transmit  stm32f1xx_hal_spi.o
    0x080051c0   0x080051c0   0x00000248   Code   RO         3791    i.HAL_SPI_TransmitReceive  stm32f1xx_hal_spi.o
    0x08005408   0x08005408   0x00000034   Code   RO         2226    i.HAL_SYSTICK_Config  stm32f1xx_hal_cortex.o
    0x0800543c   0x0800543c   0x00000004   Code   RO          743    i.HardFault_Handler  stm32f1xx_it.o
    0x08005440   0x08005440   0x0000003e   Code   RO         3072    i.I2C_IsAcknowledgeFailed  stm32f1xx_hal_i2c.o
    0x0800547e   0x0800547e   0x00000002   PAD
    0x08005480   0x08005480   0x00000138   Code   RO         3075    i.I2C_MasterRequestRead  stm32f1xx_hal_i2c.o
    0x080055b8   0x080055b8   0x000000c0   Code   RO         3076    i.I2C_MasterRequestWrite  stm32f1xx_hal_i2c.o
    0x08005678   0x08005678   0x00000066   Code   RO         3092    i.I2C_WaitOnBTFFlagUntilTimeout  stm32f1xx_hal_i2c.o
    0x080056de   0x080056de   0x000000be   Code   RO         3093    i.I2C_WaitOnFlagUntilTimeout  stm32f1xx_hal_i2c.o
    0x0800579c   0x0800579c   0x000000fa   Code   RO         3094    i.I2C_WaitOnMasterAddressFlagUntilTimeout  stm32f1xx_hal_i2c.o
    0x08005896   0x08005896   0x0000008a   Code   RO         3095    i.I2C_WaitOnRXNEFlagUntilTimeout  stm32f1xx_hal_i2c.o
    0x08005920   0x08005920   0x00000066   Code   RO         3098    i.I2C_WaitOnTXEFlagUntilTimeout  stm32f1xx_hal_i2c.o
    0x08005986   0x08005986   0x0000003e   Code   RO          879    i.IntToUnicode      usbd_desc.o
    0x080059c4   0x080059c4   0x0000005a   Code   RO         4650    i.LoRa_BurstWrite   lora.o
    0x08005a1e   0x08005a1e   0x0000006c   Code   RO         4651    i.LoRa_gotoMode     lora.o
    0x08005a8a   0x08005a8a   0x000000ea   Code   RO         4652    i.LoRa_init         lora.o
    0x08005b74   0x08005b74   0x00000006   Code   RO         4653    i.LoRa_isvalid      lora.o
    0x08005b7a   0x08005b7a   0x00000022   Code   RO         4654    i.LoRa_read         lora.o
    0x08005b9c   0x08005b9c   0x0000005c   Code   RO         4655    i.LoRa_readReg      lora.o
    0x08005bf8   0x08005bf8   0x000000c8   Code   RO         4656    i.LoRa_receive      lora.o
    0x08005cc0   0x08005cc0   0x00000074   Code   RO         4658    i.LoRa_setAutoLDO   lora.o
    0x08005d34   0x08005d34   0x00000040   Code   RO         4659    i.LoRa_setFrequency  lora.o
    0x08005d74   0x08005d74   0x00000034   Code   RO         4660    i.LoRa_setLowDaraRateOptimization  lora.o
    0x08005da8   0x08005da8   0x00000048   Code   RO         4661    i.LoRa_setOCP       lora.o
    0x08005df0   0x08005df0   0x00000018   Code   RO         4662    i.LoRa_setPower     lora.o
    0x08005e08   0x08005e08   0x00000074   Code   RO         4663    i.LoRa_setPower_dBm  lora.o
    0x08005e7c   0x08005e7c   0x00000040   Code   RO         4664    i.LoRa_setSpreadingFactor  lora.o
    0x08005ebc   0x08005ebc   0x00000018   Code   RO         4665    i.LoRa_setSyncWord  lora.o
    0x08005ed4   0x08005ed4   0x00000024   Code   RO         4666    i.LoRa_setTOMsb_setCRCon  lora.o
    0x08005ef8   0x08005ef8   0x00000044   Code   RO         4667    i.LoRa_startReceiving  lora.o
    0x08005f3c   0x08005f3c   0x0000008c   Code   RO         4668    i.LoRa_transmit     lora.o
    0x08005fc8   0x08005fc8   0x00000022   Code   RO         4669    i.LoRa_write        lora.o
    0x08005fea   0x08005fea   0x0000005c   Code   RO         4670    i.LoRa_writeReg     lora.o
    0x08006046   0x08006046   0x00000002   PAD
    0x08006048   0x08006048   0x00000034   Code   RO         4801    i.Log_Drop          flashlog.o
    0x0800607c   0x0800607c   0x00000018   Code   RO         4802    i.Log_Empty         flashlog.o
    0x08006094   0x08006094   0x00000050   Code   RO         4803    i.Log_Init          flashlog.o
    0x080060e4   0x080060e4   0x00000084   Code   RO         4804    i.Log_Peek          flashlog.o
    0x08006168   0x08006168   0x000000b0   Code   RO         4805    i.Log_Push          flashlog.o
    0x08006218   0x08006218   0x00000060   Code   RO          563    i.MX_ADC1_Init      adc.o
    0x08006278   0x08006278   0x00000158   Code   RO          537    i.MX_GPIO_Init      gpio.o
    0x080063d0   0x080063d0   0x0000003c   Code   RO          605    i.MX_I2C1_Init      i2c.o
    0x0800640c   0x0800640c   0x0000003c   Code   RO          606    i.MX_I2C2_Init      i2c.o
    0x08006448   0x08006448   0x00000074   Code   RO          653    i.MX_RTC_Init       rtc.o
    0x080064bc   0x080064bc   0x00000044   Code   RO          695    i.MX_SPI1_Init      spi.o
    0x08006500   0x08006500   0x00000044   Code   RO          696    i.MX_SPI2_Init      spi.o
    0x08006544   0x08006544   0x0000004c   Code   RO          847    i.MX_USB_DEVICE_Init  usb_device.o
    0x08006590   0x08006590   0x00000004   Code   RO          744    i.MemManage_Handler  stm32f1xx_it.o
    0x08006594   0x08006594   0x00000004   Code   RO          745    i.NMI_Handler       stm32f1xx_it.o
    0x08006598   0x08006598   0x000004ec   Code   RO         1304    i.PCD_EP_ISR_Handler  stm32f1xx_hal_pcd.o
    0x08006a84   0x08006a84   0x00000002   Code   RO          746    i.PendSV_Handler    stm32f1xx_it.o
    0x08006a86   0x08006a86   0x00000002   PAD
    0x08006a88   0x08006a88   0x00000028   Code   RO         1921    i.RCC_Delay         stm32f1xx_hal_rcc.o
    0x08006ab0   0x08006ab0   0x00000016   Code   RO         3511    i.RTC_Bcd2ToByte    stm32f1xx_hal_rtc.o
    0x08006ac6   0x08006ac6   0x0000001a   Code   RO         3512    i.RTC_ByteToBcd2    stm32f1xx_hal_rtc.o
    0x08006ae0   0x08006ae0   0x000000b6   Code   RO         3513    i.RTC_DateUpdate    stm32f1xx_hal_rtc.o
    0x08006b96   0x08006b96   0x0000003a   Code   RO         3514    i.RTC_EnterInitMode  stm32f1xx_hal_rtc.o
    0x08006bd0   0x08006bd0   0x0000003a   Code   RO         3515    i.RTC_ExitInitMode  stm32f1xx_hal_rtc.o
    0x08006c0a   0x08006c0a   0x00000032   Code   RO         3516    i.RTC_IsLeapYear    stm32f1xx_hal_rtc.o
    0x08006c3c   0x08006c3c   0x00000018   Code   RO         3517    i.RTC_ReadAlarmCounter  stm32f1xx_hal_rtc.o
    0x08006c54   0x08006c54   0x00000034   Code   RO         3518    i.RTC_ReadTimeCounter  stm32f1xx_hal_rtc.o
    0x08006c88   0x08006c88   0x00000084   Code   RO         3519    i.RTC_WeekDayNum    stm32f1xx_hal_rtc.o
    0x08006d0c   0x08006d0c   0x0000002e   Code   RO         3520    i.RTC_WriteAlarmCounter  stm32f1xx_hal_rtc.o
    0x08006d3a   0x08006d3a   0x0000002e   Code   RO         3521    i.RTC_WriteTimeCounter  stm32f1xx_hal_rtc.o
    0x08006d68   0x08006d68   0x00000078   Code   RO         3819    i.SPI_EndRxTransaction  stm32f1xx_hal_spi.o
    0x08006de0   0x08006de0   0x00000044   Code   RO         3820    i.SPI_EndRxTxTransaction  stm32f1xx_hal_spi.o
    0x08006e24   0x08006e24   0x000000d8   Code   RO         3825    i.SPI_WaitFlagStateUntilTimeout  stm32f1xx_hal_spi.o
    0x08006efc   0x08006efc   0x00000002   Code   RO          747    i.SVC_Handler       stm32f1xx_it.o
    0x08006efe   0x08006efe   0x00000008   Code   RO          748    i.SysTick_Handler   stm32f1xx_it.o
    0x08006f06   0x08006f06   0x00000002   PAD
    0x08006f08   0x08006f08   0x000000d4   Code   RO           16    i.SystemClock_Config  main.o
    0x08006fdc   0x08006fdc   0x00000002   Code   RO         4094    i.SystemInit        system_stm32f1xx.o
    0x08006fde   0x08006fde   0x0000007c   Code   RO         4423    i.USBD_CDC_DataIn   usbd_cdc.o
    0x0800705a   0x0800705a   0x00000034   Code   RO         4424    i.USBD_CDC_DataOut  usbd_cdc.o
    0x0800708e   0x0800708e   0x0000004e   Code   RO         4425    i.USBD_CDC_DeInit   usbd_cdc.o
    0x080070dc   0x080070dc   0x00000032   Code   RO         4426    i.USBD_CDC_EP0_RxReady  usbd_cdc.o
    0x0800710e   0x0800710e   0x00000002   PAD
    0x08007110   0x08007110   0x00000010   Code   RO         4427    i.USBD_CDC_GetDeviceQualifierDescriptor  usbd_cdc.o
    0x08007120   0x08007120   0x00000010   Code   RO         4428    i.USBD_CDC_GetFSCfgDesc  usbd_cdc.o
    0x08007130   0x08007130   0x00000010   Code   RO         4429    i.USBD_CDC_GetHSCfgDesc  usbd_cdc.o
    0x08007140   0x08007140   0x00000010   Code   RO         4430    i.USBD_CDC_GetOtherSpeedCfgDesc  usbd_cdc.o
    0x08007150   0x08007150   0x000000b8   Code   RO         4431    i.USBD_CDC_Init     usbd_cdc.o
    0x08007208   0x08007208   0x0000003a   Code   RO         4432    i.USBD_CDC_ReceivePacket  usbd_cdc.o
    0x08007242   0x08007242   0x0000000e   Code   RO         4433    i.USBD_CDC_RegisterInterface  usbd_cdc.o
    0x08007250   0x08007250   0x0000000e   Code   RO         4434    i.USBD_CDC_SetRxBuffer  usbd_cdc.o
    0x0800725e   0x0800725e   0x00000014   Code   RO         4435    i.USBD_CDC_SetTxBuffer  usbd_cdc.o
    0x08007272   0x08007272   0x000000f4   Code   RO         4436    i.USBD_CDC_Setup    usbd_cdc.o
    0x08007366   0x08007366   0x0000003e   Code   RO         4437    i.USBD_CDC_TransmitPacket  usbd_cdc.o
    0x080073a4   0x080073a4   0x00000016   Code   RO         4130    i.USBD_ClrClassConfig  usbd_core.o
    0x080073ba   0x080073ba   0x0000003e   Code   RO         4268    i.USBD_ClrFeature   usbd_ctlreq.o
    0x080073f8   0x080073f8   0x00000018   Code   RO         4363    i.USBD_CtlContinueRx  usbd_ioreq.o
    0x08007410   0x08007410   0x00000018   Code   RO         4364    i.USBD_CtlContinueSendData  usbd_ioreq.o
    0x08007428   0x08007428   0x00000018   Code   RO         4269    i.USBD_CtlError     usbd_ctlreq.o
    0x08007440   0x08007440   0x00000028   Code   RO         4365    i.USBD_CtlPrepareRx  usbd_ioreq.o
    0x08007468   0x08007468   0x0000001a   Code   RO         4366    i.USBD_CtlReceiveStatus  usbd_ioreq.o
    0x08007482   0x08007482   0x00000022   Code   RO         4367    i.USBD_CtlSendData  usbd_ioreq.o
    0x080074a4   0x080074a4   0x0000001a   Code   RO         4368    i.USBD_CtlSendStatus  usbd_ioreq.o
    0x080074be   0x080074be   0x00000002   PAD
    0x080074c0   0x080074c0   0x00000034   Code   RO          880    i.USBD_FS_ConfigStrDescriptor  usbd_desc.o
    0x080074f4   0x080074f4   0x00000010   Code   RO          881    i.USBD_FS_DeviceDescriptor  usbd_desc.o
    0x08007504   0x08007504   0x00000038   Code   RO          882    i.USBD_FS_InterfaceStrDescriptor  usbd_desc.o
    0x0800753c   0x0800753c   0x00000010   Code   RO          883    i.USBD_FS_LangIDStrDescriptor  usbd_desc.o
    0x0800754c   0x0800754c   0x0000002c   Code   RO          884    i.USBD_FS_ManufacturerStrDescriptor  usbd_desc.o
    0x08007578   0x08007578   0x0000003c   Code   RO          885    i.USBD_FS_ProductStrDescriptor  usbd_desc.o
    0x080075b4   0x080075b4   0x00000018   Code   RO          886    i.USBD_FS_SerialStrDescriptor  usbd_desc.o
    0x080075cc   0x080075cc   0x00000056   Code   RO         4270    i.USBD_GetConfig    usbd_ctlreq.o
    0x08007622   0x08007622   0x000001f4   Code   RO         4271    i.USBD_GetDescriptor  usbd_ctlreq.o
    0x08007816   0x08007816   0x00000014   Code   RO         4272    i.USBD_GetLen       usbd_ctlreq.o
    0x0800782a   0x0800782a   0x0000005a   Code   RO         4273    i.USBD_GetStatus    usbd_ctlreq.o
    0x08007884   0x08007884   0x00000052   Code   RO         4274    i.USBD_GetString    usbd_ctlreq.o
    0x080078d6   0x080078d6   0x0000002c   Code   RO         1034    i.USBD_Get_USB_Status  usbd_conf.o
    0x08007902   0x08007902   0x00000032   Code   RO         4132    i.USBD_Init         usbd_core.o
    0x08007934   0x08007934   0x00000026   Code   RO         1035    i.USBD_LL_ClearStallEP  usbd_conf.o
    0x0800795a   0x0800795a   0x00000026   Code   RO         1036    i.USBD_LL_CloseEP   usbd_conf.o
    0x08007980   0x08007980   0x00000100   Code   RO         4133    i.USBD_LL_DataInStage  usbd_core.o
    0x08007a80   0x08007a80   0x000000a6   Code   RO         4134    i.USBD_LL_DataOutStage  usbd_core.o
    0x08007b26   0x08007b26   0x00000012   Code   RO         1040    i.USBD_LL_GetRxDataSize  usbd_conf.o
    0x08007b38   0x08007b38   0x00000084   Code   RO         1041    i.USBD_LL_Init      usbd_conf.o
    0x08007bbc   0x08007bbc   0x00000038   Code   RO         1042    i.USBD_LL_IsStallEP  usbd_conf.o
    0x08007bf4   0x08007bf4   0x00000030   Code   RO         1043    i.USBD_LL_OpenEP    usbd_conf.o
    0x08007c24   0x08007c24   0x00000030   Code   RO         1044    i.USBD_LL_PrepareReceive  usbd_conf.o
    0x08007c54   0x08007c54   0x0000005c   Code   RO         4139    i.USBD_LL_Reset     usbd_core.o
    0x08007cb0   0x08007cb0   0x00000016   Code   RO         4140    i.USBD_LL_Resume    usbd_core.o
    0x08007cc6   0x08007cc6   0x00000022   Code   RO         4141    i.USBD_LL_SOF       usbd_core.o
    0x08007ce8   0x08007ce8   0x00000008   Code   RO         4142    i.USBD_LL_SetSpeed  usbd_core.o
    0x08007cf0   0x08007cf0   0x00000026   Code   RO         1045    i.USBD_LL_SetUSBAddress  usbd_conf.o
    0x08007d16   0x08007d16   0x0000006e   Code   RO         4143    i.USBD_LL_SetupStage  usbd_core.o
    0x08007d84   0x08007d84   0x00000026   Code   RO         1046    i.USBD_LL_StallEP   usbd_conf.o
    0x08007daa   0x08007daa   0x0000001e   Code   RO         1047    i.USBD_LL_Start     usbd_conf.o
    0x08007dc8   0x08007dc8   0x00000014   Code   RO         4144    i.USBD_LL_Suspend   usbd_core.o
    0x08007ddc   0x08007ddc   0x00000030   Code   RO         1049    i.USBD_LL_Transmit  usbd_conf.o
    0x08007e0c   0x08007e0c   0x00000028   Code   RO         4275    i.USBD_ParseSetupRequest  usbd_ctlreq.o
    0x08007e34   0x08007e34   0x00000010   Code   RO         4145    i.USBD_RegisterClass  usbd_core.o
    0x08007e44   0x08007e44   0x00000006   Code   RO         4146    i.USBD_RunTestMode  usbd_core.o
    0x08007e4a   0x08007e4a   0x0000005a   Code   RO         4276    i.USBD_SetAddress   usbd_ctlreq.o
    0x08007ea4   0x08007ea4   0x00000022   Code   RO         4147    i.USBD_SetClassConfig  usbd_core.o
    0x08007ec6   0x08007ec6   0x00000002   PAD
    0x08007ec8   0x08007ec8   0x000000e8   Code   RO         4277    i.USBD_SetConfig    usbd_ctlreq.o
    0x08007fb0   0x08007fb0   0x00000018   Code   RO         4278    i.USBD_SetFeature   usbd_ctlreq.o
    0x08007fc8   0x08007fc8   0x0000000e   Code   RO         4148    i.USBD_Start        usbd_core.o
    0x08007fd6   0x08007fd6   0x000000a2   Code   RO         4279    i.USBD_StdDevReq    usbd_ctlreq.o
    0x08008078   0x08008078   0x00000238   Code   RO         4280    i.USBD_StdEPReq     usbd_ctlreq.o
    0x080082b0   0x080082b0   0x0000007e   Code   RO         4281    i.USBD_StdItfReq    usbd_ctlreq.o
    0x0800832e   0x0800832e   0x00000002   Code   RO         1050    i.USBD_static_free  usbd_conf.o
    0x08008330   0x08008330   0x0000000c   Code   RO         1051    i.USBD_static_malloc  usbd_conf.o
    0x0800833c   0x0800833c   0x000004b0   Code   RO         1547    i.USB_ActivateEndpoint  stm32f1xx_ll_usb.o
    0x080087ec   0x080087ec   0x00000008   Code   RO         1550    i.USB_CoreInit      stm32f1xx_ll_usb.o
    0x080087f4   0x080087f4   0x0000027c   Code   RO         1552    i.USB_DeactivateEndpoint  stm32f1xx_ll_usb.o
    0x08008a70   0x08008a70   0x00000006   Code   RO         1553    i.USB_DevConnect    stm32f1xx_ll_usb.o
    0x08008a76   0x08008a76   0x00000006   Code   RO         1554    i.USB_DevDisconnect  stm32f1xx_ll_usb.o
    0x08008a7c   0x08008a7c   0x00000016   Code   RO         1555    i.USB_DevInit       stm32f1xx_ll_usb.o
    0x08008a92   0x08008a92   0x00000014   Code   RO         1556    i.USB_DisableGlobalInt  stm32f1xx_ll_usb.o
    0x08008aa6   0x08008aa6   0x00000006   Code   RO         1557    i.USB_EP0_OutStart  stm32f1xx_ll_usb.o
    0x08008aac   0x08008aac   0x000000da   Code   RO         1558    i.USB_EPClearStall  stm32f1xx_ll_usb.o
    0x08008b86   0x08008b86   0x0000005c   Code   RO         1559    i.USB_EPSetStall    stm32f1xx_ll_usb.o
    0x08008be2   0x08008be2   0x00000a50   Code   RO         1560    i.USB_EPStartXfer   stm32f1xx_ll_usb.o
    0x08009632   0x08009632   0x00000012   Code   RO         1562    i.USB_EnableGlobalInt  stm32f1xx_ll_usb.o
    0x08009644   0x08009644   0x00000010   Code   RO          749    i.USB_LP_CAN1_RX0_IRQHandler  stm32f1xx_it.o
    0x08009654   0x08009654   0x00000008   Code   RO         1569    i.USB_ReadInterrupts  stm32f1xx_ll_usb.o
    0x0800965c   0x0800965c   0x0000004a   Code   RO         1570    i.USB_ReadPMA       stm32f1xx_ll_usb.o
    0x080096a6   0x080096a6   0x00000006   Code   RO         1571    i.USB_SetCurrentMode  stm32f1xx_ll_usb.o
    0x080096ac   0x080096ac   0x0000000e   Code   RO         1572    i.USB_SetDevAddress  stm32f1xx_ll_usb.o
    0x080096ba   0x080096ba   0x00000040   Code   RO         1574    i.USB_WritePMA      stm32f1xx_ll_usb.o
    0x080096fa   0x080096fa   0x00000004   Code   RO          750    i.UsageFault_Handler  stm32f1xx_it.o
    0x080096fe   0x080096fe   0x00000002   PAD
    0x08009700   0x08009700   0x00000058   Code   RO         4938    i.W25Q_EraseSector  w25qxx.o
    0x08009758   0x08009758   0x0000004c   Code   RO         4939    i.W25Q_ForceSPI2_Mode0  w25qxx.o
    0x080097a4   0x080097a4   0x00000060   Code   RO         4940    i.W25Q_Read         w25qxx.o
    0x08009804   0x08009804   0x00000058   Code   RO         4941    i.W25Q_ReadID       w25qxx.o
    0x0800985c   0x0800985c   0x00000048   Code   RO         4942    i.W25Q_ReadStatus1  w25qxx.o
    0x080098a4   0x080098a4   0x0000004c   Code   RO         4943    i.W25Q_ReleasePowerDown  w25qxx.o
    0x080098f0   0x080098f0   0x00000050   Code   RO         4944    i.W25Q_Reset        w25qxx.o
    0x08009940   0x08009940   0x00000018   Code   RO         4945    i.W25Q_WaitWhileBusy  w25qxx.o
    0x08009958   0x08009958   0x00000034   Code   RO         4946    i.W25Q_Write        w25qxx.o
    0x0800998c   0x0800998c   0x00000034   Code   RO         4947    i.W25Q_WriteEnable  w25qxx.o
    0x080099c0   0x080099c0   0x00000028   Code   RO         5235    i.__ARM_fpclassify  m_ws.l(fpclassify.o)
    0x080099e8   0x080099e8   0x0000000e   Code   RO           17    i.__ARM_isnanf      main.o
    0x080099f6   0x080099f6   0x00000002   PAD
    0x080099f8   0x080099f8   0x00000010   Code   RO         2228    i.__NVIC_GetPriorityGrouping  stm32f1xx_hal_cortex.o
    0x08009a08   0x08009a08   0x00000028   Code   RO         2229    i.__NVIC_SetPriority  stm32f1xx_hal_cortex.o
    0x08009a30   0x08009a30   0x0000000e   Code   RO         5066    i._is_digit         c_w.l(__printf_wp.o)
    0x08009a3e   0x08009a3e   0x00000026   Code   RO           18    i.adc_read_avg      main.o
    0x08009a64   0x08009a64   0x00000044   Code   RO           19    i.adc_read_single   main.o
    0x08009aa8   0x08009aa8   0x000001b4   Code   RO           20    i.apply_cmd_from_ack  main.o
    0x08009c5c   0x08009c5c   0x0000003e   Code   RO         4806    i.area_read         flashlog.o
    0x08009c9a   0x08009c9a   0x00000014   Code   RO         4807    i.area_wrap         flashlog.o
    0x08009cae   0x08009cae   0x0000003e   Code   RO         4808    i.area_write        flashlog.o
    0x08009cec   0x08009cec   0x0000000e   Code   RO           21    i.bcd2bin           main.o
    0x08009cfa   0x08009cfa   0x00000012   Code   RO           22    i.bin2bcd           main.o
    0x08009d0c   0x08009d0c   0x00000084   Code   RO           23    i.bw_to_str         main.o
    0x08009d90   0x08009d90   0x0000006c   Code   RO           24    i.cdc_send_line     main.o
    0x08009dfc   0x08009dfc   0x0000004a   Code   RO           25    i.center20          main.o
    0x08009e46   0x08009e46   0x00000002   PAD
    0x08009e48   0x08009e48   0x00000108   Code   RO           26    i.changed_enough    main.o
    0x08009f50   0x08009f50   0x000000f0   Code   RO           27    i.civil_from_days   main.o
    0x0800a040   0x0800a040   0x0000003c   Code   RO           28    i.cr_to_str         main.o
    0x0800a07c   0x0800a07c   0x0000002c   Code   RO         4904    i.crc16_acc_byte    uplink_patch.o
    0x0800a0a8   0x0800a0a8   0x00000042   Code   RO           29    i.crc16_ccitt       main.o
    0x0800a0ea   0x0800a0ea   0x00000002   PAD
    0x0800a0ec   0x0800a0ec   0x00000084   Code   RO           30    i.days_from_civil   main.o
    0x0800a170   0x0800a170   0x0000002c   Code   RO         4532    i.delay_us          dht.o
    0x0800a19c   0x0800a19c   0x0000001a   Code   RO           32    i.dot_to_comma      main.o
    0x0800a1b6   0x0800a1b6   0x00000024   Code   RO           33    i.ds3231_clear_osf  main.o
    0x0800a1da   0x0800a1da   0x00000074   Code   RO           34    i.ds3231_get_tm     main.o
    0x0800a24e   0x0800a24e   0x00000002   PAD
    0x0800a250   0x0800a250   0x00000040   Code   RO           35    i.ds3231_read_regs  main.o
    0x0800a290   0x0800a290   0x00000018   Code   RO           36    i.ds3231_read_status  main.o
    0x0800a2a8   0x0800a2a8   0x00000066   Code   RO           37    i.ds3231_set_tm     main.o
    0x0800a30e   0x0800a30e   0x00000002   PAD
    0x0800a310   0x0800a310   0x00000040   Code   RO           38    i.ds3231_write_regs  main.o
    0x0800a350   0x0800a350   0x0000003e   Code   RO         4809    i.ensure_erased_for_range  flashlog.o
    0x0800a38e   0x0800a38e   0x00000002   PAD
    0x0800a390   0x0800a390   0x000000b4   Code   RO           39    i.flash_debug_head_once  main.o
    0x0800a444   0x0800a444   0x00000044   Code   RO         4810    i.flashlog_crc16_ccitt  flashlog.o
    0x0800a488   0x0800a488   0x00000040   Code   RO         4811    i.format_area       flashlog.o
    0x0800a4c8   0x0800a4c8   0x0000001a   Code   RO         4812    i.free_bytes        flashlog.o
    0x0800a4e2   0x0800a4e2   0x00000002   PAD
    0x0800a4e4   0x0800a4e4   0x00000208   Code   RO           40    i.fsm_step          main.o
    0x0800a6ec   0x0800a6ec   0x00000044   Code   RO           41    i.heartbeat_task    main.o
    0x0800a730   0x0800a730   0x00000054   Code   RO           43    i.iso_from_tm_local  main.o
    0x0800a784   0x0800a784   0x00000096   Code   RO           45    i.json_extract_int  main.o
    0x0800a81a   0x0800a81a   0x00000002   PAD
    0x0800a81c   0x0800a81c   0x00000050   Code   RO           46    i.lcd_boot          main.o
    0x0800a86c   0x0800a86c   0x00000010   Code   RO         4580    i.lcd_clear         i2c-lcd.o
    0x0800a87c   0x0800a87c   0x00000076   Code   RO         4581    i.lcd_init          i2c-lcd.o
    0x0800a8f2   0x0800a8f2   0x00000002   PAD
    0x0800a8f4   0x0800a8f4   0x00000028   Code   RO         4582    i.lcd_put_cur       i2c-lcd.o
    0x0800a91c   0x0800a91c   0x00000054   Code   RO           47    i.lcd_put_line_if_changed  main.o
    0x0800a970   0x0800a970   0x0000000e   Code   RO         4583    i.lcd_send_cmd      i2c-lcd.o
    0x0800a97e   0x0800a97e   0x0000000e   Code   RO         4584    i.lcd_send_data     i2c-lcd.o
    0x0800a98c   0x0800a98c   0x00000016   Code   RO         4585    i.lcd_send_string   i2c-lcd.o
    0x0800a9a2   0x0800a9a2   0x00000042   Code   RO         4586    i.lcd_send_u8       i2c-lcd.o
    0x0800a9e4   0x0800a9e4   0x00000200   Code   RO           48    i.lcd_show          main.o
    0x0800abe4   0x0800abe4   0x00000028   Code   RO         4587    i.lcd_write4        i2c-lcd.o
    0x0800ac0c   0x0800ac0c   0x00000080   Code   RO           49    i.leds_update       main.o
    0x0800ac8c   0x0800ac8c   0x0000009c   Code   RO           50    i.log_rf_config     main.o
    0x0800ad28   0x0800ad28   0x00000028   Code   RO           51    i.log_type_str      main.o
    0x0800ad50   0x0800ad50   0x000000ec   Code   RO           52    i.lora_init_params  main.o
    0x0800ae3c   0x0800ae3c   0x00000114   Code   RO           53    i.lora_wait_ack     main.o
    0x0800af50   0x0800af50   0x0000024c   Code   RO           54    i.main              main.o
    0x0800b19c   0x0800b19c   0x0000001e   Code   RO         4905    i.my_strnlen        uplink_patch.o
    0x0800b1ba   0x0800b1ba   0x0000003e   Code   RO         4671    i.newLoRa           lora.o
    0x0800b1f8   0x0800b1f8   0x00000024   Code   RO         4813    i.next_rec_addr     flashlog.o
    0x0800b21c   0x0800b21c   0x00000008   Code   RO           55    i.now_ms            main.o
    0x0800b224   0x0800b224   0x00000032   Code   RO           56    i.pad20             main.o
    0x0800b256   0x0800b256   0x00000002   PAD
    0x0800b258   0x0800b258   0x00000068   Code   RO         4948    i.page_program      w25qxx.o
    0x0800b2c0   0x0800b2c0   0x00000070   Code   RO           57    i.rain_adc_to_wetpct  main.o
    0x0800b330   0x0800b330   0x0000001a   Code   RO         4814    i.read_meta         flashlog.o
    0x0800b34a   0x0800b34a   0x00000002   PAD
    0x0800b34c   0x0800b34c   0x000000c0   Code   RO           58    i.replay_task       main.o
    0x0800b40c   0x0800b40c   0x0000003c   Code   RO           59    i.rh_allows_watering  main.o
    0x0800b448   0x0800b448   0x00000084   Code   RO           61    i.rtc_epoch_utc     main.o
    0x0800b4cc   0x0800b4cc   0x000001e4   Code   RO           62    i.send_event        main.o
    0x0800b6b0   0x0800b6b0   0x000002ec   Code   RO           63    i.send_meas         main.o
    0x0800b99c   0x0800b99c   0x0000004c   Code   RO           64    i.sf_to_str         main.o
    0x0800b9e8   0x0800b9e8   0x0000007c   Code   RO           65    i.snapshot_meas     main.o
    0x0800ba64   0x0800ba64   0x00000068   Code   RO           66    i.snapshot_prev     main.o
    0x0800bacc   0x0800bacc   0x00000064   Code   RO           67    i.soil_adc_to_percent  main.o
    0x0800bb30   0x0800bb30   0x0000003c   Code   RO           68    i.tm_to_epoch_utc   main.o
    0x0800bb6c   0x0800bb6c   0x0000002c   Code   RO           69    i.tx_cooldown_wait  main.o
    0x0800bb98   0x0800bb98   0x00000034   Code   RO           70    i.txled_start       main.o
    0x0800bbcc   0x0800bbcc   0x00000080   Code   RO           71    i.txled_task        main.o
    0x0800bc4c   0x0800bc4c   0x000000b4   Code   RO           72    i.update_rain_adc_debounce  main.o
    0x0800bd00   0x0800bd00   0x0000007c   Code   RO           73    i.update_soil_and_dht  main.o
    0x0800bd7c   0x0800bd7c   0x00000026   Code   RO         4906    i.uplink_crc16_ccitt  uplink_patch.o
    0x0800bda2   0x0800bda2   0x00000002   PAD
    0x0800bda4   0x0800bda4   0x000000e8   Code   RO         4907    i.uplink_set_hist_and_fix_crc  uplink_patch.o
    0x0800be8c   0x0800be8c   0x0000002c   Code   RO         4815    i.used_bytes        flashlog.o
    0x0800beb8   0x0800beb8   0x0000004c   Code   RO         4533    i.wait_level        dht.o
    0x0800bf04   0x0800bf04   0x00000016   Code   RO         4816    i.write_meta        flashlog.o
    0x0800bf1a   0x0800bf1a   0x00000002   PAD
    0x0800bf1c   0x0800bf1c   0x0000002c   Code   RO         5229    locale$$code        c_w.l(lc_numeric_c.o)
    0x0800bf48   0x0800bf48   0x00000018   Code   RO         5231    x$fpl$dcmpinf       fz_ws.l(dcmpi.o)
    0x0800bf60   0x0800bf60   0x000002b0   Code   RO         5105    x$fpl$ddiv          fz_ws.l(ddiv.o)
    0x0800c210   0x0800c210   0x0000005e   Code   RO         5108    x$fpl$dfix          fz_ws.l(dfix.o)
    0x0800c26e   0x0800c26e   0x0000002e   Code   RO         5113    x$fpl$dflt          fz_ws.l(dflt_clz.o)
    0x0800c29c   0x0800c29c   0x00000078   Code   RO         5164    x$fpl$dleqf         fz_ws.l(dleqf.o)
    0x0800c314   0x0800c314   0x0000009c   Code   RO         5166    x$fpl$dnaninf       fz_ws.l(dnaninf.o)
    0x0800c3b0   0x0800c3b0   0x0000000c   Code   RO         5168    x$fpl$dretinf       fz_ws.l(dretinf.o)
    0x0800c3bc   0x0800c3bc   0x0000006c   Code   RO         5118    x$fpl$drleqf        fz_ws.l(drleqf.o)
    0x0800c428   0x0800c428   0x00000056   Code   RO         5120    x$fpl$f2d           fz_ws.l(f2d.o)
    0x0800c47e   0x0800c47e   0x00000002   PAD
    0x0800c480   0x0800c480   0x000000c4   Code   RO         5122    x$fpl$fadd          fz_ws.l(faddsub_clz.o)
    0x0800c544   0x0800c544   0x00000018   Code   RO         5170    x$fpl$fcmpinf       fz_ws.l(fcmpi.o)
    0x0800c55c   0x0800c55c   0x00000184   Code   RO         5129    x$fpl$fdiv          fz_ws.l(fdiv.o)
    0x0800c6e0   0x0800c6e0   0x00000068   Code   RO         5132    x$fpl$feqf          fz_ws.l(feqf.o)
    0x0800c748   0x0800c748   0x00000026   Code   RO         5134    x$fpl$ffltu         fz_ws.l(fflt_clz.o)
    0x0800c76e   0x0800c76e   0x00000002   PAD
    0x0800c770   0x0800c770   0x00000068   Code   RO         5140    x$fpl$fleqf         fz_ws.l(fleqf.o)
    0x0800c7d8   0x0800c7d8   0x00000102   Code   RO         5142    x$fpl$fmul          fz_ws.l(fmul.o)
    0x0800c8da   0x0800c8da   0x0000008c   Code   RO         5172    x$fpl$fnaninf       fz_ws.l(fnaninf.o)
    0x0800c966   0x0800c966   0x0000000a   Code   RO         5174    x$fpl$fretinf       fz_ws.l(fretinf.o)
    0x0800c970   0x0800c970   0x00000062   Code   RO         5144    x$fpl$frleqf        fz_ws.l(frleqf.o)
    0x0800c9d2   0x0800c9d2   0x00000014   Code   RO         5123    x$fpl$frsb          fz_ws.l(faddsub_clz.o)
    0x0800c9e6   0x0800c9e6   0x00000002   PAD
    0x0800c9e8   0x0800c9e8   0x000000ea   Code   RO         5124    x$fpl$fsub          fz_ws.l(faddsub_clz.o)
    0x0800cad2   0x0800cad2   0x00000004   Code   RO         5146    x$fpl$printf1       fz_ws.l(printf1.o)
    0x0800cad6   0x0800cad6   0x00000000   Code   RO         5176    x$fpl$usenofp       fz_ws.l(usenofp.o)
    0x0800cad6   0x0800cad6   0x00000002   PAD
    0x0800cad8   0x0800cad8   0x00000048   Data   RO           75    .constdata          main.o
    0x0800cb20   0x0800cb20   0x00000012   Data   RO         1922    .constdata          stm32f1xx_hal_rcc.o
    0x0800cb32   0x0800cb32   0x00000012   Data   RO         2018    .constdata          stm32f1xx_hal_rcc_ex.o
    0x0800cb44   0x0800cb44   0x00000018   Data   RO         4095    .constdata          system_stm32f1xx.o
    0x0800cb5c   0x0800cb5c   0x00000004   Data   RO         4588    .constdata          i2c-lcd.o
    0x0800cb60   0x0800cb60   0x00000050   Data   RO         4672    .constdata          lora.o
    0x0800cbb0   0x0800cbb0   0x00000028   Data   RO         5039    .constdata          c_w.l(_printf_hex_int.o)
    0x0800cbd8   0x0800cbd8   0x00000011   Data   RO         5074    .constdata          c_w.l(__printf_flags_ss_wp.o)
    0x0800cbe9   0x0800cbe9   0x00000003   PAD
    0x0800cbec   0x0800cbec   0x00000094   Data   RO         5204    .constdata          c_w.l(bigflt0.o)
    0x0800cc80   0x0800cc80   0x00000101   Data   RO           76    .conststring        main.o
    0x0800cd81   0x0800cd81   0x00000003   PAD
    0x0800cd84   0x0800cd84   0x00000020   Data   RO         5376    Region$$Table       anon$$obj.o
    0x0800cda4   0x0800cda4   0x0000001c   Data   RO         5228    locale$$data        c_w.l(lc_numeric_c.o)


    Execution Region RW_IRAM1 (Exec base: 0x20000000, Load base: 0x0800cdc0, Size: 0x00001f20, Max: 0x00005000, ABSOLUTE, COMPRESSED[0x000000e0])

    Exec Addr    Load Addr    Size         Type   Attr      Idx    E Section Name        Object

    0x20000000   COMPRESSED   0x00000088   Data   RW           77    .data               main.o
    0x20000088   COMPRESSED   0x0000004e   Data   RW          888    .data               usbd_desc.o
    0x200000d6   COMPRESSED   0x00000002   PAD
    0x200000d8   COMPRESSED   0x00000010   Data   RW          974    .data               usbd_cdc_if.o
    0x200000e8   COMPRESSED   0x00000009   Data   RW         1758    .data               stm32f1xx_hal.o
    0x200000f1   COMPRESSED   0x00000003   PAD
    0x200000f4   COMPRESSED   0x00000004   Data   RW         4096    .data               system_stm32f1xx.o
    0x200000f8   COMPRESSED   0x00000001   Data   RW         4282    .data               usbd_ctlreq.o
    0x200000f9   COMPRESSED   0x00000003   PAD
    0x200000fc   COMPRESSED   0x0000010f   Data   RW         4438    .data               usbd_cdc.o
    0x2000020b   COMPRESSED   0x00000001   PAD
    0x2000020c        -       0x0000034c   Zero   RW           74    .bss                main.o
    0x20000558        -       0x00000030   Zero   RW          564    .bss                adc.o
    0x20000588        -       0x000000a8   Zero   RW          607    .bss                i2c.o
    0x20000630        -       0x00000014   Zero   RW          654    .bss                rtc.o
    0x20000644        -       0x000000b0   Zero   RW          697    .bss                spi.o
    0x200006f4        -       0x000002c4   Zero   RW          848    .bss                usb_device.o
    0x200009b8        -       0x00000200   Zero   RW          887    .bss                usbd_desc.o
    0x20000bb8        -       0x00000800   Zero   RW          973    .bss                usbd_cdc_if.o
    0x200013b8        -       0x000004f8   Zero   RW         1052    .bss                usbd_conf.o
    0x200018b0        -       0x00000010   Zero   RW         4817    .bss                flashlog.o
    0x200018c0        -       0x00000060   Zero   RW         5238    .bss                c_w.l(libspace.o)
    0x20001920        -       0x00000200   Zero   RW            2    HEAP                startup_stm32f103xb.o
    0x20001b20        -       0x00000400   Zero   RW            1    STACK               startup_stm32f103xb.o


==============================================================================

Image component sizes


      Code (inc. data)   RO Data    RW Data    ZI Data      Debug   Object Name

       204         22          0          0         48       1537   adc.o
       546         42          0          0          0       4142   dht.o
       956         40          0          0         16       9343   flashlog.o
       344         18          0          0          0        987   gpio.o
       330         10          4          0          0       4354   i2c-lcd.o
       328         42          0          0        168       2062   i2c.o
      1728         10         80          0          0      14604   lora.o
      8462       1920        329        136        844     487639   main.o
       180         22          0          0         20       1467   rtc.o
       472         60          0          0        176       2618   spi.o
        64         26        236          0       1536        780   startup_stm32f103xb.o
       204         42          0          9          0       6124   stm32f1xx_hal.o
      1672         62          0          0          0       6811   stm32f1xx_hal_adc.o
       304         22          0          0          0      29207   stm32f1xx_hal_cortex.o
      1136         58          0          0          0       4097   stm32f1xx_hal_gpio.o
      3056         54          0          0          0      10994   stm32f1xx_hal_i2c.o
        84          8          0          0          0        834   stm32f1xx_hal_msp.o
      4484          0          0          0          0      14613   stm32f1xx_hal_pcd.o
        68          0          0          0          0       1118   stm32f1xx_hal_pcd_ex.o
        12          4          0          0          0        483   stm32f1xx_hal_pwr.o
      1748         98         18          0          0       5728   stm32f1xx_hal_rcc.o
       556         34         18          0          0       2281   stm32f1xx_hal_rcc_ex.o
      1762         16          0          0          0      12368   stm32f1xx_hal_rtc.o
        48         10          0          0          0       1687   stm32f1xx_hal_rtc_ex.o
      2072          6          0          0          0       8398   stm32f1xx_hal_spi.o
        50          6          0          0          0       4115   stm32f1xx_it.o
      5038          0          0          0          0      18439   stm32f1xx_ll_usb.o
         2          0         24          4          0       1031   system_stm32f1xx.o
       344         38          0          0          0       3147   uplink_patch.o
        76         16          0          0        708        700   usb_device.o
       964         24          0        271          0      12502   usbd_cdc.o
       192         22          0         16       2048       3284   usbd_cdc_if.o
       842         30          0          0       1272      14093   usbd_conf.o
       850          0          0          0          0       9479   usbd_core.o
      2106         28          0          1          0      10228   usbd_ctlreq.o
       382        118          0         78        512       6269   usbd_desc.o
       174          0          0          0          0       4324   usbd_ioreq.o
       808        100          0          0          0       6205   w25qxx.o

    ----------------------------------------------------------------------
     42700       3008        744        524       7348     728092   Object Totals
         0          0         32          0          0          0   (incl. Generated)
        52          0          3          9          0          0   (incl. Padding)

    ----------------------------------------------------------------------

      Code (inc. data)   RO Data    RW Data    ZI Data      Debug   Library Member Name

        56          6          0          0          0         88   __2snprintf.o
        90          0          0          0          0          0   __dczerorl2.o
         8          0          0          0          0         68   __main.o
       392          4         17          0          0         92   __printf_flags_ss_wp.o
        14          0          0          0          0         68   __printf_wp.o
         0          0          0          0          0          0   __rtentry.o
        12          0          0          0          0          0   __rtentry2.o
         6          0          0          0          0          0   __rtentry4.o
        52          8          0          0          0          0   __scatter.o
        28          0          0          0          0          0   __scatter_zi.o
        44          0          0          0          0        108   _printf_char.o
        48          6          0          0          0         96   _printf_char_common.o
         6          0          0          0          0          0   _printf_d.o
       120         16          0          0          0         92   _printf_dec.o
         6          0          0          0          0          0   _printf_f.o
      1054          0          0          0          0        216   _printf_fp_dec.o
       128         16          0          0          0         84   _printf_fp_infnan.o
        88          4         40          0          0         88   _printf_hex_int.o
       178          0          0          0          0         88   _printf_intcommon.o
        78          0          0          0          0        108   _printf_pad.o
         0          0          0          0          0          0   _printf_percent.o
         4          0          0          0          0          0   _printf_percent_end.o
         6          0          0          0          0          0   _printf_s.o
        82          0          0          0          0         80   _printf_str.o
         6          0          0          0          0          0   _printf_u.o
         6          0          0          0          0          0   _printf_x.o
        16          0          0          0          0         68   _snputc.o
        10          0          0          0          0         68   _sputc.o
       228          4        148          0          0         96   bigflt0.o
      1936        128          0          0          0        672   btod.o
        18          0          0          0          0         80   exit.o
         6          0          0          0          0        152   heapauxi.o
         0          0          0          0          0          0   indicate_semi.o
        44         10         28          0          0         76   lc_numeric_c.o
         2          0          0          0          0          0   libinit.o
        18          0          0          0          0          0   libinit2.o
         2          0          0          0          0          0   libshutdown.o
         2          0          0          0          0          0   libshutdown2.o
         8          4          0          0         96         68   libspace.o
       138          0          0          0          0         80   lludiv10.o
         8          4          0          0          0         68   rt_locale_intlibspace.o
        68          0          0          0          0         68   rt_memclr.o
        78          0          0          0          0         80   rt_memclr_w.o
       138          0          0          0          0         68   rt_memcpy_v6.o
       100          0          0          0          0         80   rt_memcpy_w.o
         2          0          0          0          0          0   rtexit.o
        10          0          0          0          0          0   rtexit2.o
        20          0          0          0          0         68   strchr.o
       128          0          0          0          0         68   strcmpv7m.o
        72          0          0          0          0         80   strcpy.o
        62          0          0          0          0         76   strlen.o
       150          0          0          0          0         80   strncmp.o
        86          0          0          0          0         76   strncpy.o
        36          0          0          0          0         80   strstr.o
        12          4          0          0          0         68   sys_exit.o
        74          0          0          0          0         80   sys_stackheap_outer.o
         2          0          0          0          0         68   use_no_semi.o
        24          0          0          0          0         68   dcmpi.o
       688        140          0          0          0        208   ddiv.o
        94          4          0          0          0         92   dfix.o
        46          0          0          0          0         68   dflt_clz.o
       120          4          0          0          0         92   dleqf.o
       156          4          0          0          0         92   dnaninf.o
        12          0          0          0          0         68   dretinf.o
       108          0          0          0          0         80   drleqf.o
        86          4          0          0          0         84   f2d.o
       450          8          0          0          0        236   faddsub_clz.o
        24          0          0          0          0         68   fcmpi.o
       388         76          0          0          0         96   fdiv.o
       104          4          0          0          0         84   feqf.o
        38          0          0          0          0         68   fflt_clz.o
       104          4          0          0          0         84   fleqf.o
       258          4          0          0          0         84   fmul.o
       140          4          0          0          0         84   fnaninf.o
        10          0          0          0          0         68   fretinf.o
        98          0          0          0          0         68   frleqf.o
         4          0          0          0          0         68   printf1.o
         0          0          0          0          0          0   usenofp.o
        40          0          0          0          0         68   fpclassify.o

    ----------------------------------------------------------------------
      8992        470        236          0         96       5672   Library Totals
        14          0          3          0          0          0   (incl. Padding)

    ----------------------------------------------------------------------

      Code (inc. data)   RO Data    RW Data    ZI Data      Debug   Library Name

      5986        214        233          0         96       3744   c_w.l
      2952        256          0          0          0       1860   fz_ws.l
        40          0          0          0          0         68   m_ws.l

    ----------------------------------------------------------------------
      8992        470        236          0         96       5672   Library Totals

    ----------------------------------------------------------------------

==============================================================================


      Code (inc. data)   RO Data    RW Data    ZI Data      Debug   

     51692       3478        980        524       7444     713168   Grand Totals
     51692       3478        980        224       7444     713168   ELF Image Totals (compressed)
     51692       3478        980        224          0          0   ROM Totals

==============================================================================

    Total RO  Size (Code + RO Data)                52672 (  51.44kB)
    Total RW  Size (RW Data + ZI Data)              7968 (   7.78kB)
    Total ROM Size (Code + RO Data + RW Data)      52896 (  51.66kB)

==============================================================================

